Archive member included to satisfy reference by file (symbol)

c:/st/stm32cubeide_1.0.2/stm32cubeide/plugins/com.st.stm32cube.ide.mcu.externaltools.gnu-tools-for-stm32.7-2018-q2-update.win32_1.0.0.201904181610/tools/bin/../lib/gcc/arm-none-eabi/7.3.1/../../../../arm-none-eabi/lib/thumb/v7e-m/fpv4-sp/hard\libstdc++_nano.a(pure.o)
                              Src/gameClasses.o (__cxa_pure_virtual)
c:/st/stm32cubeide_1.0.2/stm32cubeide/plugins/com.st.stm32cube.ide.mcu.externaltools.gnu-tools-for-stm32.7-2018-q2-update.win32_1.0.0.201904181610/tools/bin/../lib/gcc/arm-none-eabi/7.3.1/../../../../arm-none-eabi/lib/thumb/v7e-m/fpv4-sp/hard\libstdc++_nano.a(del_ops.o)
                              Src/gameClasses.o (operator delete(void*, unsigned int))
c:/st/stm32cubeide_1.0.2/stm32cubeide/plugins/com.st.stm32cube.ide.mcu.externaltools.gnu-tools-for-stm32.7-2018-q2-update.win32_1.0.0.201904181610/tools/bin/../lib/gcc/arm-none-eabi/7.3.1/../../../../arm-none-eabi/lib/thumb/v7e-m/fpv4-sp/hard\libstdc++_nano.a(new_op.o)
                              Src/gameClasses.o (operator new(unsigned int))
c:/st/stm32cubeide_1.0.2/stm32cubeide/plugins/com.st.stm32cube.ide.mcu.externaltools.gnu-tools-for-stm32.7-2018-q2-update.win32_1.0.0.201904181610/tools/bin/../lib/gcc/arm-none-eabi/7.3.1/../../../../arm-none-eabi/lib/thumb/v7e-m/fpv4-sp/hard\libstdc++_nano.a(new_handler.o)
                              c:/st/stm32cubeide_1.0.2/stm32cubeide/plugins/com.st.stm32cube.ide.mcu.externaltools.gnu-tools-for-stm32.7-2018-q2-update.win32_1.0.0.201904181610/tools/bin/../lib/gcc/arm-none-eabi/7.3.1/../../../../arm-none-eabi/lib/thumb/v7e-m/fpv4-sp/hard\libstdc++_nano.a(new_op.o) (std::get_new_handler())
c:/st/stm32cubeide_1.0.2/stm32cubeide/plugins/com.st.stm32cube.ide.mcu.externaltools.gnu-tools-for-stm32.7-2018-q2-update.win32_1.0.0.201904181610/tools/bin/../lib/gcc/arm-none-eabi/7.3.1/../../../../arm-none-eabi/lib/thumb/v7e-m/fpv4-sp/hard\libstdc++_nano.a(del_op.o)
                              Src/gameClasses.o (operator delete(void*))
c:/st/stm32cubeide_1.0.2/stm32cubeide/plugins/com.st.stm32cube.ide.mcu.externaltools.gnu-tools-for-stm32.7-2018-q2-update.win32_1.0.0.201904181610/tools/bin/../lib/gcc/arm-none-eabi/7.3.1/../../../../arm-none-eabi/lib/thumb/v7e-m/fpv4-sp/hard\libstdc++_nano.a(eh_terminate.o)
                              c:/st/stm32cubeide_1.0.2/stm32cubeide/plugins/com.st.stm32cube.ide.mcu.externaltools.gnu-tools-for-stm32.7-2018-q2-update.win32_1.0.0.201904181610/tools/bin/../lib/gcc/arm-none-eabi/7.3.1/../../../../arm-none-eabi/lib/thumb/v7e-m/fpv4-sp/hard\libstdc++_nano.a(pure.o) (std::terminate())
c:/st/stm32cubeide_1.0.2/stm32cubeide/plugins/com.st.stm32cube.ide.mcu.externaltools.gnu-tools-for-stm32.7-2018-q2-update.win32_1.0.0.201904181610/tools/bin/../lib/gcc/arm-none-eabi/7.3.1/../../../../arm-none-eabi/lib/thumb/v7e-m/fpv4-sp/hard\libstdc++_nano.a(functexcept.o)
                              Src/gameClasses.o (std::__throw_bad_alloc())
c:/st/stm32cubeide_1.0.2/stm32cubeide/plugins/com.st.stm32cube.ide.mcu.externaltools.gnu-tools-for-stm32.7-2018-q2-update.win32_1.0.0.201904181610/tools/bin/../lib/gcc/arm-none-eabi/7.3.1/../../../../arm-none-eabi/lib/thumb/v7e-m/fpv4-sp/hard\libstdc++_nano.a(eh_unex_handler.o)
                              c:/st/stm32cubeide_1.0.2/stm32cubeide/plugins/com.st.stm32cube.ide.mcu.externaltools.gnu-tools-for-stm32.7-2018-q2-update.win32_1.0.0.201904181610/tools/bin/../lib/gcc/arm-none-eabi/7.3.1/../../../../arm-none-eabi/lib/thumb/v7e-m/fpv4-sp/hard\libstdc++_nano.a(eh_terminate.o) (__cxxabiv1::__unexpected_handler)
c:/st/stm32cubeide_1.0.2/stm32cubeide/plugins/com.st.stm32cube.ide.mcu.externaltools.gnu-tools-for-stm32.7-2018-q2-update.win32_1.0.0.201904181610/tools/bin/../lib/gcc/arm-none-eabi/7.3.1/../../../../arm-none-eabi/lib/thumb/v7e-m/fpv4-sp/hard\libstdc++_nano.a(eh_term_handler.o)
                              c:/st/stm32cubeide_1.0.2/stm32cubeide/plugins/com.st.stm32cube.ide.mcu.externaltools.gnu-tools-for-stm32.7-2018-q2-update.win32_1.0.0.201904181610/tools/bin/../lib/gcc/arm-none-eabi/7.3.1/../../../../arm-none-eabi/lib/thumb/v7e-m/fpv4-sp/hard\libstdc++_nano.a(eh_terminate.o) (__cxxabiv1::__terminate_handler)
c:/st/stm32cubeide_1.0.2/stm32cubeide/plugins/com.st.stm32cube.ide.mcu.externaltools.gnu-tools-for-stm32.7-2018-q2-update.win32_1.0.0.201904181610/tools/bin/../lib/gcc/arm-none-eabi/7.3.1/../../../../arm-none-eabi/lib/thumb/v7e-m/fpv4-sp/hard\libstdc++_nano.a(snprintf_lite.o)
                              c:/st/stm32cubeide_1.0.2/stm32cubeide/plugins/com.st.stm32cube.ide.mcu.externaltools.gnu-tools-for-stm32.7-2018-q2-update.win32_1.0.0.201904181610/tools/bin/../lib/gcc/arm-none-eabi/7.3.1/../../../../arm-none-eabi/lib/thumb/v7e-m/fpv4-sp/hard\libstdc++_nano.a(functexcept.o) (__gnu_cxx::__snprintf_lite(char*, unsigned int, char const*, std::__va_list))
[...]
Memory Configuration

Name             Origin             Length             Attributes
CCMRAM           0x0000000010000000 0x0000000000010000 xrw
RAM              0x0000000020000000 0x0000000000020000 xrw
FLASH            0x0000000008000000 0x0000000000100000 xr
*default*        0x0000000000000000 0xffffffffffffffff

Linker script and memory map

LOAD c:/st/stm32cubeide_1.0.2/stm32cubeide/plugins/com.st.stm32cube.ide.mcu.externaltools.gnu-tools-for-stm32.7-2018-q2-update.win32_1.0.0.201904181610/tools/bin/../lib/gcc/arm-none-eabi/7.3.1/thumb/v7e-m/fpv4-sp/hard/crti.o
LOAD c:/st/stm32cubeide_1.0.2/stm32cubeide/plugins/com.st.stm32cube.ide.mcu.externaltools.gnu-tools-for-stm32.7-2018-q2-update.win32_1.0.0.201904181610/tools/bin/../lib/gcc/arm-none-eabi/7.3.1/thumb/v7e-m/fpv4-sp/hard/crtbegin.o
LOAD c:/st/stm32cubeide_1.0.2/stm32cubeide/plugins/com.st.stm32cube.ide.mcu.externaltools.gnu-tools-for-stm32.7-2018-q2-update.win32_1.0.0.201904181610/tools/bin/../lib/gcc/arm-none-eabi/7.3.1/../../../../arm-none-eabi/lib/thumb/v7e-m/fpv4-sp/hard/crt0.o
LOAD Drivers/STM32F4xx_HAL_Driver/Src/stm32f4xx_hal.o
LOAD Drivers/STM32F4xx_HAL_Driver/Src/stm32f4xx_hal_adc.o
LOAD Drivers/STM32F4xx_HAL_Driver/Src/stm32f4xx_hal_adc_ex.o
LOAD Drivers/STM32F4xx_HAL_Driver/Src/stm32f4xx_hal_cortex.o
LOAD Drivers/STM32F4xx_HAL_Driver/Src/stm32f4xx_hal_dma.o
LOAD Drivers/STM32F4xx_HAL_Driver/Src/stm32f4xx_hal_dma_ex.o
LOAD Drivers/STM32F4xx_HAL_Driver/Src/stm32f4xx_hal_exti.o
LOAD Drivers/STM32F4xx_HAL_Driver/Src/stm32f4xx_hal_flash.o
LOAD Drivers/STM32F4xx_HAL_Driver/Src/stm32f4xx_hal_flash_ex.o
LOAD Drivers/STM32F4xx_HAL_Driver/Src/stm32f4xx_hal_flash_ramfunc.o
LOAD Drivers/STM32F4xx_HAL_Driver/Src/stm32f4xx_hal_gpio.o
LOAD Drivers/STM32F4xx_HAL_Driver/Src/stm32f4xx_hal_pwr.o
LOAD Drivers/STM32F4xx_HAL_Driver/Src/stm32f4xx_hal_pwr_ex.o
LOAD Drivers/STM32F4xx_HAL_Driver/Src/stm32f4xx_hal_rcc.o
LOAD Drivers/STM32F4xx_HAL_Driver/Src/stm32f4xx_hal_rcc_ex.o
LOAD Drivers/STM32F4xx_HAL_Driver/Src/stm32f4xx_hal_spi.o
LOAD Drivers/STM32F4xx_HAL_Driver/Src/stm32f4xx_hal_tim.o
LOAD Drivers/STM32F4xx_HAL_Driver/Src/stm32f4xx_hal_tim_ex.o
LOAD Src/adc.o
LOAD Src/display.o
LOAD Src/gameClasses.o
LOAD Src/gpio.o
LOAD Src/joystick.o
LOAD Src/main.o
LOAD Src/screen.o
LOAD Src/spi.o
LOAD Src/stm32f4xx_hal_msp.o
LOAD Src/stm32f4xx_it.o
LOAD Src/syscalls.o
LOAD Src/sysmem.o
LOAD Src/system_stm32f4xx.o
LOAD Startup/startup_stm32f407vgtx.o
START GROUP
LOAD c:/st/stm32cubeide_1.0.2/stm32cubeide/plugins/com.st.stm32cube.ide.mcu.externaltools.gnu-tools-for-stm32.7-2018-q2-update.win32_1.0.0.201904181610/tools/bin/../lib/gcc/arm-none-eabi/7.3.1/../../../../arm-none-eabi/lib/thumb/v7e-m/fpv4-sp/hard\libstdc++_nano.a
LOAD c:/st/stm32cubeide_1.0.2/stm32cubeide/plugins/com.st.stm32cube.ide.mcu.externaltools.gnu-tools-for-stm32.7-2018-q2-update.win32_1.0.0.201904181610/tools/bin/../lib/gcc/arm-none-eabi/7.3.1/../../../../arm-none-eabi/lib/thumb/v7e-m/fpv4-sp/hard\libsupc++_nano.a
END GROUP
LOAD c:/st/stm32cubeide_1.0.2/stm32cubeide/plugins/com.st.stm32cube.ide.mcu.externaltools.gnu-tools-for-stm32.7-2018-q2-update.win32_1.0.0.201904181610/tools/bin/../lib/gcc/arm-none-eabi/7.3.1/../../../../arm-none-eabi/lib/thumb/v7e-m/fpv4-sp/hard\libstdc++_nano.a
LOAD c:/st/stm32cubeide_1.0.2/stm32cubeide/plugins/com.st.stm32cube.ide.mcu.externaltools.gnu-tools-for-stm32.7-2018-q2-update.win32_1.0.0.201904181610/tools/bin/../lib/gcc/arm-none-eabi/7.3.1/../../../../arm-none-eabi/lib/thumb/v7e-m/fpv4-sp/hard\libm.a
LOAD c:/st/stm32cubeide_1.0.2/stm32cubeide/plugins/com.st.stm32cube.ide.mcu.externaltools.gnu-tools-for-stm32.7-2018-q2-update.win32_1.0.0.201904181610/tools/bin/../lib/gcc/arm-none-eabi/7.3.1/../../../../arm-none-eabi/lib/thumb/v7e-m/fpv4-sp/hard\libc_nano.a
START GROUP
LOAD c:/st/stm32cubeide_1.0.2/stm32cubeide/plugins/com.st.stm32cube.ide.mcu.externaltools.gnu-tools-for-stm32.7-2018-q2-update.win32_1.0.0.201904181610/tools/bin/../lib/gcc/arm-none-eabi/7.3.1/thumb/v7e-m/fpv4-sp/hard\libgcc.a
LOAD c:/st/stm32cubeide_1.0.2/stm32cubeide/plugins/com.st.stm32cube.ide.mcu.externaltools.gnu-tools-for-stm32.7-2018-q2-update.win32_1.0.0.201904181610/tools/bin/../lib/gcc/arm-none-eabi/7.3.1/../../../../arm-none-eabi/lib/thumb/v7e-m/fpv4-sp/hard\libc_nano.a
END GROUP
START GROUP
LOAD c:/st/stm32cubeide_1.0.2/stm32cubeide/plugins/com.st.stm32cube.ide.mcu.externaltools.gnu-tools-for-stm32.7-2018-q2-update.win32_1.0.0.201904181610/tools/bin/../lib/gcc/arm-none-eabi/7.3.1/thumb/v7e-m/fpv4-sp/hard\libgcc.a
LOAD c:/st/stm32cubeide_1.0.2/stm32cubeide/plugins/com.st.stm32cube.ide.mcu.externaltools.gnu-tools-for-stm32.7-2018-q2-update.win32_1.0.0.201904181610/tools/bin/../lib/gcc/arm-none-eabi/7.3.1/../../../../arm-none-eabi/lib/thumb/v7e-m/fpv4-sp/hard\libc_nano.a
LOAD c:/st/stm32cubeide_1.0.2/stm32cubeide/plugins/com.st.stm32cube.ide.mcu.externaltools.gnu-tools-for-stm32.7-2018-q2-update.win32_1.0.0.201904181610/tools/bin/../lib/gcc/arm-none-eabi/7.3.1/../../../../arm-none-eabi/lib/thumb/v7e-m/fpv4-sp/hard\libnosys.a
END GROUP
START GROUP
LOAD c:/st/stm32cubeide_1.0.2/stm32cubeide/plugins/com.st.stm32cube.ide.mcu.externaltools.gnu-tools-for-stm32.7-2018-q2-update.win32_1.0.0.201904181610/tools/bin/../lib/gcc/arm-none-eabi/7.3.1/thumb/v7e-m/fpv4-sp/hard\libgcc.a
LOAD c:/st/stm32cubeide_1.0.2/stm32cubeide/plugins/com.st.stm32cube.ide.mcu.externaltools.gnu-tools-for-stm32.7-2018-q2-update.win32_1.0.0.201904181610/tools/bin/../lib/gcc/arm-none-eabi/7.3.1/../../../../arm-none-eabi/lib/thumb/v7e-m/fpv4-sp/hard\libc_nano.a
LOAD c:/st/stm32cubeide_1.0.2/stm32cubeide/plugins/com.st.stm32cube.ide.mcu.externaltools.gnu-tools-for-stm32.7-2018-q2-update.win32_1.0.0.201904181610/tools/bin/../lib/gcc/arm-none-eabi/7.3.1/../../../../arm-none-eabi/lib/thumb/v7e-m/fpv4-sp/hard\libnosys.a
END GROUP
LOAD c:/st/stm32cubeide_1.0.2/stm32cubeide/plugins/com.st.stm32cube.ide.mcu.externaltools.gnu-tools-for-stm32.7-2018-q2-update.win32_1.0.0.201904181610/tools/bin/../lib/gcc/arm-none-eabi/7.3.1/thumb/v7e-m/fpv4-sp/hard/crtend.o
LOAD c:/st/stm32cubeide_1.0.2/stm32cubeide/plugins/com.st.stm32cube.ide.mcu.externaltools.gnu-tools-for-stm32.7-2018-q2-update.win32_1.0.0.201904181610/tools/bin/../lib/gcc/arm-none-eabi/7.3.1/thumb/v7e-m/fpv4-sp/hard/crtn.o
                0x0000000020020000                _estack = 0x20020000
                0x0000000000000200                _Min_Heap_Size = 0x200
                0x0000000000000400                _Min_Stack_Size = 0x400

.isr_vector     0x0000000008000000      0x188
                0x0000000008000000                . = ALIGN (0x4)
 *(.isr_vector)
 .isr_vector    0x0000000008000000      0x188 Startup/startup_stm32f407vgtx.o
                0x0000000008000000                g_pfnVectors
                0x0000000008000188                . = ALIGN (0x4)

.text           0x0000000008000188     0x38c0
                0x0000000008000188                . = ALIGN (0x4)
 *(.text)
 .text          0x0000000008000188       0x40 c:/st/stm32cubeide_1.0.2/stm32cubeide/plugins/com.st.stm32cube.ide.mcu.externaltools.gnu-tools-for-stm32.7-2018-q2-update.win32_1.0.0.201904181610/tools/bin/../lib/gcc/arm-none-eabi/7.3.1/thumb/v7e-m/fpv4-sp/hard/crtbegin.o
 .text          0x00000000080001c8       0x30 c:/st/stm32cubeide_1.0.2/stm32cubeide/plugins/com.st.stm32cube.ide.mcu.externaltools.gnu-tools-for-stm32.7-2018-q2-update.win32_1.0.0.201904181610/tools/bin/../lib/gcc/arm-none-eabi/7.3.1/thumb/v7e-m/fpv4-sp/hard\libgcc.a(_aeabi_uldivmod.o)
                0x00000000080001c8                __aeabi_uldivmod
 .text          0x00000000080001f8      0x2cc c:/st/stm32cubeide_1.0.2/stm32cubeide/plugins/com.st.stm32cube.ide.mcu.externaltools.gnu-tools-for-stm32.7-2018-q2-update.win32_1.0.0.201904181610/tools/bin/../lib/gcc/arm-none-eabi/7.3.1/thumb/v7e-m/fpv4-sp/hard\libgcc.a(_udivmoddi4.o)
                0x00000000080001f8                __udivmoddi4
 .text          0x00000000080004c4        0x4 c:/st/stm32cubeide_1.0.2/stm32cubeide/plugins/com.st.stm32cube.ide.mcu.externaltools.gnu-tools-for-stm32.7-2018-q2-update.win32_1.0.0.201904181610/tools/bin/../lib/gcc/arm-none-eabi/7.3.1/thumb/v7e-m/fpv4-sp/hard\libgcc.a(_dvmd_tls.o)
                0x00000000080004c4                __aeabi_idiv0
                0x00000000080004c4                __aeabi_ldiv0
 *(.text*)
 .text.HAL_Init
                0x00000000080004c8       0x44 Drivers/STM32F4xx_HAL_Driver/Src/stm32f4xx_hal.o
                0x00000000080004c8                HAL_Init
 .text.HAL_InitTick
                0x000000000800050c       0x60 Drivers/STM32F4xx_HAL_Driver/Src/stm32f4xx_hal.o
                0x000000000800050c                HAL_InitTick
 .text.HAL_IncTick
                0x000000000800056c       0x28 Drivers/STM32F4xx_HAL_Driver/Src/stm32f4xx_hal.o
                0x000000000800056c                HAL_IncTick
 .text.HAL_GetTick
                0x0000000008000594       0x18 Drivers/STM32F4xx_HAL_Driver/Src/stm32f4xx_hal.o
                0x0000000008000594                HAL_GetTick
 .text.HAL_Delay
                0x00000000080005ac       0x44 Drivers/STM32F4xx_HAL_Driver/Src/stm32f4xx_hal.o
                0x00000000080005ac                HAL_Delay
 .text.HAL_ADC_Init
                0x00000000080005f0       0x86 Drivers/STM32F4xx_HAL_Driver/Src/stm32f4xx_hal_adc.o
                0x00000000080005f0                HAL_ADC_Init
 *fill*         0x0000000008000676        0x2 
 .text.HAL_ADC_Start
                0x0000000008000678      0x18c Drivers/STM32F4xx_HAL_Driver/Src/stm32f4xx_hal_adc.o
                0x0000000008000678                HAL_ADC_Start
 .text.HAL_ADC_PollForConversion
                0x0000000008000804      0x108 Drivers/STM32F4xx_HAL_Driver/Src/stm32f4xx_hal_adc.o
                0x0000000008000804                HAL_ADC_PollForConversion
 .text.HAL_ADC_GetValue
                0x000000000800090c       0x1a Drivers/STM32F4xx_HAL_Driver/Src/stm32f4xx_hal_adc.o
                0x000000000800090c                HAL_ADC_GetValue
 *fill*         0x0000000008000926        0x2 
 .text.HAL_ADC_ConfigChannel
                0x0000000008000928      0x244 Drivers/STM32F4xx_HAL_Driver/Src/stm32f4xx_hal_adc.o
                0x0000000008000928                HAL_ADC_ConfigChannel
 .text.ADC_Init
                0x0000000008000b6c      0x1f8 Drivers/STM32F4xx_HAL_Driver/Src/stm32f4xx_hal_adc.o
 .text.__NVIC_SetPriorityGrouping
                0x0000000008000d64       0x48 Drivers/STM32F4xx_HAL_Driver/Src/stm32f4xx_hal_cortex.o
 .text.__NVIC_GetPriorityGrouping
                0x0000000008000dac       0x1c Drivers/STM32F4xx_HAL_Driver/Src/stm32f4xx_hal_cortex.o
 .text.__NVIC_SetPriority
                0x0000000008000dc8       0x54 Drivers/STM32F4xx_HAL_Driver/Src/stm32f4xx_hal_cortex.o
 .text.NVIC_EncodePriority
                0x0000000008000e1c       0x66 Drivers/STM32F4xx_HAL_Driver/Src/stm32f4xx_hal_cortex.o
 *fill*         0x0000000008000e82        0x2 
 .text.SysTick_Config
                0x0000000008000e84       0x44 Drivers/STM32F4xx_HAL_Driver/Src/stm32f4xx_hal_cortex.o
 .text.HAL_NVIC_SetPriorityGrouping
                0x0000000008000ec8       0x16 Drivers/STM32F4xx_HAL_Driver/Src/stm32f4xx_hal_cortex.o
                0x0000000008000ec8                HAL_NVIC_SetPriorityGrouping
 .text.HAL_NVIC_SetPriority
                0x0000000008000ede       0x38 Drivers/STM32F4xx_HAL_Driver/Src/stm32f4xx_hal_cortex.o
                0x0000000008000ede                HAL_NVIC_SetPriority
 .text.HAL_SYSTICK_Config
                0x0000000008000f16       0x18 Drivers/STM32F4xx_HAL_Driver/Src/stm32f4xx_hal_cortex.o
                0x0000000008000f16                HAL_SYSTICK_Config
 *fill*         0x0000000008000f2e        0x2 
 .text.HAL_GPIO_Init
                0x0000000008000f30      0x334 Drivers/STM32F4xx_HAL_Driver/Src/stm32f4xx_hal_gpio.o
                0x0000000008000f30                HAL_GPIO_Init
 .text.HAL_GPIO_WritePin
                0x0000000008001264       0x32 Drivers/STM32F4xx_HAL_Driver/Src/stm32f4xx_hal_gpio.o
                0x0000000008001264                HAL_GPIO_WritePin
 *fill*         0x0000000008001296        0x2 
 .text.HAL_RCC_OscConfig
                0x0000000008001298      0x4e0 Drivers/STM32F4xx_HAL_Driver/Src/stm32f4xx_hal_rcc.o
                0x0000000008001298                HAL_RCC_OscConfig
 .text.HAL_RCC_ClockConfig
                0x0000000008001778      0x1cc Drivers/STM32F4xx_HAL_Driver/Src/stm32f4xx_hal_rcc.o
                0x0000000008001778                HAL_RCC_ClockConfig
 .text.HAL_RCC_GetSysClockFreq
                0x0000000008001944      0x1b0 Drivers/STM32F4xx_HAL_Driver/Src/stm32f4xx_hal_rcc.o
                0x0000000008001944                HAL_RCC_GetSysClockFreq
 .text.HAL_SPI_Init
                0x0000000008001af4       0xc8 Drivers/STM32F4xx_HAL_Driver/Src/stm32f4xx_hal_spi.o
                0x0000000008001af4                HAL_SPI_Init
 .text.HAL_SPI_Transmit
                0x0000000008001bbc      0x268 Drivers/STM32F4xx_HAL_Driver/Src/stm32f4xx_hal_spi.o
                0x0000000008001bbc                HAL_SPI_Transmit
 .text.SPI_WaitFlagStateUntilTimeout
                0x0000000008001e24       0xd4 Drivers/STM32F4xx_HAL_Driver/Src/stm32f4xx_hal_spi.o
 .text.SPI_EndRxTxTransaction
                0x0000000008001ef8       0x84 Drivers/STM32F4xx_HAL_Driver/Src/stm32f4xx_hal_spi.o
 .text.MX_ADC1_Init
                0x0000000008001f7c       0x74 Src/adc.o
                0x0000000008001f7c                MX_ADC1_Init
 .text.MX_ADC2_Init
                0x0000000008001ff0       0xa4 Src/adc.o
                0x0000000008001ff0                MX_ADC2_Init
 .text.HAL_ADC_MspInit
                0x0000000008002094       0xe8 Src/adc.o
                0x0000000008002094                HAL_ADC_MspInit
 .text._ZN6EntityC2Ev
                0x000000000800217c       0x28 Src/gameClasses.o
                0x000000000800217c                Entity::Entity()
                0x000000000800217c                Entity::Entity()
 .text._ZN6EntityD2Ev
                0x00000000080021a4       0x28 Src/gameClasses.o
                0x00000000080021a4                Entity::~Entity()
                0x00000000080021a4                Entity::~Entity()
 .text._ZN6EntityD0Ev
                0x00000000080021cc       0x20 Src/gameClasses.o
                0x00000000080021cc                Entity::~Entity()
 .text._ZN6PlayerD2Ev
                0x00000000080021ec       0x24 Src/gameClasses.o
                0x00000000080021ec                Player::~Player()
                0x00000000080021ec                Player::~Player()
 .text._ZN6PlayerD0Ev
                0x0000000008002210       0x20 Src/gameClasses.o
                0x0000000008002210                Player::~Player()
 .text._ZN6Entity4setXEh
                0x0000000008002230       0x1e Src/gameClasses.o
                0x0000000008002230                Entity::setX(unsigned char)
 .text._ZN6Entity4setYEh
                0x000000000800224e       0x1e Src/gameClasses.o
                0x000000000800224e                Entity::setY(unsigned char)
 .text._ZN6PlayerC2Ev
                0x000000000800226c       0x68 Src/gameClasses.o
                0x000000000800226c                Player::Player()
                0x000000000800226c                Player::Player()
 .text._ZN6Player4shotEv
                0x00000000080022d4       0x14 Src/gameClasses.o
                0x00000000080022d4                Player::shot()
 .text._ZN6Player8movementEv
                0x00000000080022e8       0x14 Src/gameClasses.o
                0x00000000080022e8                Player::movement()
 .text._ZNSt6vectorIhSaIhEEC2Ev
                0x00000000080022fc       0x1a Src/gameClasses.o
                0x00000000080022fc                std::vector<unsigned char, std::allocator<unsigned char> >::vector()
                0x00000000080022fc                std::vector<unsigned char, std::allocator<unsigned char> >::vector()
 .text._ZNSt6vectorIhSaIhEED2Ev
                0x0000000008002316       0x36 Src/gameClasses.o
                0x0000000008002316                std::vector<unsigned char, std::allocator<unsigned char> >::~vector()
                0x0000000008002316                std::vector<unsigned char, std::allocator<unsigned char> >::~vector()
 .text._ZNKSt16initializer_listIhE5beginEv
                0x000000000800234c       0x18 Src/gameClasses.o
                0x000000000800234c                std::initializer_list<unsigned char>::begin() const
 .text._ZNKSt16initializer_listIhE3endEv
                0x0000000008002364       0x22 Src/gameClasses.o
                0x0000000008002364                std::initializer_list<unsigned char>::end() const
 .text._ZNSt6vectorIhSaIhEEaSESt16initializer_listIhE
                0x0000000008002386       0x36 Src/gameClasses.o
                0x0000000008002386                std::vector<unsigned char, std::allocator<unsigned char> >::operator=(std::initializer_list<unsigned char>)
 .text._ZNSt12_Vector_baseIhSaIhEE12_Vector_implD2Ev
                0x00000000080023bc       0x18 Src/gameClasses.o
                0x00000000080023bc                std::_Vector_base<unsigned char, std::allocator<unsigned char> >::_Vector_impl::~_Vector_impl()
                0x00000000080023bc                std::_Vector_base<unsigned char, std::allocator<unsigned char> >::_Vector_impl::~_Vector_impl()
 .text._ZNSt12_Vector_baseIhSaIhEEC2Ev
                0x00000000080023d4       0x1a Src/gameClasses.o
                0x00000000080023d4                std::_Vector_base<unsigned char, std::allocator<unsigned char> >::_Vector_base()
                0x00000000080023d4                std::_Vector_base<unsigned char, std::allocator<unsigned char> >::_Vector_base()
 .text._ZNSt12_Vector_baseIhSaIhEED2Ev
                0x00000000080023ee       0x32 Src/gameClasses.o
                0x00000000080023ee                std::_Vector_base<unsigned char, std::allocator<unsigned char> >::~_Vector_base()
                0x00000000080023ee                std::_Vector_base<unsigned char, std::allocator<unsigned char> >::~_Vector_base()
 .text._ZNSt12_Vector_baseIhSaIhEE19_M_get_Tp_allocatorEv
                0x0000000008002420       0x16 Src/gameClasses.o
                0x0000000008002420                std::_Vector_base<unsigned char, std::allocator<unsigned char> >::_M_get_Tp_allocator()
 .text._ZSt8_DestroyIPhhEvT_S1_RSaIT0_E
                0x0000000008002436       0x1c Src/gameClasses.o
                0x0000000008002436                void std::_Destroy<unsigned char*, unsigned char>(unsigned char*, unsigned char*, std::allocator<unsigned char>&)
 .text._ZNKSt16initializer_listIhE4sizeEv
                0x0000000008002452       0x18 Src/gameClasses.o
                0x0000000008002452                std::initializer_list<unsigned char>::size() const
 .text._ZNSt6vectorIhSaIhEE13_M_assign_auxIPKhEEvT_S5_St20forward_iterator_tag
                0x000000000800246a      0x110 Src/gameClasses.o
                0x000000000800246a                void std::vector<unsigned char, std::allocator<unsigned char> >::_M_assign_aux<unsigned char const*>(unsigned char const*, unsigned char const*, std::forward_iterator_tag)
 .text._ZNKSt12_Vector_baseIhSaIhEE19_M_get_Tp_allocatorEv
                0x000000000800257a       0x16 Src/gameClasses.o
                0x000000000800257a                std::_Vector_base<unsigned char, std::allocator<unsigned char> >::_M_get_Tp_allocator() const
 .text._ZNSt12_Vector_baseIhSaIhEE13_M_deallocateEPhj
                0x0000000008002590       0x26 Src/gameClasses.o
                0x0000000008002590                std::_Vector_base<unsigned char, std::allocator<unsigned char> >::_M_deallocate(unsigned char*, unsigned int)
 .text._ZNKSt6vectorIhSaIhEE4sizeEv
                0x00000000080025b6       0x20 Src/gameClasses.o
                0x00000000080025b6                std::vector<unsigned char, std::allocator<unsigned char> >::size() const
 .text._ZNKSt6vectorIhSaIhEE8capacityEv
                0x00000000080025d6       0x20 Src/gameClasses.o
                0x00000000080025d6                std::vector<unsigned char, std::allocator<unsigned char> >::capacity() const
 .text._ZNKSt6vectorIhSaIhEE5beginEv
                0x00000000080025f6       0x28 Src/gameClasses.o
                0x00000000080025f6                std::vector<unsigned char, std::allocator<unsigned char> >::begin() const
 .text._ZNKSt6vectorIhSaIhEE3endEv
                0x000000000800261e       0x28 Src/gameClasses.o
                0x000000000800261e                std::vector<unsigned char, std::allocator<unsigned char> >::end() const
 .text._ZNSt12_Vector_baseIhSaIhEE12_Vector_implC2Ev
                0x0000000008002646       0x2a Src/gameClasses.o
                0x0000000008002646                std::_Vector_base<unsigned char, std::allocator<unsigned char> >::_Vector_impl::_Vector_impl()
                0x0000000008002646                std::_Vector_base<unsigned char, std::allocator<unsigned char> >::_Vector_impl::_Vector_impl()
 .text._ZNSaIhED2Ev
                0x0000000008002670       0x18 Src/gameClasses.o
                0x0000000008002670                std::allocator<unsigned char>::~allocator()
                0x0000000008002670                std::allocator<unsigned char>::~allocator()
 .text._ZSt8_DestroyIPhEvT_S1_
                0x0000000008002688       0x1a Src/gameClasses.o
                0x0000000008002688                void std::_Destroy<unsigned char*>(unsigned char*, unsigned char*)
 .text._ZSt19__iterator_categoryIPKhENSt15iterator_traitsIT_E17iterator_categoryERKS3_
                0x00000000080026a2       0x14 Src/gameClasses.o
                0x00000000080026a2                std::iterator_traits<unsigned char const*>::iterator_category std::__iterator_category<unsigned char const*>(unsigned char const* const&)
 .text._ZSt8distanceIPKhENSt15iterator_traitsIT_E15difference_typeES3_S3_
                0x00000000080026b6       0x28 Src/gameClasses.o
                0x00000000080026b6                std::iterator_traits<unsigned char const*>::difference_type std::distance<unsigned char const*>(unsigned char const*, unsigned char const*)
 .text._ZNSt6vectorIhSaIhEE20_M_allocate_and_copyIPKhEEPhjT_S6_
                0x00000000080026de       0x38 Src/gameClasses.o
                0x00000000080026de                unsigned char* std::vector<unsigned char, std::allocator<unsigned char> >::_M_allocate_and_copy<unsigned char const*>(unsigned int, unsigned char const*, unsigned char const*)
 .text._ZNSt6vectorIhSaIhEE15_M_erase_at_endEPh
                0x0000000008002716       0x30 Src/gameClasses.o
                0x0000000008002716                std::vector<unsigned char, std::allocator<unsigned char> >::_M_erase_at_end(unsigned char*)
 .text._ZSt4copyIPKhPhET0_T_S4_S3_
                0x0000000008002746       0x30 Src/gameClasses.o
                0x0000000008002746                unsigned char* std::copy<unsigned char const*, unsigned char*>(unsigned char const*, unsigned char const*, unsigned char*)
 .text._ZSt7advanceIPKhjEvRT_T0_
                0x0000000008002776       0x26 Src/gameClasses.o
                0x0000000008002776                void std::advance<unsigned char const*, unsigned int>(unsigned char const*&, unsigned int)
 .text._ZSt22__uninitialized_copy_aIPKhPhhET0_T_S4_S3_RSaIT1_E
                0x000000000800279c       0x22 Src/gameClasses.o
                0x000000000800279c                unsigned char* std::__uninitialized_copy_a<unsigned char const*, unsigned char*, unsigned char>(unsigned char const*, unsigned char const*, unsigned char*, std::allocator<unsigned char>&)
 .text._ZNSt16allocator_traitsISaIhEE10deallocateERS0_Phj
                0x00000000080027be       0x1e Src/gameClasses.o
                0x00000000080027be                std::allocator_traits<std::allocator<unsigned char> >::deallocate(std::allocator<unsigned char>&, unsigned char*, unsigned int)
 .text._ZN9__gnu_cxx17__normal_iteratorIPKhSt6vectorIhSaIhEEEC2ERKS2_
                0x00000000080027dc       0x20 Src/gameClasses.o
                0x00000000080027dc                __gnu_cxx::__normal_iterator<unsigned char const*, std::vector<unsigned char, std::allocator<unsigned char> > >::__normal_iterator(unsigned char const* const&)
                0x00000000080027dc                __gnu_cxx::__normal_iterator<unsigned char const*, std::vector<unsigned char, std::allocator<unsigned char> > >::__normal_iterator(unsigned char const* const&)
 .text._ZNSt12_Vector_baseIhSaIhEE11_M_allocateEj
                0x00000000080027fc       0x28 Src/gameClasses.o
                0x00000000080027fc                std::_Vector_base<unsigned char, std::allocator<unsigned char> >::_M_allocate(unsigned int)
 .text._ZSt22__uninitialized_copy_aIN9__gnu_cxx17__normal_iteratorIPKhSt6vectorIhSaIhEEEEPhhET0_T_SA_S9_RSaIT1_E
                0x0000000008002824       0x22 Src/gameClasses.o
                0x0000000008002824                unsigned char* std::__uninitialized_copy_a<__gnu_cxx::__normal_iterator<unsigned char const*, std::vector<unsigned char, std::allocator<unsigned char> > >, unsigned char*, unsigned char>(__gnu_cxx::__normal_iterator<unsigned char const*, std::vector<unsigned char, std::allocator<unsigned char> > >, __gnu_cxx::__normal_iterator<unsigned char const*, std::vector<unsigned char, std::allocator<unsigned char> > >, unsigned char*, std::allocator<unsigned char>&)
 .text._ZSt12__miter_baseIN9__gnu_cxx17__normal_iteratorIPKhSt6vectorIhSaIhEEEEET_S8_
                0x0000000008002846       0x16 Src/gameClasses.o
                0x0000000008002846                __gnu_cxx::__normal_iterator<unsigned char const*, std::vector<unsigned char, std::allocator<unsigned char> > > std::__miter_base<__gnu_cxx::__normal_iterator<unsigned char const*, std::vector<unsigned char, std::allocator<unsigned char> > > >(__gnu_cxx::__normal_iterator<unsigned char const*, std::vector<unsigned char, std::allocator<unsigned char> > >)
 .text._ZNSaIhEC2Ev
                0x000000000800285c       0x18 Src/gameClasses.o
                0x000000000800285c                std::allocator<unsigned char>::allocator()
                0x000000000800285c                std::allocator<unsigned char>::allocator()
 .text._ZN9__gnu_cxx13new_allocatorIhED2Ev
                0x0000000008002874       0x16 Src/gameClasses.o
                0x0000000008002874                __gnu_cxx::new_allocator<unsigned char>::~new_allocator()
                0x0000000008002874                __gnu_cxx::new_allocator<unsigned char>::~new_allocator()
 .text._ZNSt12_Destroy_auxILb1EE9__destroyIPhEEvT_S3_
                0x000000000800288a       0x16 Src/gameClasses.o
                0x000000000800288a                void std::_Destroy_aux<true>::__destroy<unsigned char*>(unsigned char*, unsigned char*)
 .text._ZSt10__distanceIPKhENSt15iterator_traitsIT_E15difference_typeES3_S3_St26random_access_iterator_tag
                0x00000000080028a0       0x1e Src/gameClasses.o
                0x00000000080028a0                std::iterator_traits<unsigned char const*>::difference_type std::__distance<unsigned char const*>(unsigned char const*, unsigned char const*, std::random_access_iterator_tag)
 .text._ZSt12__miter_baseIPKhET_S2_
                0x00000000080028be       0x16 Src/gameClasses.o
                0x00000000080028be                unsigned char const* std::__miter_base<unsigned char const*>(unsigned char const*)
 .text._ZSt14__copy_move_a2ILb0EPKhPhET1_T0_S4_S3_
                0x00000000080028d4       0x38 Src/gameClasses.o
                0x00000000080028d4                unsigned char* std::__copy_move_a2<false, unsigned char const*, unsigned char*>(unsigned char const*, unsigned char const*, unsigned char*)
 .text._ZSt9__advanceIPKhiEvRT_T0_St26random_access_iterator_tag
                0x000000000800290c       0x24 Src/gameClasses.o
                0x000000000800290c                void std::__advance<unsigned char const*, int>(unsigned char const*&, int, std::random_access_iterator_tag)
 .text._ZSt18uninitialized_copyIPKhPhET0_T_S4_S3_
                0x0000000008002930       0x24 Src/gameClasses.o
                0x0000000008002930                unsigned char* std::uninitialized_copy<unsigned char const*, unsigned char*>(unsigned char const*, unsigned char const*, unsigned char*)
 .text._ZN9__gnu_cxx13new_allocatorIhE10deallocateEPhj
                0x0000000008002954       0x1a Src/gameClasses.o
                0x0000000008002954                __gnu_cxx::new_allocator<unsigned char>::deallocate(unsigned char*, unsigned int)
 .text._ZNSt16allocator_traitsISaIhEE8allocateERS0_j
                0x000000000800296e       0x1e Src/gameClasses.o
                0x000000000800296e                std::allocator_traits<std::allocator<unsigned char> >::allocate(std::allocator<unsigned char>&, unsigned int)
 .text._ZSt18uninitialized_copyIN9__gnu_cxx17__normal_iteratorIPKhSt6vectorIhSaIhEEEEPhET0_T_SA_S9_
                0x000000000800298c       0x24 Src/gameClasses.o
                0x000000000800298c                unsigned char* std::uninitialized_copy<__gnu_cxx::__normal_iterator<unsigned char const*, std::vector<unsigned char, std::allocator<unsigned char> > >, unsigned char*>(__gnu_cxx::__normal_iterator<unsigned char const*, std::vector<unsigned char, std::allocator<unsigned char> > >, __gnu_cxx::__normal_iterator<unsigned char const*, std::vector<unsigned char, std::allocator<unsigned char> > >, unsigned char*)
 .text._ZSt12__niter_baseIPKhSt6vectorIhSaIhEEET_N9__gnu_cxx17__normal_iteratorIS5_T0_EE
                0x00000000080029b0       0x1c Src/gameClasses.o
                0x00000000080029b0                unsigned char const* std::__niter_base<unsigned char const*, std::vector<unsigned char, std::allocator<unsigned char> > >(__gnu_cxx::__normal_iterator<unsigned char const*, std::vector<unsigned char, std::allocator<unsigned char> > >)
 .text._ZSt13__copy_move_aILb0EPKhPhET1_T0_S4_S3_
                0x00000000080029cc       0x24 Src/gameClasses.o
                0x00000000080029cc                unsigned char* std::__copy_move_a<false, unsigned char const*, unsigned char*>(unsigned char const*, unsigned char const*, unsigned char*)
 .text._ZSt12__niter_baseIPhET_S1_
                0x00000000080029f0       0x16 Src/gameClasses.o
                0x00000000080029f0                unsigned char* std::__niter_base<unsigned char*>(unsigned char*)
 .text._ZN9__gnu_cxx13new_allocatorIhEC2Ev
                0x0000000008002a06       0x16 Src/gameClasses.o
                0x0000000008002a06                __gnu_cxx::new_allocator<unsigned char>::new_allocator()
                0x0000000008002a06                __gnu_cxx::new_allocator<unsigned char>::new_allocator()
 .text._ZSt12__niter_baseIPKhET_S2_
                0x0000000008002a1c       0x16 Src/gameClasses.o
                0x0000000008002a1c                unsigned char const* std::__niter_base<unsigned char const*>(unsigned char const*)
 .text._ZNSt20__uninitialized_copyILb1EE13__uninit_copyIPKhPhEET0_T_S6_S5_
                0x0000000008002a32       0x20 Src/gameClasses.o
                0x0000000008002a32                unsigned char* std::__uninitialized_copy<true>::__uninit_copy<unsigned char const*, unsigned char*>(unsigned char const*, unsigned char const*, unsigned char*)
 .text._ZN9__gnu_cxx13new_allocatorIhE8allocateEjPKv
                0x0000000008002a52       0x38 Src/gameClasses.o
                0x0000000008002a52                __gnu_cxx::new_allocator<unsigned char>::allocate(unsigned int, void const*)
 .text._ZNSt20__uninitialized_copyILb1EE13__uninit_copyIN9__gnu_cxx17__normal_iteratorIPKhSt6vectorIhSaIhEEEEPhEET0_T_SC_SB_
                0x0000000008002a8a       0x20 Src/gameClasses.o
                0x0000000008002a8a                unsigned char* std::__uninitialized_copy<true>::__uninit_copy<__gnu_cxx::__normal_iterator<unsigned char const*, std::vector<unsigned char, std::allocator<unsigned char> > >, unsigned char*>(__gnu_cxx::__normal_iterator<unsigned char const*, std::vector<unsigned char, std::allocator<unsigned char> > >, __gnu_cxx::__normal_iterator<unsigned char const*, std::vector<unsigned char, std::allocator<unsigned char> > >, unsigned char*)
 .text._ZNK9__gnu_cxx17__normal_iteratorIPKhSt6vectorIhSaIhEEE4baseEv
                0x0000000008002aaa       0x16 Src/gameClasses.o
                0x0000000008002aaa                __gnu_cxx::__normal_iterator<unsigned char const*, std::vector<unsigned char, std::allocator<unsigned char> > >::base() const
 .text._ZNSt11__copy_moveILb0ELb1ESt26random_access_iterator_tagE8__copy_mIhEEPT_PKS3_S6_S4_
                0x0000000008002ac0       0x34 Src/gameClasses.o
                0x0000000008002ac0                unsigned char* std::__copy_move<false, true, std::random_access_iterator_tag>::__copy_m<unsigned char>(unsigned char const*, unsigned char const*, unsigned char*)
 .text._ZNK9__gnu_cxx13new_allocatorIhE8max_sizeEv
                0x0000000008002af4       0x18 Src/gameClasses.o
                0x0000000008002af4                __gnu_cxx::new_allocator<unsigned char>::max_size() const
 .text._ZSt4copyIN9__gnu_cxx17__normal_iteratorIPKhSt6vectorIhSaIhEEEEPhET0_T_SA_S9_
                0x0000000008002b0c       0x30 Src/gameClasses.o
                0x0000000008002b0c                unsigned char* std::copy<__gnu_cxx::__normal_iterator<unsigned char const*, std::vector<unsigned char, std::allocator<unsigned char> > >, unsigned char*>(__gnu_cxx::__normal_iterator<unsigned char const*, std::vector<unsigned char, std::allocator<unsigned char> > >, __gnu_cxx::__normal_iterator<unsigned char const*, std::vector<unsigned char, std::allocator<unsigned char> > >, unsigned char*)
 .text._ZSt14__copy_move_a2ILb0EN9__gnu_cxx17__normal_iteratorIPKhSt6vectorIhSaIhEEEEPhET1_T0_SA_S9_
                0x0000000008002b3c       0x38 Src/gameClasses.o
                0x0000000008002b3c                unsigned char* std::__copy_move_a2<false, __gnu_cxx::__normal_iterator<unsigned char const*, std::vector<unsigned char, std::allocator<unsigned char> > >, unsigned char*>(__gnu_cxx::__normal_iterator<unsigned char const*, std::vector<unsigned char, std::allocator<unsigned char> > >, __gnu_cxx::__normal_iterator<unsigned char const*, std::vector<unsigned char, std::allocator<unsigned char> > >, unsigned char*)
 .text.MX_GPIO_Init
                0x0000000008002b74      0x128 Src/gpio.o
                0x0000000008002b74                MX_GPIO_Init
 .text._ZN8Joystick11getJoystickEv
                0x0000000008002c9c       0x70 Src/joystick.o
                0x0000000008002c9c                Joystick::getJoystick()
 .text._Z13display_setupP14display_config
                0x0000000008002d0c       0x92 Src/main.o
                0x0000000008002d0c                display_setup(display_config*)
 .text._Z15display_set_dxyP14display_config17display_directionhh
                0x0000000008002d9e       0x5a Src/main.o
                0x0000000008002d9e                display_set_dxy(display_config*, display_direction, unsigned char, unsigned char)
 .text._Z17display_write_cmdP14display_configh
                0x0000000008002df8       0x52 Src/main.o
                0x0000000008002df8                display_write_cmd(display_config*, unsigned char)
 .text._Z18display_write_dataP14display_configh
                0x0000000008002e4a       0x52 Src/main.o
                0x0000000008002e4a                display_write_data(display_config*, unsigned char)
 .text._Z5setXY8JoystickR6Player
                0x0000000008002e9c       0xa2 Src/main.o
                0x0000000008002e9c                setXY(Joystick, Player&)
 .text._Z7display14display_config6Player
                0x0000000008002f3e       0xee Src/main.o
                0x0000000008002f3e                display(display_config, Player)
 .text._ZN6EntityC2ERKS_
                0x000000000800302c       0x58 Src/main.o
                0x000000000800302c                Entity::Entity(Entity const&)
                0x000000000800302c                Entity::Entity(Entity const&)
 .text._ZN6PlayerC2ERKS_
                0x0000000008003084       0x2c Src/main.o
                0x0000000008003084                Player::Player(Player const&)
                0x0000000008003084                Player::Player(Player const&)
 .text.main     0x00000000080030b0       0xb8 Src/main.o
                0x00000000080030b0                main
 .text._Z18SystemClock_Configv
                0x0000000008003168       0xe8 Src/main.o
                0x0000000008003168                SystemClock_Config()
 .text.Error_Handler
                0x0000000008003250        0xe Src/main.o
                0x0000000008003250                Error_Handler
 .text._ZNSt6vectorIhSaIhEEixEj
                0x000000000800325e       0x1e Src/main.o
                0x000000000800325e                std::vector<unsigned char, std::allocator<unsigned char> >::operator[](unsigned int)
 .text._ZNSt6vectorIhSaIhEEC2ERKS1_
                0x000000000800327c       0x7a Src/main.o
                0x000000000800327c                std::vector<unsigned char, std::allocator<unsigned char> >::vector(std::vector<unsigned char, std::allocator<unsigned char> > const&)
                0x000000000800327c                std::vector<unsigned char, std::allocator<unsigned char> >::vector(std::vector<unsigned char, std::allocator<unsigned char> > const&)
 .text._ZN9__gnu_cxx14__alloc_traitsISaIhEE17_S_select_on_copyERKS1_
                0x00000000080032f6       0x1c Src/main.o
                0x00000000080032f6                __gnu_cxx::__alloc_traits<std::allocator<unsigned char> >::_S_select_on_copy(std::allocator<unsigned char> const&)
 .text._ZNSt12_Vector_baseIhSaIhEEC2EjRKS0_
                0x0000000008003312       0x28 Src/main.o
                0x0000000008003312                std::_Vector_base<unsigned char, std::allocator<unsigned char> >::_Vector_base(unsigned int, std::allocator<unsigned char> const&)
                0x0000000008003312                std::_Vector_base<unsigned char, std::allocator<unsigned char> >::_Vector_base(unsigned int, std::allocator<unsigned char> const&)
 .text._ZNSt16allocator_traitsISaIhEE37select_on_container_copy_constructionERKS0_
                0x000000000800333a       0x1a Src/main.o
                0x000000000800333a                std::allocator_traits<std::allocator<unsigned char> >::select_on_container_copy_construction(std::allocator<unsigned char> const&)
 .text._ZNSaIhEC2ERKS_
                0x0000000008003354       0x1c Src/main.o
                0x0000000008003354                std::allocator<unsigned char>::allocator(std::allocator<unsigned char> const&)
                0x0000000008003354                std::allocator<unsigned char>::allocator(std::allocator<unsigned char> const&)
 .text._ZNSt12_Vector_baseIhSaIhEE12_Vector_implC2ERKS0_
                0x0000000008003370       0x2e Src/main.o
                0x0000000008003370                std::_Vector_base<unsigned char, std::allocator<unsigned char> >::_Vector_impl::_Vector_impl(std::allocator<unsigned char> const&)
                0x0000000008003370                std::_Vector_base<unsigned char, std::allocator<unsigned char> >::_Vector_impl::_Vector_impl(std::allocator<unsigned char> const&)
 .text._ZNSt12_Vector_baseIhSaIhEE17_M_create_storageEj
                0x000000000800339e       0x34 Src/main.o
                0x000000000800339e                std::_Vector_base<unsigned char, std::allocator<unsigned char> >::_M_create_storage(unsigned int)
 .text._ZN9__gnu_cxx13new_allocatorIhEC2ERKS1_
                0x00000000080033d2       0x18 Src/main.o
                0x00000000080033d2                __gnu_cxx::new_allocator<unsigned char>::new_allocator(__gnu_cxx::new_allocator<unsigned char> const&)
                0x00000000080033d2                __gnu_cxx::new_allocator<unsigned char>::new_allocator(__gnu_cxx::new_allocator<unsigned char> const&)
 *fill*         0x00000000080033ea        0x2 
 .text.MX_SPI2_Init
                0x00000000080033ec       0x6c Src/spi.o
                0x00000000080033ec                MX_SPI2_Init
 .text.HAL_SPI_MspInit
                0x0000000008003458       0xd0 Src/spi.o
                0x0000000008003458                HAL_SPI_MspInit
 .text.HAL_MspInit
                0x0000000008003528       0x50 Src/stm32f4xx_hal_msp.o
                0x0000000008003528                HAL_MspInit
 .text.NMI_Handler
                0x0000000008003578        0xe Src/stm32f4xx_it.o
                0x0000000008003578                NMI_Handler
 .text.HardFault_Handler
                0x0000000008003586        0x6 Src/stm32f4xx_it.o
                0x0000000008003586                HardFault_Handler
 .text.MemManage_Handler
                0x000000000800358c        0x6 Src/stm32f4xx_it.o
                0x000000000800358c                MemManage_Handler
 .text.BusFault_Handler
                0x0000000008003592        0x6 Src/stm32f4xx_it.o
                0x0000000008003592                BusFault_Handler
 .text.UsageFault_Handler
                0x0000000008003598        0x6 Src/stm32f4xx_it.o
                0x0000000008003598                UsageFault_Handler
 .text.SVC_Handler
                0x000000000800359e        0xe Src/stm32f4xx_it.o
                0x000000000800359e                SVC_Handler
 .text.DebugMon_Handler
                0x00000000080035ac        0xe Src/stm32f4xx_it.o
                0x00000000080035ac                DebugMon_Handler
 .text.PendSV_Handler
                0x00000000080035ba        0xe Src/stm32f4xx_it.o
                0x00000000080035ba                PendSV_Handler
 .text.SysTick_Handler
                0x00000000080035c8        0xc Src/stm32f4xx_it.o
                0x00000000080035c8                SysTick_Handler
 .text._getpid  0x00000000080035d4       0x10 Src/syscalls.o
                0x00000000080035d4                _getpid
 .text._kill    0x00000000080035e4       0x20 Src/syscalls.o
                0x00000000080035e4                _kill
 .text._exit    0x0000000008003604       0x14 Src/syscalls.o
                0x0000000008003604                _exit
 .text._sbrk    0x0000000008003618       0x58 Src/sysmem.o
                0x0000000008003618                _sbrk
 .text.SystemInit
                0x0000000008003670       0x2c Src/system_stm32f4xx.o
                0x0000000008003670                SystemInit
 .text.Reset_Handler
                0x000000000800369c       0x50 Startup/startup_stm32f407vgtx.o
                0x000000000800369c                Reset_Handler
 .text.Default_Handler
                0x00000000080036ec        0x2 Startup/startup_stm32f407vgtx.o
                0x00000000080036ec                RTC_Alarm_IRQHandler
                0x00000000080036ec                HASH_RNG_IRQHandler
                0x00000000080036ec                EXTI2_IRQHandler
                0x00000000080036ec                TIM8_CC_IRQHandler
                0x00000000080036ec                TIM1_CC_IRQHandler
                0x00000000080036ec                DMA2_Stream5_IRQHandler
                0x00000000080036ec                DMA1_Stream5_IRQHandler
                0x00000000080036ec                PVD_IRQHandler
                0x00000000080036ec                SDIO_IRQHandler
                0x00000000080036ec                TAMP_STAMP_IRQHandler
                0x00000000080036ec                CAN2_RX1_IRQHandler
                0x00000000080036ec                EXTI3_IRQHandler
                0x00000000080036ec                TIM8_TRG_COM_TIM14_IRQHandler
                0x00000000080036ec                TIM1_UP_TIM10_IRQHandler
                0x00000000080036ec                TIM8_UP_TIM13_IRQHandler
                0x00000000080036ec                I2C3_ER_IRQHandler
                0x00000000080036ec                EXTI0_IRQHandler
                0x00000000080036ec                I2C2_EV_IRQHandler
                0x00000000080036ec                DMA1_Stream2_IRQHandler
                0x00000000080036ec                CAN1_RX0_IRQHandler
                0x00000000080036ec                FPU_IRQHandler
                0x00000000080036ec                OTG_HS_WKUP_IRQHandler
                0x00000000080036ec                CAN2_SCE_IRQHandler
                0x00000000080036ec                DMA2_Stream2_IRQHandler
                0x00000000080036ec                SPI1_IRQHandler
                0x00000000080036ec                TIM6_DAC_IRQHandler
                0x00000000080036ec                TIM1_BRK_TIM9_IRQHandler
                0x00000000080036ec                DCMI_IRQHandler
                0x00000000080036ec                CAN2_RX0_IRQHandler
                0x00000000080036ec                DMA2_Stream3_IRQHandler
                0x00000000080036ec                USART6_IRQHandler
                0x00000000080036ec                USART3_IRQHandler
                0x00000000080036ec                CAN1_RX1_IRQHandler
                0x00000000080036ec                UART5_IRQHandler
                0x00000000080036ec                DMA2_Stream0_IRQHandler
                0x00000000080036ec                TIM4_IRQHandler
                0x00000000080036ec                I2C1_EV_IRQHandler
                0x00000000080036ec                DMA1_Stream6_IRQHandler
                0x00000000080036ec                DMA1_Stream1_IRQHandler
                0x00000000080036ec                UART4_IRQHandler
                0x00000000080036ec                TIM3_IRQHandler
                0x00000000080036ec                RCC_IRQHandler
                0x00000000080036ec                TIM8_BRK_TIM12_IRQHandler
                0x00000000080036ec                Default_Handler
                0x00000000080036ec                EXTI15_10_IRQHandler
                0x00000000080036ec                ADC_IRQHandler
                0x00000000080036ec                DMA1_Stream7_IRQHandler
                0x00000000080036ec                TIM7_IRQHandler
                0x00000000080036ec                CAN2_TX_IRQHandler
                0x00000000080036ec                TIM5_IRQHandler
                0x00000000080036ec                DMA2_Stream7_IRQHandler
                0x00000000080036ec                I2C3_EV_IRQHandler
                0x00000000080036ec                EXTI9_5_IRQHandler
                0x00000000080036ec                RTC_WKUP_IRQHandler
                0x00000000080036ec                ETH_WKUP_IRQHandler
                0x00000000080036ec                SPI2_IRQHandler
                0x00000000080036ec                OTG_HS_EP1_IN_IRQHandler
                0x00000000080036ec                DMA1_Stream0_IRQHandler
                0x00000000080036ec                CAN1_TX_IRQHandler
                0x00000000080036ec                EXTI4_IRQHandler
                0x00000000080036ec                FSMC_IRQHandler
                0x00000000080036ec                ETH_IRQHandler
                0x00000000080036ec                OTG_HS_EP1_OUT_IRQHandler
                0x00000000080036ec                WWDG_IRQHandler
                0x00000000080036ec                TIM2_IRQHandler
                0x00000000080036ec                OTG_FS_WKUP_IRQHandler
                0x00000000080036ec                TIM1_TRG_COM_TIM11_IRQHandler
                0x00000000080036ec                OTG_HS_IRQHandler
                0x00000000080036ec                EXTI1_IRQHandler
                0x00000000080036ec                USART2_IRQHandler
                0x00000000080036ec                I2C2_ER_IRQHandler
                0x00000000080036ec                DMA2_Stream1_IRQHandler
                0x00000000080036ec                CAN1_SCE_IRQHandler
                0x00000000080036ec                FLASH_IRQHandler
                0x00000000080036ec                DMA2_Stream4_IRQHandler
                0x00000000080036ec                USART1_IRQHandler
                0x00000000080036ec                OTG_FS_IRQHandler
                0x00000000080036ec                SPI3_IRQHandler
                0x00000000080036ec                DMA1_Stream4_IRQHandler
                0x00000000080036ec                I2C1_ER_IRQHandler
                0x00000000080036ec                DMA2_Stream6_IRQHandler
                0x00000000080036ec                DMA1_Stream3_IRQHandler
 .text.__cxa_pure_virtual
                0x00000000080036ee        0x6 c:/st/stm32cubeide_1.0.2/stm32cubeide/plugins/com.st.stm32cube.ide.mcu.externaltools.gnu-tools-for-stm32.7-2018-q2-update.win32_1.0.0.201904181610/tools/bin/../lib/gcc/arm-none-eabi/7.3.1/../../../../arm-none-eabi/lib/thumb/v7e-m/fpv4-sp/hard\libstdc++_nano.a(pure.o)
                0x00000000080036ee                __cxa_pure_virtual
 .text._ZdlPvj  0x00000000080036f4        0x4 c:/st/stm32cubeide_1.0.2/stm32cubeide/plugins/com.st.stm32cube.ide.mcu.externaltools.gnu-tools-for-stm32.7-2018-q2-update.win32_1.0.0.201904181610/tools/bin/../lib/gcc/arm-none-eabi/7.3.1/../../../../arm-none-eabi/lib/thumb/v7e-m/fpv4-sp/hard\libstdc++_nano.a(del_ops.o)
                0x00000000080036f4                operator delete(void*, unsigned int)
 .text._Znwj    0x00000000080036f8       0x22 c:/st/stm32cubeide_1.0.2/stm32cubeide/plugins/com.st.stm32cube.ide.mcu.externaltools.gnu-tools-for-stm32.7-2018-q2-update.win32_1.0.0.201904181610/tools/bin/../lib/gcc/arm-none-eabi/7.3.1/../../../../arm-none-eabi/lib/thumb/v7e-m/fpv4-sp/hard\libstdc++_nano.a(new_op.o)
                0x00000000080036f8                operator new(unsigned int)
 *fill*         0x000000000800371a        0x2 
 .text._ZSt15get_new_handlerv
                0x000000000800371c       0x10 c:/st/stm32cubeide_1.0.2/stm32cubeide/plugins/com.st.stm32cube.ide.mcu.externaltools.gnu-tools-for-stm32.7-2018-q2-update.win32_1.0.0.201904181610/tools/bin/../lib/gcc/arm-none-eabi/7.3.1/../../../../arm-none-eabi/lib/thumb/v7e-m/fpv4-sp/hard\libstdc++_nano.a(new_handler.o)
                0x000000000800371c                std::get_new_handler()
 .text._ZdlPv   0x000000000800372c        0x4 c:/st/stm32cubeide_1.0.2/stm32cubeide/plugins/com.st.stm32cube.ide.mcu.externaltools.gnu-tools-for-stm32.7-2018-q2-update.win32_1.0.0.201904181610/tools/bin/../lib/gcc/arm-none-eabi/7.3.1/../../../../arm-none-eabi/lib/thumb/v7e-m/fpv4-sp/hard\libstdc++_nano.a(del_op.o)
                0x000000000800372c                operator delete(void*)
 .text._ZN10__cxxabiv111__terminateEPFvvE
                0x0000000008003730        0x8 c:/st/stm32cubeide_1.0.2/stm32cubeide/plugins/com.st.stm32cube.ide.mcu.externaltools.gnu-tools-for-stm32.7-2018-q2-update.win32_1.0.0.201904181610/tools/bin/../lib/gcc/arm-none-eabi/7.3.1/../../../../arm-none-eabi/lib/thumb/v7e-m/fpv4-sp/hard\libstdc++_nano.a(eh_terminate.o)
                0x0000000008003730                __cxxabiv1::__terminate(void (*)())
 .text._ZSt13get_terminatev
                0x0000000008003738       0x10 c:/st/stm32cubeide_1.0.2/stm32cubeide/plugins/com.st.stm32cube.ide.mcu.externaltools.gnu-tools-for-stm32.7-2018-q2-update.win32_1.0.0.201904181610/tools/bin/../lib/gcc/arm-none-eabi/7.3.1/../../../../arm-none-eabi/lib/thumb/v7e-m/fpv4-sp/hard\libstdc++_nano.a(eh_terminate.o)
                0x0000000008003738                std::get_terminate()
 .text._ZSt9terminatev
                0x0000000008003748        0xa c:/st/stm32cubeide_1.0.2/stm32cubeide/plugins/com.st.stm32cube.ide.mcu.externaltools.gnu-tools-for-stm32.7-2018-q2-update.win32_1.0.0.201904181610/tools/bin/../lib/gcc/arm-none-eabi/7.3.1/../../../../arm-none-eabi/lib/thumb/v7e-m/fpv4-sp/hard\libstdc++_nano.a(eh_terminate.o)
                0x0000000008003748                std::terminate()
 .text._ZSt17__throw_bad_allocv
                0x0000000008003752        0x6 c:/st/stm32cubeide_1.0.2/stm32cubeide/plugins/com.st.stm32cube.ide.mcu.externaltools.gnu-tools-for-stm32.7-2018-q2-update.win32_1.0.0.201904181610/tools/bin/../lib/gcc/arm-none-eabi/7.3.1/../../../../arm-none-eabi/lib/thumb/v7e-m/fpv4-sp/hard\libstdc++_nano.a(functexcept.o)
                0x0000000008003752                std::__throw_bad_alloc()
 .text.abort    0x0000000008003758        0xe c:/st/stm32cubeide_1.0.2/stm32cubeide/plugins/com.st.stm32cube.ide.mcu.externaltools.gnu-tools-for-stm32.7-2018-q2-update.win32_1.0.0.201904181610/tools/bin/../lib/gcc/arm-none-eabi/7.3.1/../../../../arm-none-eabi/lib/thumb/v7e-m/fpv4-sp/hard\libc_nano.a(lib_a-abort.o)
                0x0000000008003758                abort
 *fill*         0x0000000008003766        0x2 
 .text.__errno  0x0000000008003768        0xc c:/st/stm32cubeide_1.0.2/stm32cubeide/plugins/com.st.stm32cube.ide.mcu.externaltools.gnu-tools-for-stm32.7-2018-q2-update.win32_1.0.0.201904181610/tools/bin/../lib/gcc/arm-none-eabi/7.3.1/../../../../arm-none-eabi/lib/thumb/v7e-m/fpv4-sp/hard\libc_nano.a(lib_a-errno.o)
                0x0000000008003768                __errno
 .text.__libc_init_array
                0x0000000008003774       0x48 c:/st/stm32cubeide_1.0.2/stm32cubeide/plugins/com.st.stm32cube.ide.mcu.externaltools.gnu-tools-for-stm32.7-2018-q2-update.win32_1.0.0.201904181610/tools/bin/../lib/gcc/arm-none-eabi/7.3.1/../../../../arm-none-eabi/lib/thumb/v7e-m/fpv4-sp/hard\libc_nano.a(lib_a-init.o)
                0x0000000008003774                __libc_init_array
 .text.malloc   0x00000000080037bc       0x10 c:/st/stm32cubeide_1.0.2/stm32cubeide/plugins/com.st.stm32cube.ide.mcu.externaltools.gnu-tools-for-stm32.7-2018-q2-update.win32_1.0.0.201904181610/tools/bin/../lib/gcc/arm-none-eabi/7.3.1/../../../../arm-none-eabi/lib/thumb/v7e-m/fpv4-sp/hard\libc_nano.a(lib_a-malloc.o)
                0x00000000080037bc                malloc
 .text.free     0x00000000080037cc       0x10 c:/st/stm32cubeide_1.0.2/stm32cubeide/plugins/com.st.stm32cube.ide.mcu.externaltools.gnu-tools-for-stm32.7-2018-q2-update.win32_1.0.0.201904181610/tools/bin/../lib/gcc/arm-none-eabi/7.3.1/../../../../arm-none-eabi/lib/thumb/v7e-m/fpv4-sp/hard\libc_nano.a(lib_a-malloc.o)
                0x00000000080037cc                free
 .text.memcpy   0x00000000080037dc       0x16 c:/st/stm32cubeide_1.0.2/stm32cubeide/plugins/com.st.stm32cube.ide.mcu.externaltools.gnu-tools-for-stm32.7-2018-q2-update.win32_1.0.0.201904181610/tools/bin/../lib/gcc/arm-none-eabi/7.3.1/../../../../arm-none-eabi/lib/thumb/v7e-m/fpv4-sp/hard\libc_nano.a(lib_a-memcpy-stub.o)
                0x00000000080037dc                memcpy
 .text.memmove  0x00000000080037f2       0x32 c:/st/stm32cubeide_1.0.2/stm32cubeide/plugins/com.st.stm32cube.ide.mcu.externaltools.gnu-tools-for-stm32.7-2018-q2-update.win32_1.0.0.201904181610/tools/bin/../lib/gcc/arm-none-eabi/7.3.1/../../../../arm-none-eabi/lib/thumb/v7e-m/fpv4-sp/hard\libc_nano.a(lib_a-memmove.o)
                0x00000000080037f2                memmove
 .text.memset   0x0000000008003824       0x10 c:/st/stm32cubeide_1.0.2/stm32cubeide/plugins/com.st.stm32cube.ide.mcu.externaltools.gnu-tools-for-stm32.7-2018-q2-update.win32_1.0.0.201904181610/tools/bin/../lib/gcc/arm-none-eabi/7.3.1/../../../../arm-none-eabi/lib/thumb/v7e-m/fpv4-sp/hard\libc_nano.a(lib_a-memset.o)
                0x0000000008003824                memset
 .text._free_r  0x0000000008003834       0x9c c:/st/stm32cubeide_1.0.2/stm32cubeide/plugins/com.st.stm32cube.ide.mcu.externaltools.gnu-tools-for-stm32.7-2018-q2-update.win32_1.0.0.201904181610/tools/bin/../lib/gcc/arm-none-eabi/7.3.1/../../../../arm-none-eabi/lib/thumb/v7e-m/fpv4-sp/hard\libc_nano.a(lib_a-nano-freer.o)
                0x0000000008003834                _free_r
 .text._malloc_r
                0x00000000080038d0       0xb4 c:/st/stm32cubeide_1.0.2/stm32cubeide/plugins/com.st.stm32cube.ide.mcu.externaltools.gnu-tools-for-stm32.7-2018-q2-update.win32_1.0.0.201904181610/tools/bin/../lib/gcc/arm-none-eabi/7.3.1/../../../../arm-none-eabi/lib/thumb/v7e-m/fpv4-sp/hard\libc_nano.a(lib_a-nano-mallocr.o)
                0x00000000080038d0                _malloc_r
 .text._sbrk_r  0x0000000008003984       0x20 c:/st/stm32cubeide_1.0.2/stm32cubeide/plugins/com.st.stm32cube.ide.mcu.externaltools.gnu-tools-for-stm32.7-2018-q2-update.win32_1.0.0.201904181610/tools/bin/../lib/gcc/arm-none-eabi/7.3.1/../../../../arm-none-eabi/lib/thumb/v7e-m/fpv4-sp/hard\libc_nano.a(lib_a-sbrkr.o)
                0x0000000008003984                _sbrk_r
 .text._raise_r
                0x00000000080039a4       0x50 c:/st/stm32cubeide_1.0.2/stm32cubeide/plugins/com.st.stm32cube.ide.mcu.externaltools.gnu-tools-for-stm32.7-2018-q2-update.win32_1.0.0.201904181610/tools/bin/../lib/gcc/arm-none-eabi/7.3.1/../../../../arm-none-eabi/lib/thumb/v7e-m/fpv4-sp/hard\libc_nano.a(lib_a-signal.o)
                0x00000000080039a4                _raise_r
 .text.raise    0x00000000080039f4       0x10 c:/st/stm32cubeide_1.0.2/stm32cubeide/plugins/com.st.stm32cube.ide.mcu.externaltools.gnu-tools-for-stm32.7-2018-q2-update.win32_1.0.0.201904181610/tools/bin/../lib/gcc/arm-none-eabi/7.3.1/../../../../arm-none-eabi/lib/thumb/v7e-m/fpv4-sp/hard\libc_nano.a(lib_a-signal.o)
                0x00000000080039f4                raise
 .text._kill_r  0x0000000008003a04       0x24 c:/st/stm32cubeide_1.0.2/stm32cubeide/plugins/com.st.stm32cube.ide.mcu.externaltools.gnu-tools-for-stm32.7-2018-q2-update.win32_1.0.0.201904181610/tools/bin/../lib/gcc/arm-none-eabi/7.3.1/../../../../arm-none-eabi/lib/thumb/v7e-m/fpv4-sp/hard\libc_nano.a(lib_a-signalr.o)
                0x0000000008003a04                _kill_r
 .text._getpid_r
                0x0000000008003a28        0x4 c:/st/stm32cubeide_1.0.2/stm32cubeide/plugins/com.st.stm32cube.ide.mcu.externaltools.gnu-tools-for-stm32.7-2018-q2-update.win32_1.0.0.201904181610/tools/bin/../lib/gcc/arm-none-eabi/7.3.1/../../../../arm-none-eabi/lib/thumb/v7e-m/fpv4-sp/hard\libc_nano.a(lib_a-signalr.o)
                0x0000000008003a28                _getpid_r
 .text.__malloc_lock
                0x0000000008003a2c        0x2 c:/st/stm32cubeide_1.0.2/stm32cubeide/plugins/com.st.stm32cube.ide.mcu.externaltools.gnu-tools-for-stm32.7-2018-q2-update.win32_1.0.0.201904181610/tools/bin/../lib/gcc/arm-none-eabi/7.3.1/../../../../arm-none-eabi/lib/thumb/v7e-m/fpv4-sp/hard\libc_nano.a(lib_a-mlock.o)
                0x0000000008003a2c                __malloc_lock
 .text.__malloc_unlock
                0x0000000008003a2e        0x2 c:/st/stm32cubeide_1.0.2/stm32cubeide/plugins/com.st.stm32cube.ide.mcu.externaltools.gnu-tools-for-stm32.7-2018-q2-update.win32_1.0.0.201904181610/tools/bin/../lib/gcc/arm-none-eabi/7.3.1/../../../../arm-none-eabi/lib/thumb/v7e-m/fpv4-sp/hard\libc_nano.a(lib_a-mlock.o)
                0x0000000008003a2e                __malloc_unlock
 *(.glue_7)
 .glue_7        0x0000000008003a30        0x0 linker stubs
 *(.glue_7t)
 .glue_7t       0x0000000008003a30        0x0 linker stubs
 *(.eh_frame)
 .eh_frame      0x0000000008003a30        0x0 c:/st/stm32cubeide_1.0.2/stm32cubeide/plugins/com.st.stm32cube.ide.mcu.externaltools.gnu-tools-for-stm32.7-2018-q2-update.win32_1.0.0.201904181610/tools/bin/../lib/gcc/arm-none-eabi/7.3.1/thumb/v7e-m/fpv4-sp/hard/crtbegin.o
 *(.init)
 .init          0x0000000008003a30        0x4 c:/st/stm32cubeide_1.0.2/stm32cubeide/plugins/com.st.stm32cube.ide.mcu.externaltools.gnu-tools-for-stm32.7-2018-q2-update.win32_1.0.0.201904181610/tools/bin/../lib/gcc/arm-none-eabi/7.3.1/thumb/v7e-m/fpv4-sp/hard/crti.o
                0x0000000008003a30                _init
 .init          0x0000000008003a34        0x8 c:/st/stm32cubeide_1.0.2/stm32cubeide/plugins/com.st.stm32cube.ide.mcu.externaltools.gnu-tools-for-stm32.7-2018-q2-update.win32_1.0.0.201904181610/tools/bin/../lib/gcc/arm-none-eabi/7.3.1/thumb/v7e-m/fpv4-sp/hard/crtn.o
 *(.fini)
 .fini          0x0000000008003a3c        0x4 c:/st/stm32cubeide_1.0.2/stm32cubeide/plugins/com.st.stm32cube.ide.mcu.externaltools.gnu-tools-for-stm32.7-2018-q2-update.win32_1.0.0.201904181610/tools/bin/../lib/gcc/arm-none-eabi/7.3.1/thumb/v7e-m/fpv4-sp/hard/crti.o
                0x0000000008003a3c                _fini
 .fini          0x0000000008003a40        0x8 c:/st/stm32cubeide_1.0.2/stm32cubeide/plugins/com.st.stm32cube.ide.mcu.externaltools.gnu-tools-for-stm32.7-2018-q2-update.win32_1.0.0.201904181610/tools/bin/../lib/gcc/arm-none-eabi/7.3.1/thumb/v7e-m/fpv4-sp/hard/crtn.o
                0x0000000008003a48                . = ALIGN (0x4)
                0x0000000008003a48                _etext = .

.vfp11_veneer   0x0000000008003a48        0x0
 .vfp11_veneer  0x0000000008003a48        0x0 linker stubs

.v4_bx          0x0000000008003a48        0x0
 .v4_bx         0x0000000008003a48        0x0 linker stubs

.iplt           0x0000000008003a48        0x0
 .iplt          0x0000000008003a48        0x0 c:/st/stm32cubeide_1.0.2/stm32cubeide/plugins/com.st.stm32cube.ide.mcu.externaltools.gnu-tools-for-stm32.7-2018-q2-update.win32_1.0.0.201904181610/tools/bin/../lib/gcc/arm-none-eabi/7.3.1/thumb/v7e-m/fpv4-sp/hard/crtbegin.o

.rodata         0x0000000008003a48       0x54
                0x0000000008003a48                . = ALIGN (0x4)
 *(.rodata)
 .rodata        0x0000000008003a48        0x8 Src/gameClasses.o
 *(.rodata*)
 .rodata._ZTV6Player
                0x0000000008003a50       0x18 Src/gameClasses.o
                0x0000000008003a50                vtable for Player
 .rodata._ZTV6Entity
                0x0000000008003a68       0x18 Src/gameClasses.o
                0x0000000008003a68                vtable for Entity
 .rodata.._134  0x0000000008003a80        0xb Src/gameClasses.o
 *fill*         0x0000000008003a8b        0x1 
 .rodata.AHBPrescTable
                0x0000000008003a8c       0x10 Src/system_stm32f4xx.o
                0x0000000008003a8c                AHBPrescTable
                0x0000000008003a9c                . = ALIGN (0x4)

.ARM.extab      0x0000000008003a9c        0x0
                0x0000000008003a9c                . = ALIGN (0x4)
 *(.ARM.extab* .gnu.linkonce.armextab.*)
                0x0000000008003a9c                . = ALIGN (0x4)

.ARM            0x0000000008003a9c        0x8
                0x0000000008003a9c                . = ALIGN (0x4)
                0x0000000008003a9c                __exidx_start = .
 *(.ARM.exidx*)
 .ARM.exidx     0x0000000008003a9c        0x8 c:/st/stm32cubeide_1.0.2/stm32cubeide/plugins/com.st.stm32cube.ide.mcu.externaltools.gnu-tools-for-stm32.7-2018-q2-update.win32_1.0.0.201904181610/tools/bin/../lib/gcc/arm-none-eabi/7.3.1/thumb/v7e-m/fpv4-sp/hard\libgcc.a(_udivmoddi4.o)
                0x0000000008003aa4                __exidx_end = .
                0x0000000008003aa4                . = ALIGN (0x4)

.rel.dyn        0x0000000008003aa4        0x0
 .rel.iplt      0x0000000008003aa4        0x0 c:/st/stm32cubeide_1.0.2/stm32cubeide/plugins/com.st.stm32cube.ide.mcu.externaltools.gnu-tools-for-stm32.7-2018-q2-update.win32_1.0.0.201904181610/tools/bin/../lib/gcc/arm-none-eabi/7.3.1/thumb/v7e-m/fpv4-sp/hard/crtbegin.o

.preinit_array  0x0000000008003aa4        0x0
                0x0000000008003aa4                . = ALIGN (0x4)
                0x0000000008003aa4                PROVIDE (__preinit_array_start = .)
 *(.preinit_array*)
                0x0000000008003aa4                PROVIDE (__preinit_array_end = .)
                0x0000000008003aa4                . = ALIGN (0x4)

.init_array     0x0000000008003aa4        0x4
                0x0000000008003aa4                . = ALIGN (0x4)
                0x0000000008003aa4                PROVIDE (__init_array_start = .)
 *(SORT_BY_NAME(.init_array.*))
 *(.init_array*)
 .init_array    0x0000000008003aa4        0x4 c:/st/stm32cubeide_1.0.2/stm32cubeide/plugins/com.st.stm32cube.ide.mcu.externaltools.gnu-tools-for-stm32.7-2018-q2-update.win32_1.0.0.201904181610/tools/bin/../lib/gcc/arm-none-eabi/7.3.1/thumb/v7e-m/fpv4-sp/hard/crtbegin.o
                0x0000000008003aa8                PROVIDE (__init_array_end = .)
                0x0000000008003aa8                . = ALIGN (0x4)

.fini_array     0x0000000008003aa8        0x4
                0x0000000008003aa8                . = ALIGN (0x4)
                [!provide]                        PROVIDE (__fini_array_start = .)
 *(SORT_BY_NAME(.fini_array.*))
 *(.fini_array*)
 .fini_array    0x0000000008003aa8        0x4 c:/st/stm32cubeide_1.0.2/stm32cubeide/plugins/com.st.stm32cube.ide.mcu.externaltools.gnu-tools-for-stm32.7-2018-q2-update.win32_1.0.0.201904181610/tools/bin/../lib/gcc/arm-none-eabi/7.3.1/thumb/v7e-m/fpv4-sp/hard/crtbegin.o
                [!provide]                        PROVIDE (__fini_array_end = .)
                0x0000000008003aac                . = ALIGN (0x4)
                0x0000000008003aac                _sidata = LOADADDR (.data)

.data           0x0000000020000000       0x74 load address 0x0000000008003aac
                0x0000000020000000                . = ALIGN (0x4)
                0x0000000020000000                _sdata = .
 *(.data)
 *(.data*)
 .data.uwTickPrio
                0x0000000020000000        0x4 Drivers/STM32F4xx_HAL_Driver/Src/stm32f4xx_hal.o
                0x0000000020000000                uwTickPrio
 .data.uwTickFreq
                0x0000000020000004        0x1 Drivers/STM32F4xx_HAL_Driver/Src/stm32f4xx_hal.o
                0x0000000020000004                uwTickFreq
 *fill*         0x0000000020000005        0x3 
 .data.SystemCoreClock
                0x0000000020000008        0x4 Src/system_stm32f4xx.o
                0x0000000020000008                SystemCoreClock
 .data._ZN10__cxxabiv119__terminate_handlerE
                0x000000002000000c        0x4 c:/st/stm32cubeide_1.0.2/stm32cubeide/plugins/com.st.stm32cube.ide.mcu.externaltools.gnu-tools-for-stm32.7-2018-q2-update.win32_1.0.0.201904181610/tools/bin/../lib/gcc/arm-none-eabi/7.3.1/../../../../arm-none-eabi/lib/thumb/v7e-m/fpv4-sp/hard\libstdc++_nano.a(eh_term_handler.o)
                0x000000002000000c                __cxxabiv1::__terminate_handler
 .data._impure_ptr
                0x0000000020000010        0x4 c:/st/stm32cubeide_1.0.2/stm32cubeide/plugins/com.st.stm32cube.ide.mcu.externaltools.gnu-tools-for-stm32.7-2018-q2-update.win32_1.0.0.201904181610/tools/bin/../lib/gcc/arm-none-eabi/7.3.1/../../../../arm-none-eabi/lib/thumb/v7e-m/fpv4-sp/hard\libc_nano.a(lib_a-impure.o)
                0x0000000020000010                _impure_ptr
 .data.impure_data
                0x0000000020000014       0x60 c:/st/stm32cubeide_1.0.2/stm32cubeide/plugins/com.st.stm32cube.ide.mcu.externaltools.gnu-tools-for-stm32.7-2018-q2-update.win32_1.0.0.201904181610/tools/bin/../lib/gcc/arm-none-eabi/7.3.1/../../../../arm-none-eabi/lib/thumb/v7e-m/fpv4-sp/hard\libc_nano.a(lib_a-impure.o)
                0x0000000020000074                . = ALIGN (0x4)
                0x0000000020000074                _edata = .

.igot.plt       0x0000000020000074        0x0 load address 0x0000000008003b20
 .igot.plt      0x0000000020000074        0x0 c:/st/stm32cubeide_1.0.2/stm32cubeide/plugins/com.st.stm32cube.ide.mcu.externaltools.gnu-tools-for-stm32.7-2018-q2-update.win32_1.0.0.201904181610/tools/bin/../lib/gcc/arm-none-eabi/7.3.1/thumb/v7e-m/fpv4-sp/hard/crtbegin.o
                0x0000000020000074                . = ALIGN (0x4)

.bss            0x0000000020000074      0x11c load address 0x0000000008003b20
                0x0000000020000074                _sbss = .
                0x0000000020000074                __bss_start__ = _sbss
 *(.bss)
 .bss           0x0000000020000074       0x1c c:/st/stm32cubeide_1.0.2/stm32cubeide/plugins/com.st.stm32cube.ide.mcu.externaltools.gnu-tools-for-stm32.7-2018-q2-update.win32_1.0.0.201904181610/tools/bin/../lib/gcc/arm-none-eabi/7.3.1/thumb/v7e-m/fpv4-sp/hard/crtbegin.o
 *(.bss*)
 .bss.heap_end.6424
                0x0000000020000090        0x4 Src/sysmem.o
 .bss._ZN12_GLOBAL__N_113__new_handlerE
                0x0000000020000094        0x4 c:/st/stm32cubeide_1.0.2/stm32cubeide/plugins/com.st.stm32cube.ide.mcu.externaltools.gnu-tools-for-stm32.7-2018-q2-update.win32_1.0.0.201904181610/tools/bin/../lib/gcc/arm-none-eabi/7.3.1/../../../../arm-none-eabi/lib/thumb/v7e-m/fpv4-sp/hard\libstdc++_nano.a(new_handler.o)
 .bss.__malloc_free_list
                0x0000000020000098        0x4 c:/st/stm32cubeide_1.0.2/stm32cubeide/plugins/com.st.stm32cube.ide.mcu.externaltools.gnu-tools-for-stm32.7-2018-q2-update.win32_1.0.0.201904181610/tools/bin/../lib/gcc/arm-none-eabi/7.3.1/../../../../arm-none-eabi/lib/thumb/v7e-m/fpv4-sp/hard\libc_nano.a(lib_a-nano-mallocr.o)
                0x0000000020000098                __malloc_free_list
 .bss.__malloc_sbrk_start
                0x000000002000009c        0x4 c:/st/stm32cubeide_1.0.2/stm32cubeide/plugins/com.st.stm32cube.ide.mcu.externaltools.gnu-tools-for-stm32.7-2018-q2-update.win32_1.0.0.201904181610/tools/bin/../lib/gcc/arm-none-eabi/7.3.1/../../../../arm-none-eabi/lib/thumb/v7e-m/fpv4-sp/hard\libc_nano.a(lib_a-nano-mallocr.o)
                0x000000002000009c                __malloc_sbrk_start
 *(COMMON)
 COMMON         0x00000000200000a0        0x4 Drivers/STM32F4xx_HAL_Driver/Src/stm32f4xx_hal.o
                0x00000000200000a0                uwTick
 COMMON         0x00000000200000a4       0x90 Src/adc.o
                0x00000000200000a4                hadc2
                0x00000000200000ec                hadc1
 COMMON         0x0000000020000134       0x58 Src/spi.o
                0x0000000020000134                hspi2
 COMMON         0x000000002000018c        0x4 c:/st/stm32cubeide_1.0.2/stm32cubeide/plugins/com.st.stm32cube.ide.mcu.externaltools.gnu-tools-for-stm32.7-2018-q2-update.win32_1.0.0.201904181610/tools/bin/../lib/gcc/arm-none-eabi/7.3.1/../../../../arm-none-eabi/lib/thumb/v7e-m/fpv4-sp/hard\libc_nano.a(lib_a-reent.o)
                0x000000002000018c                errno
                0x0000000020000190                . = ALIGN (0x4)
                0x0000000020000190                _ebss = .
                0x0000000020000190                __bss_end__ = _ebss

._user_heap_stack
                0x0000000020000190      0x600 load address 0x0000000008003b20
                0x0000000020000190                . = ALIGN (0x8)
                0x0000000020000190                PROVIDE (end = .)
                [!provide]                        PROVIDE (_end = .)
                0x0000000020000390                . = (. + _Min_Heap_Size)
 *fill*         0x0000000020000190      0x200 
                0x0000000020000790                . = (. + _Min_Stack_Size)
 *fill*         0x0000000020000390      0x400 
                0x0000000020000790                . = ALIGN (0x8)

/DISCARD/
 libc.a(*)
 libm.a(*)
 libgcc.a(*)

.ARM.attributes
                0x0000000000000000       0x30
 *(.ARM.attributes)
 .ARM.attributes
                0x0000000000000000       0x22 c:/st/stm32cubeide_1.0.2/stm32cubeide/plugins/com.st.stm32cube.ide.mcu.externaltools.gnu-tools-for-stm32.7-2018-q2-update.win32_1.0.0.201904181610/tools/bin/../lib/gcc/arm-none-eabi/7.3.1/thumb/v7e-m/fpv4-sp/hard/crti.o
 .ARM.attributes
                0x0000000000000022       0x34 c:/st/stm32cubeide_1.0.2/stm32cubeide/plugins/com.st.stm32cube.ide.mcu.externaltools.gnu-tools-for-stm32.7-2018-q2-update.win32_1.0.0.201904181610/tools/bin/../lib/gcc/arm-none-eabi/7.3.1/thumb/v7e-m/fpv4-sp/hard/crtbegin.o
 .ARM.attributes
                0x0000000000000056       0x39 Drivers/STM32F4xx_HAL_Driver/Src/stm32f4xx_hal.o
 .ARM.attributes
                0x000000000000008f       0x39 Drivers/STM32F4xx_HAL_Driver/Src/stm32f4xx_hal_adc.o
 .ARM.attributes
                0x00000000000000c8       0x39 Drivers/STM32F4xx_HAL_Driver/Src/stm32f4xx_hal_cortex.o
 .ARM.attributes
                0x0000000000000101       0x39 Drivers/STM32F4xx_HAL_Driver/Src/stm32f4xx_hal_gpio.o
 .ARM.attributes
                0x000000000000013a       0x39 Drivers/STM32F4xx_HAL_Driver/Src/stm32f4xx_hal_rcc.o
 .ARM.attributes
                0x0000000000000173       0x39 Drivers/STM32F4xx_HAL_Driver/Src/stm32f4xx_hal_spi.o
 .ARM.attributes
                0x00000000000001ac       0x39 Src/adc.o
 .ARM.attributes
                0x00000000000001e5       0x39 Src/gameClasses.o
 .ARM.attributes
                0x000000000000021e       0x39 Src/gpio.o
 .ARM.attributes
                0x0000000000000257       0x39 Src/joystick.o
 .ARM.attributes
                0x0000000000000290       0x39 Src/main.o
 .ARM.attributes
                0x00000000000002c9       0x39 Src/spi.o
 .ARM.attributes
                0x0000000000000302       0x39 Src/stm32f4xx_hal_msp.o
 .ARM.attributes
                0x000000000000033b       0x39 Src/stm32f4xx_it.o
 .ARM.attributes
                0x0000000000000374       0x39 Src/syscalls.o
 .ARM.attributes
                0x00000000000003ad       0x39 Src/sysmem.o
 .ARM.attributes
                0x00000000000003e6       0x39 Src/system_stm32f4xx.o
 .ARM.attributes
                0x000000000000041f       0x21 Startup/startup_stm32f407vgtx.o
 .ARM.attributes
                0x0000000000000440       0x34 c:/st/stm32cubeide_1.0.2/stm32cubeide/plugins/com.st.stm32cube.ide.mcu.externaltools.gnu-tools-for-stm32.7-2018-q2-update.win32_1.0.0.201904181610/tools/bin/../lib/gcc/arm-none-eabi/7.3.1/../../../../arm-none-eabi/lib/thumb/v7e-m/fpv4-sp/hard\libstdc++_nano.a(pure.o)
 .ARM.attributes
                0x0000000000000474       0x34 c:/st/stm32cubeide_1.0.2/stm32cubeide/plugins/com.st.stm32cube.ide.mcu.externaltools.gnu-tools-for-stm32.7-2018-q2-update.win32_1.0.0.201904181610/tools/bin/../lib/gcc/arm-none-eabi/7.3.1/../../../../arm-none-eabi/lib/thumb/v7e-m/fpv4-sp/hard\libstdc++_nano.a(del_ops.o)
 .ARM.attributes
                0x00000000000004a8       0x34 c:/st/stm32cubeide_1.0.2/stm32cubeide/plugins/com.st.stm32cube.ide.mcu.externaltools.gnu-tools-for-stm32.7-2018-q2-update.win32_1.0.0.201904181610/tools/bin/../lib/gcc/arm-none-eabi/7.3.1/../../../../arm-none-eabi/lib/thumb/v7e-m/fpv4-sp/hard\libstdc++_nano.a(new_op.o)
 .ARM.attributes
                0x00000000000004dc       0x34 c:/st/stm32cubeide_1.0.2/stm32cubeide/plugins/com.st.stm32cube.ide.mcu.externaltools.gnu-tools-for-stm32.7-2018-q2-update.win32_1.0.0.201904181610/tools/bin/../lib/gcc/arm-none-eabi/7.3.1/../../../../arm-none-eabi/lib/thumb/v7e-m/fpv4-sp/hard\libstdc++_nano.a(new_handler.o)
 .ARM.attributes
                0x0000000000000510       0x34 c:/st/stm32cubeide_1.0.2/stm32cubeide/plugins/com.st.stm32cube.ide.mcu.externaltools.gnu-tools-for-stm32.7-2018-q2-update.win32_1.0.0.201904181610/tools/bin/../lib/gcc/arm-none-eabi/7.3.1/../../../../arm-none-eabi/lib/thumb/v7e-m/fpv4-sp/hard\libstdc++_nano.a(del_op.o)
 .ARM.attributes
                0x0000000000000544       0x34 c:/st/stm32cubeide_1.0.2/stm32cubeide/plugins/com.st.stm32cube.ide.mcu.externaltools.gnu-tools-for-stm32.7-2018-q2-update.win32_1.0.0.201904181610/tools/bin/../lib/gcc/arm-none-eabi/7.3.1/../../../../arm-none-eabi/lib/thumb/v7e-m/fpv4-sp/hard\libstdc++_nano.a(eh_terminate.o)
 .ARM.attributes
                0x0000000000000578       0x34 c:/st/stm32cubeide_1.0.2/stm32cubeide/plugins/com.st.stm32cube.ide.mcu.externaltools.gnu-tools-for-stm32.7-2018-q2-update.win32_1.0.0.201904181610/tools/bin/../lib/gcc/arm-none-eabi/7.3.1/../../../../arm-none-eabi/lib/thumb/v7e-m/fpv4-sp/hard\libstdc++_nano.a(functexcept.o)
 .ARM.attributes
                0x00000000000005ac       0x34 c:/st/stm32cubeide_1.0.2/stm32cubeide/plugins/com.st.stm32cube.ide.mcu.externaltools.gnu-tools-for-stm32.7-2018-q2-update.win32_1.0.0.201904181610/tools/bin/../lib/gcc/arm-none-eabi/7.3.1/../../../../arm-none-eabi/lib/thumb/v7e-m/fpv4-sp/hard\libstdc++_nano.a(eh_term_handler.o)
 .ARM.attributes
                0x00000000000005e0       0x34 c:/st/stm32cubeide_1.0.2/stm32cubeide/plugins/com.st.stm32cube.ide.mcu.externaltools.gnu-tools-for-stm32.7-2018-q2-update.win32_1.0.0.201904181610/tools/bin/../lib/gcc/arm-none-eabi/7.3.1/../../../../arm-none-eabi/lib/thumb/v7e-m/fpv4-sp/hard\libc_nano.a(lib_a-abort.o)
 .ARM.attributes
                0x0000000000000614       0x34 c:/st/stm32cubeide_1.0.2/stm32cubeide/plugins/com.st.stm32cube.ide.mcu.externaltools.gnu-tools-for-stm32.7-2018-q2-update.win32_1.0.0.201904181610/tools/bin/../lib/gcc/arm-none-eabi/7.3.1/../../../../arm-none-eabi/lib/thumb/v7e-m/fpv4-sp/hard\libc_nano.a(lib_a-errno.o)
 .ARM.attributes
                0x0000000000000648       0x34 c:/st/stm32cubeide_1.0.2/stm32cubeide/plugins/com.st.stm32cube.ide.mcu.externaltools.gnu-tools-for-stm32.7-2018-q2-update.win32_1.0.0.201904181610/tools/bin/../lib/gcc/arm-none-eabi/7.3.1/../../../../arm-none-eabi/lib/thumb/v7e-m/fpv4-sp/hard\libc_nano.a(lib_a-impure.o)
 .ARM.attributes
                0x000000000000067c       0x34 c:/st/stm32cubeide_1.0.2/stm32cubeide/plugins/com.st.stm32cube.ide.mcu.externaltools.gnu-tools-for-stm32.7-2018-q2-update.win32_1.0.0.201904181610/tools/bin/../lib/gcc/arm-none-eabi/7.3.1/../../../../arm-none-eabi/lib/thumb/v7e-m/fpv4-sp/hard\libc_nano.a(lib_a-init.o)
 .ARM.attributes
                0x00000000000006b0       0x34 c:/st/stm32cubeide_1.0.2/stm32cubeide/plugins/com.st.stm32cube.ide.mcu.externaltools.gnu-tools-for-stm32.7-2018-q2-update.win32_1.0.0.201904181610/tools/bin/../lib/gcc/arm-none-eabi/7.3.1/../../../../arm-none-eabi/lib/thumb/v7e-m/fpv4-sp/hard\libc_nano.a(lib_a-malloc.o)
 .ARM.attributes
                0x00000000000006e4       0x34 c:/st/stm32cubeide_1.0.2/stm32cubeide/plugins/com.st.stm32cube.ide.mcu.externaltools.gnu-tools-for-stm32.7-2018-q2-update.win32_1.0.0.201904181610/tools/bin/../lib/gcc/arm-none-eabi/7.3.1/../../../../arm-none-eabi/lib/thumb/v7e-m/fpv4-sp/hard\libc_nano.a(lib_a-memcpy-stub.o)
 .ARM.attributes
                0x0000000000000718       0x34 c:/st/stm32cubeide_1.0.2/stm32cubeide/plugins/com.st.stm32cube.ide.mcu.externaltools.gnu-tools-for-stm32.7-2018-q2-update.win32_1.0.0.201904181610/tools/bin/../lib/gcc/arm-none-eabi/7.3.1/../../../../arm-none-eabi/lib/thumb/v7e-m/fpv4-sp/hard\libc_nano.a(lib_a-memmove.o)
 .ARM.attributes
                0x000000000000074c       0x34 c:/st/stm32cubeide_1.0.2/stm32cubeide/plugins/com.st.stm32cube.ide.mcu.externaltools.gnu-tools-for-stm32.7-2018-q2-update.win32_1.0.0.201904181610/tools/bin/../lib/gcc/arm-none-eabi/7.3.1/../../../../arm-none-eabi/lib/thumb/v7e-m/fpv4-sp/hard\libc_nano.a(lib_a-memset.o)
 .ARM.attributes
                0x0000000000000780       0x34 c:/st/stm32cubeide_1.0.2/stm32cubeide/plugins/com.st.stm32cube.ide.mcu.externaltools.gnu-tools-for-stm32.7-2018-q2-update.win32_1.0.0.201904181610/tools/bin/../lib/gcc/arm-none-eabi/7.3.1/../../../../arm-none-eabi/lib/thumb/v7e-m/fpv4-sp/hard\libc_nano.a(lib_a-nano-freer.o)
 .ARM.attributes
                0x00000000000007b4       0x34 c:/st/stm32cubeide_1.0.2/stm32cubeide/plugins/com.st.stm32cube.ide.mcu.externaltools.gnu-tools-for-stm32.7-2018-q2-update.win32_1.0.0.201904181610/tools/bin/../lib/gcc/arm-none-eabi/7.3.1/../../../../arm-none-eabi/lib/thumb/v7e-m/fpv4-sp/hard\libc_nano.a(lib_a-nano-mallocr.o)
 .ARM.attributes
                0x00000000000007e8       0x34 c:/st/stm32cubeide_1.0.2/stm32cubeide/plugins/com.st.stm32cube.ide.mcu.externaltools.gnu-tools-for-stm32.7-2018-q2-update.win32_1.0.0.201904181610/tools/bin/../lib/gcc/arm-none-eabi/7.3.1/../../../../arm-none-eabi/lib/thumb/v7e-m/fpv4-sp/hard\libc_nano.a(lib_a-sbrkr.o)
 .ARM.attributes
                0x000000000000081c       0x34 c:/st/stm32cubeide_1.0.2/stm32cubeide/plugins/com.st.stm32cube.ide.mcu.externaltools.gnu-tools-for-stm32.7-2018-q2-update.win32_1.0.0.201904181610/tools/bin/../lib/gcc/arm-none-eabi/7.3.1/../../../../arm-none-eabi/lib/thumb/v7e-m/fpv4-sp/hard\libc_nano.a(lib_a-signal.o)
 .ARM.attributes
                0x0000000000000850       0x34 c:/st/stm32cubeide_1.0.2/stm32cubeide/plugins/com.st.stm32cube.ide.mcu.externaltools.gnu-tools-for-stm32.7-2018-q2-update.win32_1.0.0.201904181610/tools/bin/../lib/gcc/arm-none-eabi/7.3.1/../../../../arm-none-eabi/lib/thumb/v7e-m/fpv4-sp/hard\libc_nano.a(lib_a-signalr.o)
 .ARM.attributes
                0x0000000000000884       0x34 c:/st/stm32cubeide_1.0.2/stm32cubeide/plugins/com.st.stm32cube.ide.mcu.externaltools.gnu-tools-for-stm32.7-2018-q2-update.win32_1.0.0.201904181610/tools/bin/../lib/gcc/arm-none-eabi/7.3.1/../../../../arm-none-eabi/lib/thumb/v7e-m/fpv4-sp/hard\libc_nano.a(lib_a-mlock.o)
 .ARM.attributes
                0x00000000000008b8       0x34 c:/st/stm32cubeide_1.0.2/stm32cubeide/plugins/com.st.stm32cube.ide.mcu.externaltools.gnu-tools-for-stm32.7-2018-q2-update.win32_1.0.0.201904181610/tools/bin/../lib/gcc/arm-none-eabi/7.3.1/../../../../arm-none-eabi/lib/thumb/v7e-m/fpv4-sp/hard\libc_nano.a(lib_a-reent.o)
 .ARM.attributes
                0x00000000000008ec       0x22 c:/st/stm32cubeide_1.0.2/stm32cubeide/plugins/com.st.stm32cube.ide.mcu.externaltools.gnu-tools-for-stm32.7-2018-q2-update.win32_1.0.0.201904181610/tools/bin/../lib/gcc/arm-none-eabi/7.3.1/thumb/v7e-m/fpv4-sp/hard\libgcc.a(_aeabi_uldivmod.o)
 .ARM.attributes
                0x000000000000090e       0x34 c:/st/stm32cubeide_1.0.2/stm32cubeide/plugins/com.st.stm32cube.ide.mcu.externaltools.gnu-tools-for-stm32.7-2018-q2-update.win32_1.0.0.201904181610/tools/bin/../lib/gcc/arm-none-eabi/7.3.1/thumb/v7e-m/fpv4-sp/hard\libgcc.a(_udivmoddi4.o)
 .ARM.attributes
                0x0000000000000942       0x22 c:/st/stm32cubeide_1.0.2/stm32cubeide/plugins/com.st.stm32cube.ide.mcu.externaltools.gnu-tools-for-stm32.7-2018-q2-update.win32_1.0.0.201904181610/tools/bin/../lib/gcc/arm-none-eabi/7.3.1/thumb/v7e-m/fpv4-sp/hard\libgcc.a(_dvmd_tls.o)
 .ARM.attributes
                0x0000000000000964       0x22 c:/st/stm32cubeide_1.0.2/stm32cubeide/plugins/com.st.stm32cube.ide.mcu.externaltools.gnu-tools-for-stm32.7-2018-q2-update.win32_1.0.0.201904181610/tools/bin/../lib/gcc/arm-none-eabi/7.3.1/thumb/v7e-m/fpv4-sp/hard/crtn.o
OUTPUT(PTM_Projekt.elf elf32-littlearm)

.debug_info     0x0000000000000000    0x11a93
 .debug_info    0x0000000000000000      0x945 Drivers/STM32F4xx_HAL_Driver/Src/stm32f4xx_hal.o
 .debug_info    0x0000000000000945      0xcee Drivers/STM32F4xx_HAL_Driver/Src/stm32f4xx_hal_adc.o
 .debug_info    0x0000000000001633      0xe28 Drivers/STM32F4xx_HAL_Driver/Src/stm32f4xx_hal_cortex.o
 .debug_info    0x000000000000245b      0x7b5 Drivers/STM32F4xx_HAL_Driver/Src/stm32f4xx_hal_gpio.o
 .debug_info    0x0000000000002c10      0x904 Drivers/STM32F4xx_HAL_Driver/Src/stm32f4xx_hal_rcc.o
 .debug_info    0x0000000000003514     0x163a Drivers/STM32F4xx_HAL_Driver/Src/stm32f4xx_hal_spi.o
 .debug_info    0x0000000000004b4e      0xa45 Src/adc.o
 .debug_info    0x0000000000005593     0x483d Src/gameClasses.o
 .debug_info    0x0000000000009dd0      0x4e4 Src/gpio.o
 .debug_info    0x000000000000a2b4      0xecd Src/joystick.o
 .debug_info    0x000000000000b181     0x3c84 Src/main.o
 .debug_info    0x000000000000ee05      0x9d3 Src/spi.o
 .debug_info    0x000000000000f7d8      0x362 Src/stm32f4xx_hal_msp.o
 .debug_info    0x000000000000fb3a      0x20a Src/stm32f4xx_it.o
 .debug_info    0x000000000000fd44      0xebd Src/syscalls.o
 .debug_info    0x0000000000010c01      0x91c Src/sysmem.o
 .debug_info    0x000000000001151d      0x554 Src/system_stm32f4xx.o
 .debug_info    0x0000000000011a71       0x22 Startup/startup_stm32f407vgtx.o

.debug_abbrev   0x0000000000000000     0x2b0f
 .debug_abbrev  0x0000000000000000      0x1c7 Drivers/STM32F4xx_HAL_Driver/Src/stm32f4xx_hal.o
 .debug_abbrev  0x00000000000001c7      0x205 Drivers/STM32F4xx_HAL_Driver/Src/stm32f4xx_hal_adc.o
 .debug_abbrev  0x00000000000003cc      0x2fa Drivers/STM32F4xx_HAL_Driver/Src/stm32f4xx_hal_cortex.o
 .debug_abbrev  0x00000000000006c6      0x1c9 Drivers/STM32F4xx_HAL_Driver/Src/stm32f4xx_hal_gpio.o
 .debug_abbrev  0x000000000000088f      0x245 Drivers/STM32F4xx_HAL_Driver/Src/stm32f4xx_hal_rcc.o
 .debug_abbrev  0x0000000000000ad4      0x240 Drivers/STM32F4xx_HAL_Driver/Src/stm32f4xx_hal_spi.o
 .debug_abbrev  0x0000000000000d14      0x199 Src/adc.o
 .debug_abbrev  0x0000000000000ead      0x72f Src/gameClasses.o
 .debug_abbrev  0x00000000000015dc      0x134 Src/gpio.o
 .debug_abbrev  0x0000000000001710      0x382 Src/joystick.o
 .debug_abbrev  0x0000000000001a92      0x7bc Src/main.o
 .debug_abbrev  0x000000000000224e      0x199 Src/spi.o
 .debug_abbrev  0x00000000000023e7      0x109 Src/stm32f4xx_hal_msp.o
 .debug_abbrev  0x00000000000024f0       0xc6 Src/stm32f4xx_it.o
 .debug_abbrev  0x00000000000025b6      0x261 Src/syscalls.o
 .debug_abbrev  0x0000000000002817      0x1bb Src/sysmem.o
 .debug_abbrev  0x00000000000029d2      0x12b Src/system_stm32f4xx.o
 .debug_abbrev  0x0000000000002afd       0x12 Startup/startup_stm32f407vgtx.o

.debug_aranges  0x0000000000000000      0xcd8
 .debug_aranges
                0x0000000000000000       0xf0 Drivers/STM32F4xx_HAL_Driver/Src/stm32f4xx_hal.o
 .debug_aranges
                0x00000000000000f0       0xe8 Drivers/STM32F4xx_HAL_Driver/Src/stm32f4xx_hal_adc.o
 .debug_aranges
                0x00000000000001d8      0x118 Drivers/STM32F4xx_HAL_Driver/Src/stm32f4xx_hal_cortex.o
 .debug_aranges
                0x00000000000002f0       0x58 Drivers/STM32F4xx_HAL_Driver/Src/stm32f4xx_hal_gpio.o
 .debug_aranges
                0x0000000000000348       0x88 Drivers/STM32F4xx_HAL_Driver/Src/stm32f4xx_hal_rcc.o
 .debug_aranges
                0x00000000000003d0      0x1d0 Drivers/STM32F4xx_HAL_Driver/Src/stm32f4xx_hal_spi.o
 .debug_aranges
                0x00000000000005a0       0x38 Src/adc.o
 .debug_aranges
                0x00000000000005d8      0x308 Src/gameClasses.o
 .debug_aranges
                0x00000000000008e0       0x20 Src/gpio.o
 .debug_aranges
                0x0000000000000900       0x20 Src/joystick.o
 .debug_aranges
                0x0000000000000920      0x1f0 Src/main.o
 .debug_aranges
                0x0000000000000b10       0x30 Src/spi.o
 .debug_aranges
                0x0000000000000b40       0x20 Src/stm32f4xx_hal_msp.o
 .debug_aranges
                0x0000000000000b60       0x60 Src/stm32f4xx_it.o
 .debug_aranges
                0x0000000000000bc0       0xa8 Src/syscalls.o
 .debug_aranges
                0x0000000000000c68       0x20 Src/sysmem.o
 .debug_aranges
                0x0000000000000c88       0x28 Src/system_stm32f4xx.o
 .debug_aranges
                0x0000000000000cb0       0x28 Startup/startup_stm32f407vgtx.o

.debug_ranges   0x0000000000000000      0xbc0
 .debug_ranges  0x0000000000000000       0xe0 Drivers/STM32F4xx_HAL_Driver/Src/stm32f4xx_hal.o
 .debug_ranges  0x00000000000000e0       0xd8 Drivers/STM32F4xx_HAL_Driver/Src/stm32f4xx_hal_adc.o
 .debug_ranges  0x00000000000001b8      0x108 Drivers/STM32F4xx_HAL_Driver/Src/stm32f4xx_hal_cortex.o
 .debug_ranges  0x00000000000002c0       0x48 Drivers/STM32F4xx_HAL_Driver/Src/stm32f4xx_hal_gpio.o
 .debug_ranges  0x0000000000000308       0x78 Drivers/STM32F4xx_HAL_Driver/Src/stm32f4xx_hal_rcc.o
 .debug_ranges  0x0000000000000380      0x1c0 Drivers/STM32F4xx_HAL_Driver/Src/stm32f4xx_hal_spi.o
 .debug_ranges  0x0000000000000540       0x28 Src/adc.o
 .debug_ranges  0x0000000000000568      0x2f8 Src/gameClasses.o
 .debug_ranges  0x0000000000000860       0x10 Src/gpio.o
 .debug_ranges  0x0000000000000870       0x10 Src/joystick.o
 .debug_ranges  0x0000000000000880      0x1e0 Src/main.o
 .debug_ranges  0x0000000000000a60       0x20 Src/spi.o
 .debug_ranges  0x0000000000000a80       0x10 Src/stm32f4xx_hal_msp.o
 .debug_ranges  0x0000000000000a90       0x50 Src/stm32f4xx_it.o
 .debug_ranges  0x0000000000000ae0       0x98 Src/syscalls.o
 .debug_ranges  0x0000000000000b78       0x10 Src/sysmem.o
 .debug_ranges  0x0000000000000b88       0x18 Src/system_stm32f4xx.o
 .debug_ranges  0x0000000000000ba0       0x20 Startup/startup_stm32f407vgtx.o

.debug_macro    0x0000000000000000    0x244bf
 .debug_macro   0x0000000000000000      0x233 Drivers/STM32F4xx_HAL_Driver/Src/stm32f4xx_hal.o
 .debug_macro   0x0000000000000233      0xa5a Drivers/STM32F4xx_HAL_Driver/Src/stm32f4xx_hal.o
 .debug_macro   0x0000000000000c8d      0x18a Drivers/STM32F4xx_HAL_Driver/Src/stm32f4xx_hal.o
 .debug_macro   0x0000000000000e17       0x32 Drivers/STM32F4xx_HAL_Driver/Src/stm32f4xx_hal.o
 .debug_macro   0x0000000000000e49       0x2f Drivers/STM32F4xx_HAL_Driver/Src/stm32f4xx_hal.o
 .debug_macro   0x0000000000000e78       0x22 Drivers/STM32F4xx_HAL_Driver/Src/stm32f4xx_hal.o
 .debug_macro   0x0000000000000e9a       0x8e Drivers/STM32F4xx_HAL_Driver/Src/stm32f4xx_hal.o
 .debug_macro   0x0000000000000f28       0x51 Drivers/STM32F4xx_HAL_Driver/Src/stm32f4xx_hal.o
 .debug_macro   0x0000000000000f79       0xef Drivers/STM32F4xx_HAL_Driver/Src/stm32f4xx_hal.o
 .debug_macro   0x0000000000001068       0x6a Drivers/STM32F4xx_HAL_Driver/Src/stm32f4xx_hal.o
 .debug_macro   0x00000000000010d2      0x1df Drivers/STM32F4xx_HAL_Driver/Src/stm32f4xx_hal.o
 .debug_macro   0x00000000000012b1       0x1c Drivers/STM32F4xx_HAL_Driver/Src/stm32f4xx_hal.o
 .debug_macro   0x00000000000012cd       0x22 Drivers/STM32F4xx_HAL_Driver/Src/stm32f4xx_hal.o
 .debug_macro   0x00000000000012ef       0xdf Drivers/STM32F4xx_HAL_Driver/Src/stm32f4xx_hal.o
 .debug_macro   0x00000000000013ce     0x102d Drivers/STM32F4xx_HAL_Driver/Src/stm32f4xx_hal.o
 .debug_macro   0x00000000000023fb      0x11f Drivers/STM32F4xx_HAL_Driver/Src/stm32f4xx_hal.o
 .debug_macro   0x000000000000251a    0x15e3c Drivers/STM32F4xx_HAL_Driver/Src/stm32f4xx_hal.o
 .debug_macro   0x0000000000018356       0x43 Drivers/STM32F4xx_HAL_Driver/Src/stm32f4xx_hal.o
 .debug_macro   0x0000000000018399     0x3652 Drivers/STM32F4xx_HAL_Driver/Src/stm32f4xx_hal.o
 .debug_macro   0x000000000001b9eb      0x174 Drivers/STM32F4xx_HAL_Driver/Src/stm32f4xx_hal.o
 .debug_macro   0x000000000001bb5f       0x5a Drivers/STM32F4xx_HAL_Driver/Src/stm32f4xx_hal.o
 .debug_macro   0x000000000001bbb9      0x96b Drivers/STM32F4xx_HAL_Driver/Src/stm32f4xx_hal.o
 .debug_macro   0x000000000001c524      0x9fe Drivers/STM32F4xx_HAL_Driver/Src/stm32f4xx_hal.o
 .debug_macro   0x000000000001cf22      0x174 Drivers/STM32F4xx_HAL_Driver/Src/stm32f4xx_hal.o
 .debug_macro   0x000000000001d096      0x117 Drivers/STM32F4xx_HAL_Driver/Src/stm32f4xx_hal.o
 .debug_macro   0x000000000001d1ad      0x13e Drivers/STM32F4xx_HAL_Driver/Src/stm32f4xx_hal.o
 .debug_macro   0x000000000001d2eb       0x27 Drivers/STM32F4xx_HAL_Driver/Src/stm32f4xx_hal.o
 .debug_macro   0x000000000001d312      0x287 Drivers/STM32F4xx_HAL_Driver/Src/stm32f4xx_hal.o
 .debug_macro   0x000000000001d599       0x5f Drivers/STM32F4xx_HAL_Driver/Src/stm32f4xx_hal.o
 .debug_macro   0x000000000001d5f8      0x236 Drivers/STM32F4xx_HAL_Driver/Src/stm32f4xx_hal.o
 .debug_macro   0x000000000001d82e      0x391 Drivers/STM32F4xx_HAL_Driver/Src/stm32f4xx_hal.o
 .debug_macro   0x000000000001dbbf      0x176 Drivers/STM32F4xx_HAL_Driver/Src/stm32f4xx_hal.o
 .debug_macro   0x000000000001dd35       0xf9 Drivers/STM32F4xx_HAL_Driver/Src/stm32f4xx_hal.o
 .debug_macro   0x000000000001de2e      0x12c Drivers/STM32F4xx_HAL_Driver/Src/stm32f4xx_hal.o
 .debug_macro   0x000000000001df5a      0x21e Drivers/STM32F4xx_HAL_Driver/Src/stm32f4xx_hal.o
 .debug_macro   0x000000000001e178       0x2e Drivers/STM32F4xx_HAL_Driver/Src/stm32f4xx_hal.o
 .debug_macro   0x000000000001e1a6      0x11a Drivers/STM32F4xx_HAL_Driver/Src/stm32f4xx_hal.o
 .debug_macro   0x000000000001e2c0       0x7e Drivers/STM32F4xx_HAL_Driver/Src/stm32f4xx_hal.o
 .debug_macro   0x000000000001e33e       0x89 Drivers/STM32F4xx_HAL_Driver/Src/stm32f4xx_hal.o
 .debug_macro   0x000000000001e3c7      0x225 Drivers/STM32F4xx_HAL_Driver/Src/stm32f4xx_hal.o
 .debug_macro   0x000000000001e5ec      0x12d Drivers/STM32F4xx_HAL_Driver/Src/stm32f4xx_hal.o
 .debug_macro   0x000000000001e719      0x1d4 Drivers/STM32F4xx_HAL_Driver/Src/stm32f4xx_hal_adc.o
 .debug_macro   0x000000000001e8ed      0x1d3 Drivers/STM32F4xx_HAL_Driver/Src/stm32f4xx_hal_cortex.o
 .debug_macro   0x000000000001eac0      0x209 Drivers/STM32F4xx_HAL_Driver/Src/stm32f4xx_hal_gpio.o
 .debug_macro   0x000000000001ecc9      0x1f7 Drivers/STM32F4xx_HAL_Driver/Src/stm32f4xx_hal_rcc.o
 .debug_macro   0x000000000001eec0      0x1e2 Drivers/STM32F4xx_HAL_Driver/Src/stm32f4xx_hal_spi.o
 .debug_macro   0x000000000001f0a2      0x1ec Src/adc.o
 .debug_macro   0x000000000001f28e       0x4c Src/adc.o
 .debug_macro   0x000000000001f2da      0x3dd Src/gameClasses.o
 .debug_macro   0x000000000001f6b7      0xb2c Src/gameClasses.o
 .debug_macro   0x00000000000201e3       0x1c Src/gameClasses.o
 .debug_macro   0x00000000000201ff     0x102d Src/gameClasses.o
 .debug_macro   0x000000000002122c      0x17b Src/gameClasses.o
 .debug_macro   0x00000000000213a7      0x168 Src/gameClasses.o
 .debug_macro   0x000000000002150f       0x10 Src/gameClasses.o
 .debug_macro   0x000000000002151f      0x3f4 Src/gameClasses.o
 .debug_macro   0x0000000000021913       0x1c Src/gameClasses.o
 .debug_macro   0x000000000002192f       0x18 Src/gameClasses.o
 .debug_macro   0x0000000000021947       0x6e Src/gameClasses.o
 .debug_macro   0x00000000000219b5       0x28 Src/gameClasses.o
 .debug_macro   0x00000000000219dd       0x41 Src/gameClasses.o
 .debug_macro   0x0000000000021a1e       0x12 Src/gameClasses.o
 .debug_macro   0x0000000000021a30       0x2e Src/gameClasses.o
 .debug_macro   0x0000000000021a5e       0x19 Src/gameClasses.o
 .debug_macro   0x0000000000021a77       0x76 Src/gameClasses.o
 .debug_macro   0x0000000000021aed       0x19 Src/gameClasses.o
 .debug_macro   0x0000000000021b06       0x10 Src/gameClasses.o
 .debug_macro   0x0000000000021b16       0x17 Src/gameClasses.o
 .debug_macro   0x0000000000021b2d       0x10 Src/gameClasses.o
 .debug_macro   0x0000000000021b3d       0x17 Src/gameClasses.o
 .debug_macro   0x0000000000021b54      0x1ec Src/gpio.o
 .debug_macro   0x0000000000021d40      0x3ef Src/joystick.o
 .debug_macro   0x000000000002212f      0x403 Src/main.o
 .debug_macro   0x0000000000022532      0x1ec Src/spi.o
 .debug_macro   0x000000000002271e      0x1e2 Src/stm32f4xx_hal_msp.o
 .debug_macro   0x0000000000022900      0x1ec Src/stm32f4xx_it.o
 .debug_macro   0x0000000000022aec      0x243 Src/syscalls.o
 .debug_macro   0x0000000000022d2f       0x40 Src/syscalls.o
 .debug_macro   0x0000000000022d6f       0x18 Src/syscalls.o
 .debug_macro   0x0000000000022d87       0x94 Src/syscalls.o
 .debug_macro   0x0000000000022e1b       0x3c Src/syscalls.o
 .debug_macro   0x0000000000022e57       0x34 Src/syscalls.o
 .debug_macro   0x0000000000022e8b       0x57 Src/syscalls.o
 .debug_macro   0x0000000000022ee2      0x330 Src/syscalls.o
 .debug_macro   0x0000000000023212       0x52 Src/syscalls.o