Archive member included to satisfy reference by file (symbol)

c:/st/stm32cubeide_1.0.2/stm32cubeide/plugins/com.st.stm32cube.ide.mcu.externaltools.gnu-tools-for-stm32.7-2018-q2-update.win32_1.0.0.201904181610/tools/bin/../lib/gcc/arm-none-eabi/7.3.1/../../../../arm-none-eabi/lib/thumb/v7e-m/fpv4-sp/hard\libstdc++_nano.a(pure.o)
                              Src/gameClasses.o (__cxa_pure_virtual)
c:/st/stm32cubeide_1.0.2/stm32cubeide/plugins/com.st.stm32cube.ide.mcu.externaltools.gnu-tools-for-stm32.7-2018-q2-update.win32_1.0.0.201904181610/tools/bin/../lib/gcc/arm-none-eabi/7.3.1/../../../../arm-none-eabi/lib/thumb/v7e-m/fpv4-sp/hard\libstdc++_nano.a(del_ops.o)
                              Src/gameClasses.o (operator delete(void*, unsigned int))
c:/st/stm32cubeide_1.0.2/stm32cubeide/plugins/com.st.stm32cube.ide.mcu.externaltools.gnu-tools-for-stm32.7-2018-q2-update.win32_1.0.0.201904181610/tools/bin/../lib/gcc/arm-none-eabi/7.3.1/../../../../arm-none-eabi/lib/thumb/v7e-m/fpv4-sp/hard\libstdc++_nano.a(new_op.o)
                              Src/gameClasses.o (operator new(unsigned int))
c:/st/stm32cubeide_1.0.2/stm32cubeide/plugins/com.st.stm32cube.ide.mcu.externaltools.gnu-tools-for-stm32.7-2018-q2-update.win32_1.0.0.201904181610/tools/bin/../lib/gcc/arm-none-eabi/7.3.1/../../../../arm-none-eabi/lib/thumb/v7e-m/fpv4-sp/hard\libstdc++_nano.a(new_handler.o)
                              c:/st/stm32cubeide_1.0.2/stm32cubeide/plugins/com.st.stm32cube.ide.mcu.externaltools.gnu-tools-for-stm32.7-2018-q2-update.win32_1.0.0.201904181610/tools/bin/../lib/gcc/arm-none-eabi/7.3.1/../../../../arm-none-eabi/lib/thumb/v7e-m/fpv4-sp/hard\libstdc++_nano.a(new_op.o) (std::get_new_handler())
c:/st/stm32cubeide_1.0.2/stm32cubeide/plugins/com.st.stm32cube.ide.mcu.externaltools.gnu-tools-for-stm32.7-2018-q2-update.win32_1.0.0.201904181610/tools/bin/../lib/gcc/arm-none-eabi/7.3.1/../../../../arm-none-eabi/lib/thumb/v7e-m/fpv4-sp/hard\libstdc++_nano.a(del_op.o)
                              Src/gameClasses.o (operator delete(void*))
c:/st/stm32cubeide_1.0.2/stm32cubeide/plugins/com.st.stm32cube.ide.mcu.externaltools.gnu-tools-for-stm32.7-2018-q2-update.win32_1.0.0.201904181610/tools/bin/../lib/gcc/arm-none-eabi/7.3.1/../../../../arm-none-eabi/lib/thumb/v7e-m/fpv4-sp/hard\libstdc++_nano.a(eh_terminate.o)
                              c:/st/stm32cubeide_1.0.2/stm32cubeide/plugins/com.st.stm32cube.ide.mcu.externaltools.gnu-tools-for-stm32.7-2018-q2-update.win32_1.0.0.201904181610/tools/bin/../lib/gcc/arm-none-eabi/7.3.1/../../../../arm-none-eabi/lib/thumb/v7e-m/fpv4-sp/hard\libstdc++_nano.a(pure.o) (std::terminate())
c:/st/stm32cubeide_1.0.2/stm32cubeide/plugins/com.st.stm32cube.ide.mcu.externaltools.gnu-tools-for-stm32.7-2018-q2-update.win32_1.0.0.201904181610/tools/bin/../lib/gcc/arm-none-eabi/7.3.1/../../../../arm-none-eabi/lib/thumb/v7e-m/fpv4-sp/hard\libstdc++_nano.a(functexcept.o)
                              Src/gameClasses.o (std::__throw_bad_alloc())
c:/st/stm32cubeide_1.0.2/stm32cubeide/plugins/com.st.stm32cube.ide.mcu.externaltools.gnu-tools-for-stm32.7-2018-q2-update.win32_1.0.0.201904181610/tools/bin/../lib/gcc/arm-none-eabi/7.3.1/../../../../arm-none-eabi/lib/thumb/v7e-m/fpv4-sp/hard\libstdc++_nano.a(eh_unex_handler.o)
                              c:/st/stm32cubeide_1.0.2/stm32cubeide/plugins/com.st.stm32cube.ide.mcu.externaltools.gnu-tools-for-stm32.7-2018-q2-update.win32_1.0.0.201904181610/tools/bin/../lib/gcc/arm-none-eabi/7.3.1/../../../../arm-none-eabi/lib/thumb/v7e-m/fpv4-sp/hard\libstdc++_nano.a(eh_terminate.o) (__cxxabiv1::__unexpected_handler)
c:/st/stm32cubeide_1.0.2/stm32cubeide/plugins/com.st.stm32cube.ide.mcu.externaltools.gnu-tools-for-stm32.7-2018-q2-update.win32_1.0.0.201904181610/tools/bin/../lib/gcc/arm-none-eabi/7.3.1/../../../../arm-none-eabi/lib/thumb/v7e-m/fpv4-sp/hard\libstdc++_nano.a(eh_term_handler.o)
                              c:/st/stm32cubeide_1.0.2/stm32cubeide/plugins/com.st.stm32cube.ide.mcu.externaltools.gnu-tools-for-stm32.7-2018-q2-update.win32_1.0.0.201904181610/tools/bin/../lib/gcc/arm-none-eabi/7.3.1/../../../../arm-none-eabi/lib/thumb/v7e-m/fpv4-sp/hard\libstdc++_nano.a(eh_terminate.o) (__cxxabiv1::__terminate_handler)
c:/st/stm32cubeide_1.0.2/stm32cubeide/plugins/com.st.stm32cube.ide.mcu.externaltools.gnu-tools-for-stm32.7-2018-q2-update.win32_1.0.0.201904181610/tools/bin/../lib/gcc/arm-none-eabi/7.3.1/../../../../arm-none-eabi/lib/thumb/v7e-m/fpv4-sp/hard\libstdc++_nano.a(snprintf_lite.o)
                              c:/st/stm32cubeide_1.0.2/stm32cubeide/plugins/com.st.stm32cube.ide.mcu.externaltools.gnu-tools-for-stm32.7-2018-q2-update.win32_1.0.0.201904181610/tools/bin/../lib/gcc/arm-none-eabi/7.3.1/../../../../arm-none-eabi/lib/thumb/v7e-m/fpv4-sp/hard\libstdc++_nano.a(functexcept.o) (__gnu_cxx::__snprintf_lite(char*, unsigned int, char const*, std::__va_list))
[...]
Memory Configuration

Name             Origin             Length             Attributes
CCMRAM           0x0000000010000000 0x0000000000010000 xrw
RAM              0x0000000020000000 0x0000000000020000 xrw
FLASH            0x0000000008000000 0x0000000000100000 xr
*default*        0x0000000000000000 0xffffffffffffffff

Linker script and memory map

LOAD c:/st/stm32cubeide_1.0.2/stm32cubeide/plugins/com.st.stm32cube.ide.mcu.externaltools.gnu-tools-for-stm32.7-2018-q2-update.win32_1.0.0.201904181610/tools/bin/../lib/gcc/arm-none-eabi/7.3.1/thumb/v7e-m/fpv4-sp/hard/crti.o
LOAD c:/st/stm32cubeide_1.0.2/stm32cubeide/plugins/com.st.stm32cube.ide.mcu.externaltools.gnu-tools-for-stm32.7-2018-q2-update.win32_1.0.0.201904181610/tools/bin/../lib/gcc/arm-none-eabi/7.3.1/thumb/v7e-m/fpv4-sp/hard/crtbegin.o
LOAD c:/st/stm32cubeide_1.0.2/stm32cubeide/plugins/com.st.stm32cube.ide.mcu.externaltools.gnu-tools-for-stm32.7-2018-q2-update.win32_1.0.0.201904181610/tools/bin/../lib/gcc/arm-none-eabi/7.3.1/../../../../arm-none-eabi/lib/thumb/v7e-m/fpv4-sp/hard/crt0.o
LOAD Drivers/STM32F4xx_HAL_Driver/Src/stm32f4xx_hal.o
LOAD Drivers/STM32F4xx_HAL_Driver/Src/stm32f4xx_hal_adc.o
LOAD Drivers/STM32F4xx_HAL_Driver/Src/stm32f4xx_hal_adc_ex.o
LOAD Drivers/STM32F4xx_HAL_Driver/Src/stm32f4xx_hal_cortex.o
LOAD Drivers/STM32F4xx_HAL_Driver/Src/stm32f4xx_hal_dma.o
LOAD Drivers/STM32F4xx_HAL_Driver/Src/stm32f4xx_hal_dma_ex.o
LOAD Drivers/STM32F4xx_HAL_Driver/Src/stm32f4xx_hal_exti.o
LOAD Drivers/STM32F4xx_HAL_Driver/Src/stm32f4xx_hal_flash.o
LOAD Drivers/STM32F4xx_HAL_Driver/Src/stm32f4xx_hal_flash_ex.o
LOAD Drivers/STM32F4xx_HAL_Driver/Src/stm32f4xx_hal_flash_ramfunc.o
LOAD Drivers/STM32F4xx_HAL_Driver/Src/stm32f4xx_hal_gpio.o
LOAD Drivers/STM32F4xx_HAL_Driver/Src/stm32f4xx_hal_pwr.o
LOAD Drivers/STM32F4xx_HAL_Driver/Src/stm32f4xx_hal_pwr_ex.o
LOAD Drivers/STM32F4xx_HAL_Driver/Src/stm32f4xx_hal_rcc.o
LOAD Drivers/STM32F4xx_HAL_Driver/Src/stm32f4xx_hal_rcc_ex.o
LOAD Drivers/STM32F4xx_HAL_Driver/Src/stm32f4xx_hal_spi.o
LOAD Drivers/STM32F4xx_HAL_Driver/Src/stm32f4xx_hal_tim.o
LOAD Drivers/STM32F4xx_HAL_Driver/Src/stm32f4xx_hal_tim_ex.o
LOAD Src/adc.o
LOAD Src/display.o
LOAD Src/gameClasses.o
LOAD Src/gpio.o
LOAD Src/joystick.o
LOAD Src/main.o
LOAD Src/screen.o
LOAD Src/spi.o
LOAD Src/stm32f4xx_hal_msp.o
LOAD Src/stm32f4xx_it.o
LOAD Src/syscalls.o
LOAD Src/sysmem.o
LOAD Src/system_stm32f4xx.o
LOAD Startup/startup_stm32f407vgtx.o
START GROUP
LOAD c:/st/stm32cubeide_1.0.2/stm32cubeide/plugins/com.st.stm32cube.ide.mcu.externaltools.gnu-tools-for-stm32.7-2018-q2-update.win32_1.0.0.201904181610/tools/bin/../lib/gcc/arm-none-eabi/7.3.1/../../../../arm-none-eabi/lib/thumb/v7e-m/fpv4-sp/hard\libstdc++_nano.a
LOAD c:/st/stm32cubeide_1.0.2/stm32cubeide/plugins/com.st.stm32cube.ide.mcu.externaltools.gnu-tools-for-stm32.7-2018-q2-update.win32_1.0.0.201904181610/tools/bin/../lib/gcc/arm-none-eabi/7.3.1/../../../../arm-none-eabi/lib/thumb/v7e-m/fpv4-sp/hard\libsupc++_nano.a
END GROUP
LOAD c:/st/stm32cubeide_1.0.2/stm32cubeide/plugins/com.st.stm32cube.ide.mcu.externaltools.gnu-tools-for-stm32.7-2018-q2-update.win32_1.0.0.201904181610/tools/bin/../lib/gcc/arm-none-eabi/7.3.1/../../../../arm-none-eabi/lib/thumb/v7e-m/fpv4-sp/hard\libstdc++_nano.a
LOAD c:/st/stm32cubeide_1.0.2/stm32cubeide/plugins/com.st.stm32cube.ide.mcu.externaltools.gnu-tools-for-stm32.7-2018-q2-update.win32_1.0.0.201904181610/tools/bin/../lib/gcc/arm-none-eabi/7.3.1/../../../../arm-none-eabi/lib/thumb/v7e-m/fpv4-sp/hard\libm.a
LOAD c:/st/stm32cubeide_1.0.2/stm32cubeide/plugins/com.st.stm32cube.ide.mcu.externaltools.gnu-tools-for-stm32.7-2018-q2-update.win32_1.0.0.201904181610/tools/bin/../lib/gcc/arm-none-eabi/7.3.1/../../../../arm-none-eabi/lib/thumb/v7e-m/fpv4-sp/hard\libc_nano.a
START GROUP
LOAD c:/st/stm32cubeide_1.0.2/stm32cubeide/plugins/com.st.stm32cube.ide.mcu.externaltools.gnu-tools-for-stm32.7-2018-q2-update.win32_1.0.0.201904181610/tools/bin/../lib/gcc/arm-none-eabi/7.3.1/thumb/v7e-m/fpv4-sp/hard\libgcc.a
LOAD c:/st/stm32cubeide_1.0.2/stm32cubeide/plugins/com.st.stm32cube.ide.mcu.externaltools.gnu-tools-for-stm32.7-2018-q2-update.win32_1.0.0.201904181610/tools/bin/../lib/gcc/arm-none-eabi/7.3.1/../../../../arm-none-eabi/lib/thumb/v7e-m/fpv4-sp/hard\libc_nano.a
END GROUP
START GROUP
LOAD c:/st/stm32cubeide_1.0.2/stm32cubeide/plugins/com.st.stm32cube.ide.mcu.externaltools.gnu-tools-for-stm32.7-2018-q2-update.win32_1.0.0.201904181610/tools/bin/../lib/gcc/arm-none-eabi/7.3.1/thumb/v7e-m/fpv4-sp/hard\libgcc.a
LOAD c:/st/stm32cubeide_1.0.2/stm32cubeide/plugins/com.st.stm32cube.ide.mcu.externaltools.gnu-tools-for-stm32.7-2018-q2-update.win32_1.0.0.201904181610/tools/bin/../lib/gcc/arm-none-eabi/7.3.1/../../../../arm-none-eabi/lib/thumb/v7e-m/fpv4-sp/hard\libc_nano.a
LOAD c:/st/stm32cubeide_1.0.2/stm32cubeide/plugins/com.st.stm32cube.ide.mcu.externaltools.gnu-tools-for-stm32.7-2018-q2-update.win32_1.0.0.201904181610/tools/bin/../lib/gcc/arm-none-eabi/7.3.1/../../../../arm-none-eabi/lib/thumb/v7e-m/fpv4-sp/hard\libnosys.a
END GROUP
START GROUP
LOAD c:/st/stm32cubeide_1.0.2/stm32cubeide/plugins/com.st.stm32cube.ide.mcu.externaltools.gnu-tools-for-stm32.7-2018-q2-update.win32_1.0.0.201904181610/tools/bin/../lib/gcc/arm-none-eabi/7.3.1/thumb/v7e-m/fpv4-sp/hard\libgcc.a
LOAD c:/st/stm32cubeide_1.0.2/stm32cubeide/plugins/com.st.stm32cube.ide.mcu.externaltools.gnu-tools-for-stm32.7-2018-q2-update.win32_1.0.0.201904181610/tools/bin/../lib/gcc/arm-none-eabi/7.3.1/../../../../arm-none-eabi/lib/thumb/v7e-m/fpv4-sp/hard\libc_nano.a
LOAD c:/st/stm32cubeide_1.0.2/stm32cubeide/plugins/com.st.stm32cube.ide.mcu.externaltools.gnu-tools-for-stm32.7-2018-q2-update.win32_1.0.0.201904181610/tools/bin/../lib/gcc/arm-none-eabi/7.3.1/../../../../arm-none-eabi/lib/thumb/v7e-m/fpv4-sp/hard\libnosys.a
END GROUP
LOAD c:/st/stm32cubeide_1.0.2/stm32cubeide/plugins/com.st.stm32cube.ide.mcu.externaltools.gnu-tools-for-stm32.7-2018-q2-update.win32_1.0.0.201904181610/tools/bin/../lib/gcc/arm-none-eabi/7.3.1/thumb/v7e-m/fpv4-sp/hard/crtend.o
LOAD c:/st/stm32cubeide_1.0.2/stm32cubeide/plugins/com.st.stm32cube.ide.mcu.externaltools.gnu-tools-for-stm32.7-2018-q2-update.win32_1.0.0.201904181610/tools/bin/../lib/gcc/arm-none-eabi/7.3.1/thumb/v7e-m/fpv4-sp/hard/crtn.o
                0x0000000020020000                _estack = 0x20020000
                0x0000000000000200                _Min_Heap_Size = 0x200
                0x0000000000000400                _Min_Stack_Size = 0x400

.isr_vector     0x0000000008000000      0x188
                0x0000000008000000                . = ALIGN (0x4)
 *(.isr_vector)
 .isr_vector    0x0000000008000000      0x188 Startup/startup_stm32f407vgtx.o
                0x0000000008000000                g_pfnVectors
                0x0000000008000188                . = ALIGN (0x4)

.text           0x0000000008000188     0x3d44
                0x0000000008000188                . = ALIGN (0x4)
 *(.text)
 .text          0x0000000008000188       0x40 c:/st/stm32cubeide_1.0.2/stm32cubeide/plugins/com.st.stm32cube.ide.mcu.externaltools.gnu-tools-for-stm32.7-2018-q2-update.win32_1.0.0.201904181610/tools/bin/../lib/gcc/arm-none-eabi/7.3.1/thumb/v7e-m/fpv4-sp/hard/crtbegin.o
 .text          0x00000000080001c8       0x30 c:/st/stm32cubeide_1.0.2/stm32cubeide/plugins/com.st.stm32cube.ide.mcu.externaltools.gnu-tools-for-stm32.7-2018-q2-update.win32_1.0.0.201904181610/tools/bin/../lib/gcc/arm-none-eabi/7.3.1/thumb/v7e-m/fpv4-sp/hard\libgcc.a(_aeabi_uldivmod.o)
                0x00000000080001c8                __aeabi_uldivmod
 .text          0x00000000080001f8      0x2cc c:/st/stm32cubeide_1.0.2/stm32cubeide/plugins/com.st.stm32cube.ide.mcu.externaltools.gnu-tools-for-stm32.7-2018-q2-update.win32_1.0.0.201904181610/tools/bin/../lib/gcc/arm-none-eabi/7.3.1/thumb/v7e-m/fpv4-sp/hard\libgcc.a(_udivmoddi4.o)
                0x00000000080001f8                __udivmoddi4
 .text          0x00000000080004c4        0x4 c:/st/stm32cubeide_1.0.2/stm32cubeide/plugins/com.st.stm32cube.ide.mcu.externaltools.gnu-tools-for-stm32.7-2018-q2-update.win32_1.0.0.201904181610/tools/bin/../lib/gcc/arm-none-eabi/7.3.1/thumb/v7e-m/fpv4-sp/hard\libgcc.a(_dvmd_tls.o)
                0x00000000080004c4                __aeabi_idiv0
                0x00000000080004c4                __aeabi_ldiv0
 *(.text*)
 .text.HAL_Init
                0x00000000080004c8       0x44 Drivers/STM32F4xx_HAL_Driver/Src/stm32f4xx_hal.o
                0x00000000080004c8                HAL_Init
 .text.HAL_InitTick
                0x000000000800050c       0x60 Drivers/STM32F4xx_HAL_Driver/Src/stm32f4xx_hal.o
                0x000000000800050c                HAL_InitTick
 .text.HAL_IncTick
                0x000000000800056c       0x28 Drivers/STM32F4xx_HAL_Driver/Src/stm32f4xx_hal.o
                0x000000000800056c                HAL_IncTick
 .text.HAL_GetTick
                0x0000000008000594       0x18 Drivers/STM32F4xx_HAL_Driver/Src/stm32f4xx_hal.o
                0x0000000008000594                HAL_GetTick
 .text.HAL_Delay
                0x00000000080005ac       0x44 Drivers/STM32F4xx_HAL_Driver/Src/stm32f4xx_hal.o
                0x00000000080005ac                HAL_Delay
 .text.HAL_ADC_Init
                0x00000000080005f0       0x86 Drivers/STM32F4xx_HAL_Driver/Src/stm32f4xx_hal_adc.o
                0x00000000080005f0                HAL_ADC_Init
 *fill*         0x0000000008000676        0x2 
 .text.HAL_ADC_Start
                0x0000000008000678      0x18c Drivers/STM32F4xx_HAL_Driver/Src/stm32f4xx_hal_adc.o
                0x0000000008000678                HAL_ADC_Start
 .text.HAL_ADC_PollForConversion
                0x0000000008000804      0x108 Drivers/STM32F4xx_HAL_Driver/Src/stm32f4xx_hal_adc.o
                0x0000000008000804                HAL_ADC_PollForConversion
 .text.HAL_ADC_GetValue
                0x000000000800090c       0x1a Drivers/STM32F4xx_HAL_Driver/Src/stm32f4xx_hal_adc.o
                0x000000000800090c                HAL_ADC_GetValue
 *fill*         0x0000000008000926        0x2 
 .text.HAL_ADC_ConfigChannel
                0x0000000008000928      0x244 Drivers/STM32F4xx_HAL_Driver/Src/stm32f4xx_hal_adc.o
                0x0000000008000928                HAL_ADC_ConfigChannel
 .text.ADC_Init
                0x0000000008000b6c      0x1f8 Drivers/STM32F4xx_HAL_Driver/Src/stm32f4xx_hal_adc.o
 .text.__NVIC_SetPriorityGrouping
                0x0000000008000d64       0x48 Drivers/STM32F4xx_HAL_Driver/Src/stm32f4xx_hal_cortex.o
 .text.__NVIC_GetPriorityGrouping
                0x0000000008000dac       0x1c Drivers/STM32F4xx_HAL_Driver/Src/stm32f4xx_hal_cortex.o
 .text.__NVIC_SetPriority
                0x0000000008000dc8       0x54 Drivers/STM32F4xx_HAL_Driver/Src/stm32f4xx_hal_cortex.o
 .text.NVIC_EncodePriority
                0x0000000008000e1c       0x66 Drivers/STM32F4xx_HAL_Driver/Src/stm32f4xx_hal_cortex.o
 *fill*         0x0000000008000e82        0x2 
 .text.SysTick_Config
                0x0000000008000e84       0x44 Drivers/STM32F4xx_HAL_Driver/Src/stm32f4xx_hal_cortex.o
 .text.HAL_NVIC_SetPriorityGrouping
                0x0000000008000ec8       0x16 Drivers/STM32F4xx_HAL_Driver/Src/stm32f4xx_hal_cortex.o
                0x0000000008000ec8                HAL_NVIC_SetPriorityGrouping
 .text.HAL_NVIC_SetPriority
                0x0000000008000ede       0x38 Drivers/STM32F4xx_HAL_Driver/Src/stm32f4xx_hal_cortex.o
                0x0000000008000ede                HAL_NVIC_SetPriority
 .text.HAL_SYSTICK_Config
                0x0000000008000f16       0x18 Drivers/STM32F4xx_HAL_Driver/Src/stm32f4xx_hal_cortex.o
                0x0000000008000f16                HAL_SYSTICK_Config
 *fill*         0x0000000008000f2e        0x2 
 .text.HAL_GPIO_Init
                0x0000000008000f30      0x334 Drivers/STM32F4xx_HAL_Driver/Src/stm32f4xx_hal_gpio.o
                0x0000000008000f30                HAL_GPIO_Init
 .text.HAL_GPIO_WritePin
                0x0000000008001264       0x32 Drivers/STM32F4xx_HAL_Driver/Src/stm32f4xx_hal_gpio.o
                0x0000000008001264                HAL_GPIO_WritePin
 *fill*         0x0000000008001296        0x2 
 .text.HAL_RCC_OscConfig
                0x0000000008001298      0x4e0 Drivers/STM32F4xx_HAL_Driver/Src/stm32f4xx_hal_rcc.o
                0x0000000008001298                HAL_RCC_OscConfig
 .text.HAL_RCC_ClockConfig
                0x0000000008001778      0x1cc Drivers/STM32F4xx_HAL_Driver/Src/stm32f4xx_hal_rcc.o
                0x0000000008001778                HAL_RCC_ClockConfig
 .text.HAL_RCC_GetSysClockFreq
                0x0000000008001944      0x1b0 Drivers/STM32F4xx_HAL_Driver/Src/stm32f4xx_hal_rcc.o
                0x0000000008001944                HAL_RCC_GetSysClockFreq
 .text.HAL_SPI_Init
                0x0000000008001af4       0xc8 Drivers/STM32F4xx_HAL_Driver/Src/stm32f4xx_hal_spi.o
                0x0000000008001af4                HAL_SPI_Init
 .text.HAL_SPI_Transmit
                0x0000000008001bbc      0x268 Drivers/STM32F4xx_HAL_Driver/Src/stm32f4xx_hal_spi.o
                0x0000000008001bbc                HAL_SPI_Transmit
 .text.SPI_WaitFlagStateUntilTimeout
                0x0000000008001e24       0xd4 Drivers/STM32F4xx_HAL_Driver/Src/stm32f4xx_hal_spi.o
 .text.SPI_EndRxTxTransaction
                0x0000000008001ef8       0x84 Drivers/STM32F4xx_HAL_Driver/Src/stm32f4xx_hal_spi.o
 .text.MX_ADC1_Init
                0x0000000008001f7c       0x74 Src/adc.o
                0x0000000008001f7c                MX_ADC1_Init
 .text.MX_ADC2_Init
                0x0000000008001ff0       0xa4 Src/adc.o
                0x0000000008001ff0                MX_ADC2_Init
 .text.HAL_ADC_MspInit
                0x0000000008002094       0xe8 Src/adc.o
                0x0000000008002094                HAL_ADC_MspInit
 .text._ZN6EntityC2Ev
                0x000000000800217c       0x28 Src/gameClasses.o
                0x000000000800217c                Entity::Entity()
                0x000000000800217c                Entity::Entity()
 .text._ZN6EntityD2Ev
                0x00000000080021a4       0x28 Src/gameClasses.o
                0x00000000080021a4                Entity::~Entity()
                0x00000000080021a4                Entity::~Entity()
 .text._ZN6EntityD0Ev
                0x00000000080021cc       0x20 Src/gameClasses.o
                0x00000000080021cc                Entity::~Entity()
 .text._ZN6PlayerD2Ev
                0x00000000080021ec       0x24 Src/gameClasses.o
                0x00000000080021ec                Player::~Player()
                0x00000000080021ec                Player::~Player()
 .text._ZN6PlayerD0Ev
                0x0000000008002210       0x20 Src/gameClasses.o
                0x0000000008002210                Player::~Player()
 .text._ZN6Entity4setXEh
                0x0000000008002230       0x1e Src/gameClasses.o
                0x0000000008002230                Entity::setX(unsigned char)
 .text._ZN6Entity4setYEh
                0x000000000800224e       0x1e Src/gameClasses.o
                0x000000000800224e                Entity::setY(unsigned char)
 .text._ZN6PlayerC2Ev
                0x000000000800226c       0x68 Src/gameClasses.o
                0x000000000800226c                Player::Player()
                0x000000000800226c                Player::Player()
 .text._ZN6Player4shotEv
                0x00000000080022d4       0x14 Src/gameClasses.o
                0x00000000080022d4                Player::shot()
 .text._ZN6Player8movementEv
                0x00000000080022e8       0x14 Src/gameClasses.o
                0x00000000080022e8                Player::movement()
 .text._ZN5EnemyC2Ev
                0x00000000080022fc       0x68 Src/gameClasses.o
                0x00000000080022fc                Enemy::Enemy()
                0x00000000080022fc                Enemy::Enemy()
 .text._ZN5Enemy4shotEv
                0x0000000008002364       0x14 Src/gameClasses.o
                0x0000000008002364                Enemy::shot()
 .text._ZN5Enemy8movementEv
                0x0000000008002378       0x14 Src/gameClasses.o
                0x0000000008002378                Enemy::movement()
 .text._ZN12ConstructionC2Ev
                0x000000000800238c       0x60 Src/gameClasses.o
                0x000000000800238c                Construction::Construction()
                0x000000000800238c                Construction::Construction()
 .text._ZNSt6vectorIhSaIhEEC2Ev
                0x00000000080023ec       0x1a Src/gameClasses.o
                0x00000000080023ec                std::vector<unsigned char, std::allocator<unsigned char> >::vector()
                0x00000000080023ec                std::vector<unsigned char, std::allocator<unsigned char> >::vector()
 .text._ZNSt6vectorIhSaIhEED2Ev
                0x0000000008002406       0x36 Src/gameClasses.o
                0x0000000008002406                std::vector<unsigned char, std::allocator<unsigned char> >::~vector()
                0x0000000008002406                std::vector<unsigned char, std::allocator<unsigned char> >::~vector()
 .text._ZNKSt16initializer_listIhE5beginEv
                0x000000000800243c       0x18 Src/gameClasses.o
                0x000000000800243c                std::initializer_list<unsigned char>::begin() const
 .text._ZNKSt16initializer_listIhE3endEv
                0x0000000008002454       0x22 Src/gameClasses.o
                0x0000000008002454                std::initializer_list<unsigned char>::end() const
 .text._ZNSt6vectorIhSaIhEEaSESt16initializer_listIhE
                0x0000000008002476       0x36 Src/gameClasses.o
                0x0000000008002476                std::vector<unsigned char, std::allocator<unsigned char> >::operator=(std::initializer_list<unsigned char>)
 .text._ZNSt12_Vector_baseIhSaIhEE12_Vector_implD2Ev
                0x00000000080024ac       0x18 Src/gameClasses.o
                0x00000000080024ac                std::_Vector_base<unsigned char, std::allocator<unsigned char> >::_Vector_impl::~_Vector_impl()
                0x00000000080024ac                std::_Vector_base<unsigned char, std::allocator<unsigned char> >::_Vector_impl::~_Vector_impl()
 .text._ZNSt12_Vector_baseIhSaIhEEC2Ev
                0x00000000080024c4       0x1a Src/gameClasses.o
                0x00000000080024c4                std::_Vector_base<unsigned char, std::allocator<unsigned char> >::_Vector_base()
                0x00000000080024c4                std::_Vector_base<unsigned char, std::allocator<unsigned char> >::_Vector_base()
 .text._ZNSt12_Vector_baseIhSaIhEED2Ev
                0x00000000080024de       0x32 Src/gameClasses.o
                0x00000000080024de                std::_Vector_base<unsigned char, std::allocator<unsigned char> >::~_Vector_base()
                0x00000000080024de                std::_Vector_base<unsigned char, std::allocator<unsigned char> >::~_Vector_base()
 .text._ZNSt12_Vector_baseIhSaIhEE19_M_get_Tp_allocatorEv
                0x0000000008002510       0x16 Src/gameClasses.o
                0x0000000008002510                std::_Vector_base<unsigned char, std::allocator<unsigned char> >::_M_get_Tp_allocator()
 .text._ZSt8_DestroyIPhhEvT_S1_RSaIT0_E
                0x0000000008002526       0x1c Src/gameClasses.o
                0x0000000008002526                void std::_Destroy<unsigned char*, unsigned char>(unsigned char*, unsigned char*, std::allocator<unsigned char>&)
 .text._ZNKSt16initializer_listIhE4sizeEv
                0x0000000008002542       0x18 Src/gameClasses.o
                0x0000000008002542                std::initializer_list<unsigned char>::size() const
 .text._ZNSt6vectorIhSaIhEE13_M_assign_auxIPKhEEvT_S5_St20forward_iterator_tag
                0x000000000800255a      0x110 Src/gameClasses.o
                0x000000000800255a                void std::vector<unsigned char, std::allocator<unsigned char> >::_M_assign_aux<unsigned char const*>(unsigned char const*, unsigned char const*, std::forward_iterator_tag)
 .text._ZNKSt12_Vector_baseIhSaIhEE19_M_get_Tp_allocatorEv
                0x000000000800266a       0x16 Src/gameClasses.o
                0x000000000800266a                std::_Vector_base<unsigned char, std::allocator<unsigned char> >::_M_get_Tp_allocator() const
 .text._ZNSt12_Vector_baseIhSaIhEE13_M_deallocateEPhj
                0x0000000008002680       0x26 Src/gameClasses.o
                0x0000000008002680                std::_Vector_base<unsigned char, std::allocator<unsigned char> >::_M_deallocate(unsigned char*, unsigned int)
 .text._ZNKSt6vectorIhSaIhEE4sizeEv
                0x00000000080026a6       0x20 Src/gameClasses.o
                0x00000000080026a6                std::vector<unsigned char, std::allocator<unsigned char> >::size() const
 .text._ZNKSt6vectorIhSaIhEE8capacityEv
                0x00000000080026c6       0x20 Src/gameClasses.o
                0x00000000080026c6                std::vector<unsigned char, std::allocator<unsigned char> >::capacity() const
 .text._ZNKSt6vectorIhSaIhEE5beginEv
                0x00000000080026e6       0x28 Src/gameClasses.o
                0x00000000080026e6                std::vector<unsigned char, std::allocator<unsigned char> >::begin() const
 .text._ZNKSt6vectorIhSaIhEE3endEv
                0x000000000800270e       0x28 Src/gameClasses.o
                0x000000000800270e                std::vector<unsigned char, std::allocator<unsigned char> >::end() const
 .text._ZNSt12_Vector_baseIhSaIhEE12_Vector_implC2Ev
                0x0000000008002736       0x2a Src/gameClasses.o
                0x0000000008002736                std::_Vector_base<unsigned char, std::allocator<unsigned char> >::_Vector_impl::_Vector_impl()
                0x0000000008002736                std::_Vector_base<unsigned char, std::allocator<unsigned char> >::_Vector_impl::_Vector_impl()
 .text._ZNSaIhED2Ev
                0x0000000008002760       0x18 Src/gameClasses.o
                0x0000000008002760                std::allocator<unsigned char>::~allocator()
                0x0000000008002760                std::allocator<unsigned char>::~allocator()
 .text._ZSt8_DestroyIPhEvT_S1_
                0x0000000008002778       0x1a Src/gameClasses.o
                0x0000000008002778                void std::_Destroy<unsigned char*>(unsigned char*, unsigned char*)
 .text._ZSt19__iterator_categoryIPKhENSt15iterator_traitsIT_E17iterator_categoryERKS3_
                0x0000000008002792       0x14 Src/gameClasses.o
                0x0000000008002792                std::iterator_traits<unsigned char const*>::iterator_category std::__iterator_category<unsigned char const*>(unsigned char const* const&)
 .text._ZSt8distanceIPKhENSt15iterator_traitsIT_E15difference_typeES3_S3_
                0x00000000080027a6       0x28 Src/gameClasses.o
                0x00000000080027a6                std::iterator_traits<unsigned char const*>::difference_type std::distance<unsigned char const*>(unsigned char const*, unsigned char const*)
 .text._ZNSt6vectorIhSaIhEE20_M_allocate_and_copyIPKhEEPhjT_S6_
                0x00000000080027ce       0x38 Src/gameClasses.o
                0x00000000080027ce                unsigned char* std::vector<unsigned char, std::allocator<unsigned char> >::_M_allocate_and_copy<unsigned char const*>(unsigned int, unsigned char const*, unsigned char const*)
 .text._ZNSt6vectorIhSaIhEE15_M_erase_at_endEPh
                0x0000000008002806       0x30 Src/gameClasses.o
                0x0000000008002806                std::vector<unsigned char, std::allocator<unsigned char> >::_M_erase_at_end(unsigned char*)
 .text._ZSt4copyIPKhPhET0_T_S4_S3_
                0x0000000008002836       0x30 Src/gameClasses.o
                0x0000000008002836                unsigned char* std::copy<unsigned char const*, unsigned char*>(unsigned char const*, unsigned char const*, unsigned char*)
 .text._ZSt7advanceIPKhjEvRT_T0_
                0x0000000008002866       0x26 Src/gameClasses.o
                0x0000000008002866                void std::advance<unsigned char const*, unsigned int>(unsigned char const*&, unsigned int)
 .text._ZSt22__uninitialized_copy_aIPKhPhhET0_T_S4_S3_RSaIT1_E
                0x000000000800288c       0x22 Src/gameClasses.o
                0x000000000800288c                unsigned char* std::__uninitialized_copy_a<unsigned char const*, unsigned char*, unsigned char>(unsigned char const*, unsigned char const*, unsigned char*, std::allocator<unsigned char>&)
 .text._ZNSt16allocator_traitsISaIhEE10deallocateERS0_Phj
                0x00000000080028ae       0x1e Src/gameClasses.o
                0x00000000080028ae                std::allocator_traits<std::allocator<unsigned char> >::deallocate(std::allocator<unsigned char>&, unsigned char*, unsigned int)
 .text._ZN9__gnu_cxx17__normal_iteratorIPKhSt6vectorIhSaIhEEEC2ERKS2_
                0x00000000080028cc       0x20 Src/gameClasses.o
                0x00000000080028cc                __gnu_cxx::__normal_iterator<unsigned char const*, std::vector<unsigned char, std::allocator<unsigned char> > >::__normal_iterator(unsigned char const* const&)
                0x00000000080028cc                __gnu_cxx::__normal_iterator<unsigned char const*, std::vector<unsigned char, std::allocator<unsigned char> > >::__normal_iterator(unsigned char const* const&)
 .text._ZNSt12_Vector_baseIhSaIhEE11_M_allocateEj
                0x00000000080028ec       0x28 Src/gameClasses.o
                0x00000000080028ec                std::_Vector_base<unsigned char, std::allocator<unsigned char> >::_M_allocate(unsigned int)
 .text._ZSt22__uninitialized_copy_aIN9__gnu_cxx17__normal_iteratorIPKhSt6vectorIhSaIhEEEEPhhET0_T_SA_S9_RSaIT1_E
                0x0000000008002914       0x22 Src/gameClasses.o
                0x0000000008002914                unsigned char* std::__uninitialized_copy_a<__gnu_cxx::__normal_iterator<unsigned char const*, std::vector<unsigned char, std::allocator<unsigned char> > >, unsigned char*, unsigned char>(__gnu_cxx::__normal_iterator<unsigned char const*, std::vector<unsigned char, std::allocator<unsigned char> > >, __gnu_cxx::__normal_iterator<unsigned char const*, std::vector<unsigned char, std::allocator<unsigned char> > >, unsigned char*, std::allocator<unsigned char>&)
 .text._ZSt12__miter_baseIN9__gnu_cxx17__normal_iteratorIPKhSt6vectorIhSaIhEEEEET_S8_
                0x0000000008002936       0x16 Src/gameClasses.o
                0x0000000008002936                __gnu_cxx::__normal_iterator<unsigned char const*, std::vector<unsigned char, std::allocator<unsigned char> > > std::__miter_base<__gnu_cxx::__normal_iterator<unsigned char const*, std::vector<unsigned char, std::allocator<unsigned char> > > >(__gnu_cxx::__normal_iterator<unsigned char const*, std::vector<unsigned char, std::allocator<unsigned char> > >)
 .text._ZNSaIhEC2Ev
                0x000000000800294c       0x18 Src/gameClasses.o
                0x000000000800294c                std::allocator<unsigned char>::allocator()
                0x000000000800294c                std::allocator<unsigned char>::allocator()
 .text._ZN9__gnu_cxx13new_allocatorIhED2Ev
                0x0000000008002964       0x16 Src/gameClasses.o
                0x0000000008002964                __gnu_cxx::new_allocator<unsigned char>::~new_allocator()
                0x0000000008002964                __gnu_cxx::new_allocator<unsigned char>::~new_allocator()
 .text._ZNSt12_Destroy_auxILb1EE9__destroyIPhEEvT_S3_
                0x000000000800297a       0x16 Src/gameClasses.o
                0x000000000800297a                void std::_Destroy_aux<true>::__destroy<unsigned char*>(unsigned char*, unsigned char*)
 .text._ZSt10__distanceIPKhENSt15iterator_traitsIT_E15difference_typeES3_S3_St26random_access_iterator_tag
                0x0000000008002990       0x1e Src/gameClasses.o
                0x0000000008002990                std::iterator_traits<unsigned char const*>::difference_type std::__distance<unsigned char const*>(unsigned char const*, unsigned char const*, std::random_access_iterator_tag)
 .text._ZSt12__miter_baseIPKhET_S2_
                0x00000000080029ae       0x16 Src/gameClasses.o
                0x00000000080029ae                unsigned char const* std::__miter_base<unsigned char const*>(unsigned char const*)
 .text._ZSt14__copy_move_a2ILb0EPKhPhET1_T0_S4_S3_
                0x00000000080029c4       0x38 Src/gameClasses.o
                0x00000000080029c4                unsigned char* std::__copy_move_a2<false, unsigned char const*, unsigned char*>(unsigned char const*, unsigned char const*, unsigned char*)
 .text._ZSt9__advanceIPKhiEvRT_T0_St26random_access_iterator_tag
                0x00000000080029fc       0x24 Src/gameClasses.o
                0x00000000080029fc                void std::__advance<unsigned char const*, int>(unsigned char const*&, int, std::random_access_iterator_tag)
 .text._ZSt18uninitialized_copyIPKhPhET0_T_S4_S3_
                0x0000000008002a20       0x24 Src/gameClasses.o
                0x0000000008002a20                unsigned char* std::uninitialized_copy<unsigned char const*, unsigned char*>(unsigned char const*, unsigned char const*, unsigned char*)
 .text._ZN9__gnu_cxx13new_allocatorIhE10deallocateEPhj
                0x0000000008002a44       0x1a Src/gameClasses.o
                0x0000000008002a44                __gnu_cxx::new_allocator<unsigned char>::deallocate(unsigned char*, unsigned int)
 .text._ZNSt16allocator_traitsISaIhEE8allocateERS0_j
                0x0000000008002a5e       0x1e Src/gameClasses.o
                0x0000000008002a5e                std::allocator_traits<std::allocator<unsigned char> >::allocate(std::allocator<unsigned char>&, unsigned int)
 .text._ZSt18uninitialized_copyIN9__gnu_cxx17__normal_iteratorIPKhSt6vectorIhSaIhEEEEPhET0_T_SA_S9_
                0x0000000008002a7c       0x24 Src/gameClasses.o
                0x0000000008002a7c                unsigned char* std::uninitialized_copy<__gnu_cxx::__normal_iterator<unsigned char const*, std::vector<unsigned char, std::allocator<unsigned char> > >, unsigned char*>(__gnu_cxx::__normal_iterator<unsigned char const*, std::vector<unsigned char, std::allocator<unsigned char> > >, __gnu_cxx::__normal_iterator<unsigned char const*, std::vector<unsigned char, std::allocator<unsigned char> > >, unsigned char*)
 .text._ZSt12__niter_baseIPKhSt6vectorIhSaIhEEET_N9__gnu_cxx17__normal_iteratorIS5_T0_EE
                0x0000000008002aa0       0x1c Src/gameClasses.o
                0x0000000008002aa0                unsigned char const* std::__niter_base<unsigned char const*, std::vector<unsigned char, std::allocator<unsigned char> > >(__gnu_cxx::__normal_iterator<unsigned char const*, std::vector<unsigned char, std::allocator<unsigned char> > >)
 .text._ZSt13__copy_move_aILb0EPKhPhET1_T0_S4_S3_
                0x0000000008002abc       0x24 Src/gameClasses.o
                0x0000000008002abc                unsigned char* std::__copy_move_a<false, unsigned char const*, unsigned char*>(unsigned char const*, unsigned char const*, unsigned char*)
 .text._ZSt12__niter_baseIPhET_S1_
                0x0000000008002ae0       0x16 Src/gameClasses.o
                0x0000000008002ae0                unsigned char* std::__niter_base<unsigned char*>(unsigned char*)
 .text._ZN9__gnu_cxx13new_allocatorIhEC2Ev
                0x0000000008002af6       0x16 Src/gameClasses.o
                0x0000000008002af6                __gnu_cxx::new_allocator<unsigned char>::new_allocator()
                0x0000000008002af6                __gnu_cxx::new_allocator<unsigned char>::new_allocator()
 .text._ZSt12__niter_baseIPKhET_S2_
                0x0000000008002b0c       0x16 Src/gameClasses.o
                0x0000000008002b0c                unsigned char const* std::__niter_base<unsigned char const*>(unsigned char const*)
 .text._ZNSt20__uninitialized_copyILb1EE13__uninit_copyIPKhPhEET0_T_S6_S5_
                0x0000000008002b22       0x20 Src/gameClasses.o
                0x0000000008002b22                unsigned char* std::__uninitialized_copy<true>::__uninit_copy<unsigned char const*, unsigned char*>(unsigned char const*, unsigned char const*, unsigned char*)
 .text._ZN9__gnu_cxx13new_allocatorIhE8allocateEjPKv
                0x0000000008002b42       0x38 Src/gameClasses.o
                0x0000000008002b42                __gnu_cxx::new_allocator<unsigned char>::allocate(unsigned int, void const*)
 .text._ZNSt20__uninitialized_copyILb1EE13__uninit_copyIN9__gnu_cxx17__normal_iteratorIPKhSt6vectorIhSaIhEEEEPhEET0_T_SC_SB_
                0x0000000008002b7a       0x20 Src/gameClasses.o
                0x0000000008002b7a                unsigned char* std::__uninitialized_copy<true>::__uninit_copy<__gnu_cxx::__normal_iterator<unsigned char const*, std::vector<unsigned char, std::allocator<unsigned char> > >, unsigned char*>(__gnu_cxx::__normal_iterator<unsigned char const*, std::vector<unsigned char, std::allocator<unsigned char> > >, __gnu_cxx::__normal_iterator<unsigned char const*, std::vector<unsigned char, std::allocator<unsigned char> > >, unsigned char*)
 .text._ZNK9__gnu_cxx17__normal_iteratorIPKhSt6vectorIhSaIhEEE4baseEv
                0x0000000008002b9a       0x16 Src/gameClasses.o
                0x0000000008002b9a                __gnu_cxx::__normal_iterator<unsigned char const*, std::vector<unsigned char, std::allocator<unsigned char> > >::base() const
 .text._ZNSt11__copy_moveILb0ELb1ESt26random_access_iterator_tagE8__copy_mIhEEPT_PKS3_S6_S4_
                0x0000000008002bb0       0x34 Src/gameClasses.o
                0x0000000008002bb0                unsigned char* std::__copy_move<false, true, std::random_access_iterator_tag>::__copy_m<unsigned char>(unsigned char const*, unsigned char const*, unsigned char*)
 .text._ZNK9__gnu_cxx13new_allocatorIhE8max_sizeEv
                0x0000000008002be4       0x18 Src/gameClasses.o
                0x0000000008002be4                __gnu_cxx::new_allocator<unsigned char>::max_size() const
 .text._ZSt4copyIN9__gnu_cxx17__normal_iteratorIPKhSt6vectorIhSaIhEEEEPhET0_T_SA_S9_
                0x0000000008002bfc       0x30 Src/gameClasses.o
                0x0000000008002bfc                unsigned char* std::copy<__gnu_cxx::__normal_iterator<unsigned char const*, std::vector<unsigned char, std::allocator<unsigned char> > >, unsigned char*>(__gnu_cxx::__normal_iterator<unsigned char const*, std::vector<unsigned char, std::allocator<unsigned char> > >, __gnu_cxx::__normal_iterator<unsigned char const*, std::vector<unsigned char, std::allocator<unsigned char> > >, unsigned char*)
 .text._ZSt14__copy_move_a2ILb0EN9__gnu_cxx17__normal_iteratorIPKhSt6vectorIhSaIhEEEEPhET1_T0_SA_S9_
                0x0000000008002c2c       0x38 Src/gameClasses.o
                0x0000000008002c2c                unsigned char* std::__copy_move_a2<false, __gnu_cxx::__normal_iterator<unsigned char const*, std::vector<unsigned char, std::allocator<unsigned char> > >, unsigned char*>(__gnu_cxx::__normal_iterator<unsigned char const*, std::vector<unsigned char, std::allocator<unsigned char> > >, __gnu_cxx::__normal_iterator<unsigned char const*, std::vector<unsigned char, std::allocator<unsigned char> > >, unsigned char*)
 .text._ZN5EnemyD2Ev
                0x0000000008002c64       0x24 Src/gameClasses.o
                0x0000000008002c64                Enemy::~Enemy()
                0x0000000008002c64                Enemy::~Enemy()
 .text._ZN5EnemyD0Ev
                0x0000000008002c88       0x20 Src/gameClasses.o
                0x0000000008002c88                Enemy::~Enemy()
 .text.MX_GPIO_Init
                0x0000000008002ca8      0x128 Src/gpio.o
                0x0000000008002ca8                MX_GPIO_Init
 .text._ZN8Joystick11getJoystickEv
                0x0000000008002dd0       0x70 Src/joystick.o
                0x0000000008002dd0                Joystick::getJoystick()
 .text._Z13display_setupP14display_config
                0x0000000008002e40       0x92 Src/main.o
                0x0000000008002e40                display_setup(display_config*)
 .text._Z15display_set_dxyP14display_config17display_directionhh
                0x0000000008002ed2       0x5a Src/main.o
                0x0000000008002ed2                display_set_dxy(display_config*, display_direction, unsigned char, unsigned char)
 .text._Z17display_write_cmdP14display_configh
                0x0000000008002f2c       0x52 Src/main.o
                0x0000000008002f2c                display_write_cmd(display_config*, unsigned char)
 .text._Z18display_write_dataP14display_configh
                0x0000000008002f7e       0x52 Src/main.o
                0x0000000008002f7e                display_write_data(display_config*, unsigned char)
 .text._Z5setXY8JoystickR6Player
                0x0000000008002fd0       0xb6 Src/main.o
                0x0000000008002fd0                setXY(Joystick, Player&)
 .text._ZN12ConstructionD2Ev
                0x0000000008003086       0x1c Src/main.o
                0x0000000008003086                Construction::~Construction()
                0x0000000008003086                Construction::~Construction()
 *fill*         0x00000000080030a2        0x2 
 .text._ZN6EntityC2ERKS_
                0x00000000080030a4       0x58 Src/main.o
                0x00000000080030a4                Entity::Entity(Entity const&)
                0x00000000080030a4                Entity::Entity(Entity const&)
 .text._ZN6PlayerC2ERKS_
                0x00000000080030fc       0x2c Src/main.o
                0x00000000080030fc                Player::Player(Player const&)
                0x00000000080030fc                Player::Player(Player const&)
 .text._ZN5EnemyC2ERKS_
                0x0000000008003128       0x2c Src/main.o
                0x0000000008003128                Enemy::Enemy(Enemy const&)
                0x0000000008003128                Enemy::Enemy(Enemy const&)
 .text._ZN12ConstructionC2ERKS_
                0x0000000008003154       0x4e Src/main.o
                0x0000000008003154                Construction::Construction(Construction const&)
                0x0000000008003154                Construction::Construction(Construction const&)
 *fill*         0x00000000080031a2        0x2 
 .text.main     0x00000000080031a4      0x180 Src/main.o
                0x00000000080031a4                main
 .text._Z18SystemClock_Configv
                0x0000000008003324       0xe8 Src/main.o
                0x0000000008003324                SystemClock_Config()
 .text.Error_Handler
                0x000000000800340c        0xe Src/main.o
                0x000000000800340c                Error_Handler
 .text._ZNSt6vectorIhSaIhEEC2ERKS1_
                0x000000000800341a       0x7a Src/main.o
                0x000000000800341a                std::vector<unsigned char, std::allocator<unsigned char> >::vector(std::vector<unsigned char, std::allocator<unsigned char> > const&)
                0x000000000800341a                std::vector<unsigned char, std::allocator<unsigned char> >::vector(std::vector<unsigned char, std::allocator<unsigned char> > const&)
 .text._ZN9__gnu_cxx14__alloc_traitsISaIhEE17_S_select_on_copyERKS1_
                0x0000000008003494       0x1c Src/main.o
                0x0000000008003494                __gnu_cxx::__alloc_traits<std::allocator<unsigned char> >::_S_select_on_copy(std::allocator<unsigned char> const&)
 .text._ZNSt12_Vector_baseIhSaIhEEC2EjRKS0_
                0x00000000080034b0       0x28 Src/main.o
                0x00000000080034b0                std::_Vector_base<unsigned char, std::allocator<unsigned char> >::_Vector_base(unsigned int, std::allocator<unsigned char> const&)
                0x00000000080034b0                std::_Vector_base<unsigned char, std::allocator<unsigned char> >::_Vector_base(unsigned int, std::allocator<unsigned char> const&)
 .text._ZNSt16allocator_traitsISaIhEE37select_on_container_copy_constructionERKS0_
                0x00000000080034d8       0x1a Src/main.o
                0x00000000080034d8                std::allocator_traits<std::allocator<unsigned char> >::select_on_container_copy_construction(std::allocator<unsigned char> const&)
 .text._ZNSaIhEC2ERKS_
                0x00000000080034f2       0x1c Src/main.o
                0x00000000080034f2                std::allocator<unsigned char>::allocator(std::allocator<unsigned char> const&)
                0x00000000080034f2                std::allocator<unsigned char>::allocator(std::allocator<unsigned char> const&)
 .text._ZNSt12_Vector_baseIhSaIhEE12_Vector_implC2ERKS0_
                0x000000000800350e       0x2e Src/main.o
                0x000000000800350e                std::_Vector_base<unsigned char, std::allocator<unsigned char> >::_Vector_impl::_Vector_impl(std::allocator<unsigned char> const&)
                0x000000000800350e                std::_Vector_base<unsigned char, std::allocator<unsigned char> >::_Vector_impl::_Vector_impl(std::allocator<unsigned char> const&)
 .text._ZNSt12_Vector_baseIhSaIhEE17_M_create_storageEj
                0x000000000800353c       0x34 Src/main.o
                0x000000000800353c                std::_Vector_base<unsigned char, std::allocator<unsigned char> >::_M_create_storage(unsigned int)
 .text._ZN9__gnu_cxx13new_allocatorIhEC2ERKS1_
                0x0000000008003570       0x18 Src/main.o
                0x0000000008003570                __gnu_cxx::new_allocator<unsigned char>::new_allocator(__gnu_cxx::new_allocator<unsigned char> const&)
                0x0000000008003570                __gnu_cxx::new_allocator<unsigned char>::new_allocator(__gnu_cxx::new_allocator<unsigned char> const&)
 .text._ZN6Screen7displayE14display_config6Player
                0x0000000008003588       0xd6 Src/screen.o
                0x0000000008003588                Screen::display(display_config, Player)
 .text._ZN6Screen7displayE14display_config5Enemy
                0x000000000800365e       0xd6 Src/screen.o
                0x000000000800365e                Screen::display(display_config, Enemy)
 .text._ZN6Screen7displayE14display_config12Construction
                0x0000000008003734       0xdc Src/screen.o
                0x0000000008003734                Screen::display(display_config, Construction)
 .text._ZN6Screen5clearE14display_config
                0x0000000008003810       0x40 Src/screen.o
                0x0000000008003810                Screen::clear(display_config)
 .text._ZNSt6vectorIhSaIhEEixEj
                0x0000000008003850       0x1e Src/screen.o
                0x0000000008003850                std::vector<unsigned char, std::allocator<unsigned char> >::operator[](unsigned int)
 *fill*         0x000000000800386e        0x2 
 .text.MX_SPI2_Init
                0x0000000008003870       0x6c Src/spi.o
                0x0000000008003870                MX_SPI2_Init
 .text.HAL_SPI_MspInit
                0x00000000080038dc       0xd0 Src/spi.o
                0x00000000080038dc                HAL_SPI_MspInit
 .text.HAL_MspInit
                0x00000000080039ac       0x50 Src/stm32f4xx_hal_msp.o
                0x00000000080039ac                HAL_MspInit
 .text.NMI_Handler
                0x00000000080039fc        0xe Src/stm32f4xx_it.o
                0x00000000080039fc                NMI_Handler
 .text.HardFault_Handler
                0x0000000008003a0a        0x6 Src/stm32f4xx_it.o
                0x0000000008003a0a                HardFault_Handler
 .text.MemManage_Handler
                0x0000000008003a10        0x6 Src/stm32f4xx_it.o
                0x0000000008003a10                MemManage_Handler
 .text.BusFault_Handler
                0x0000000008003a16        0x6 Src/stm32f4xx_it.o
                0x0000000008003a16                BusFault_Handler
 .text.UsageFault_Handler
                0x0000000008003a1c        0x6 Src/stm32f4xx_it.o
                0x0000000008003a1c                UsageFault_Handler
 .text.SVC_Handler
                0x0000000008003a22        0xe Src/stm32f4xx_it.o
                0x0000000008003a22                SVC_Handler
 .text.DebugMon_Handler
                0x0000000008003a30        0xe Src/stm32f4xx_it.o
                0x0000000008003a30                DebugMon_Handler
 .text.PendSV_Handler
                0x0000000008003a3e        0xe Src/stm32f4xx_it.o
                0x0000000008003a3e                PendSV_Handler
 .text.SysTick_Handler
                0x0000000008003a4c        0xc Src/stm32f4xx_it.o
                0x0000000008003a4c                SysTick_Handler
 .text._getpid  0x0000000008003a58       0x10 Src/syscalls.o
                0x0000000008003a58                _getpid
 .text._kill    0x0000000008003a68       0x20 Src/syscalls.o
                0x0000000008003a68                _kill
 .text._exit    0x0000000008003a88       0x14 Src/syscalls.o
                0x0000000008003a88                _exit
 .text._sbrk    0x0000000008003a9c       0x58 Src/sysmem.o
                0x0000000008003a9c                _sbrk
 .text.SystemInit
                0x0000000008003af4       0x2c Src/system_stm32f4xx.o
                0x0000000008003af4                SystemInit
 .text.Reset_Handler
                0x0000000008003b20       0x50 Startup/startup_stm32f407vgtx.o
                0x0000000008003b20                Reset_Handler
 .text.Default_Handler
                0x0000000008003b70        0x2 Startup/startup_stm32f407vgtx.o
                0x0000000008003b70                RTC_Alarm_IRQHandler
                0x0000000008003b70                HASH_RNG_IRQHandler
                0x0000000008003b70                EXTI2_IRQHandler
                0x0000000008003b70                TIM8_CC_IRQHandler
                0x0000000008003b70                TIM1_CC_IRQHandler
                0x0000000008003b70                DMA2_Stream5_IRQHandler
                0x0000000008003b70                DMA1_Stream5_IRQHandler
                0x0000000008003b70                PVD_IRQHandler
                0x0000000008003b70                SDIO_IRQHandler
                0x0000000008003b70                TAMP_STAMP_IRQHandler
                0x0000000008003b70                CAN2_RX1_IRQHandler
                0x0000000008003b70                EXTI3_IRQHandler
                0x0000000008003b70                TIM8_TRG_COM_TIM14_IRQHandler
                0x0000000008003b70                TIM1_UP_TIM10_IRQHandler
                0x0000000008003b70                TIM8_UP_TIM13_IRQHandler
                0x0000000008003b70                I2C3_ER_IRQHandler
                0x0000000008003b70                EXTI0_IRQHandler
                0x0000000008003b70                I2C2_EV_IRQHandler
                0x0000000008003b70                DMA1_Stream2_IRQHandler
                0x0000000008003b70                CAN1_RX0_IRQHandler
                0x0000000008003b70                FPU_IRQHandler
                0x0000000008003b70                OTG_HS_WKUP_IRQHandler
                0x0000000008003b70                CAN2_SCE_IRQHandler
                0x0000000008003b70                DMA2_Stream2_IRQHandler
                0x0000000008003b70                SPI1_IRQHandler
                0x0000000008003b70                TIM6_DAC_IRQHandler
                0x0000000008003b70                TIM1_BRK_TIM9_IRQHandler
                0x0000000008003b70                DCMI_IRQHandler
                0x0000000008003b70                CAN2_RX0_IRQHandler
                0x0000000008003b70                DMA2_Stream3_IRQHandler
                0x0000000008003b70                USART6_IRQHandler
                0x0000000008003b70                USART3_IRQHandler
                0x0000000008003b70                CAN1_RX1_IRQHandler
                0x0000000008003b70                UART5_IRQHandler
                0x0000000008003b70                DMA2_Stream0_IRQHandler
                0x0000000008003b70                TIM4_IRQHandler
                0x0000000008003b70                I2C1_EV_IRQHandler
                0x0000000008003b70                DMA1_Stream6_IRQHandler
                0x0000000008003b70                DMA1_Stream1_IRQHandler
                0x0000000008003b70                UART4_IRQHandler
                0x0000000008003b70                TIM3_IRQHandler
                0x0000000008003b70                RCC_IRQHandler
                0x0000000008003b70                TIM8_BRK_TIM12_IRQHandler
                0x0000000008003b70                Default_Handler
                0x0000000008003b70                EXTI15_10_IRQHandler
                0x0000000008003b70                ADC_IRQHandler
                0x0000000008003b70                DMA1_Stream7_IRQHandler
                0x0000000008003b70                TIM7_IRQHandler
                0x0000000008003b70                CAN2_TX_IRQHandler
                0x0000000008003b70                TIM5_IRQHandler
                0x0000000008003b70                DMA2_Stream7_IRQHandler
                0x0000000008003b70                I2C3_EV_IRQHandler
                0x0000000008003b70                EXTI9_5_IRQHandler
                0x0000000008003b70                RTC_WKUP_IRQHandler
                0x0000000008003b70                ETH_WKUP_IRQHandler
                0x0000000008003b70                SPI2_IRQHandler
                0x0000000008003b70                OTG_HS_EP1_IN_IRQHandler
                0x0000000008003b70                DMA1_Stream0_IRQHandler
                0x0000000008003b70                CAN1_TX_IRQHandler
                0x0000000008003b70                EXTI4_IRQHandler
                0x0000000008003b70                FSMC_IRQHandler
                0x0000000008003b70                ETH_IRQHandler
                0x0000000008003b70                OTG_HS_EP1_OUT_IRQHandler
                0x0000000008003b70                WWDG_IRQHandler
                0x0000000008003b70                TIM2_IRQHandler
                0x0000000008003b70                OTG_FS_WKUP_IRQHandler
                0x0000000008003b70                TIM1_TRG_COM_TIM11_IRQHandler
                0x0000000008003b70                OTG_HS_IRQHandler
                0x0000000008003b70                EXTI1_IRQHandler
                0x0000000008003b70                USART2_IRQHandler
                0x0000000008003b70                I2C2_ER_IRQHandler
                0x0000000008003b70                DMA2_Stream1_IRQHandler
                0x0000000008003b70                CAN1_SCE_IRQHandler
                0x0000000008003b70                FLASH_IRQHandler
                0x0000000008003b70                DMA2_Stream4_IRQHandler
                0x0000000008003b70                USART1_IRQHandler
                0x0000000008003b70                OTG_FS_IRQHandler
                0x0000000008003b70                SPI3_IRQHandler
                0x0000000008003b70                DMA1_Stream4_IRQHandler
                0x0000000008003b70                I2C1_ER_IRQHandler
                0x0000000008003b70                DMA2_Stream6_IRQHandler
                0x0000000008003b70                DMA1_Stream3_IRQHandler
 .text.__cxa_pure_virtual
                0x0000000008003b72        0x6 c:/st/stm32cubeide_1.0.2/stm32cubeide/plugins/com.st.stm32cube.ide.mcu.externaltools.gnu-tools-for-stm32.7-2018-q2-update.win32_1.0.0.201904181610/tools/bin/../lib/gcc/arm-none-eabi/7.3.1/../../../../arm-none-eabi/lib/thumb/v7e-m/fpv4-sp/hard\libstdc++_nano.a(pure.o)
                0x0000000008003b72                __cxa_pure_virtual
 .text._ZdlPvj  0x0000000008003b78        0x4 c:/st/stm32cubeide_1.0.2/stm32cubeide/plugins/com.st.stm32cube.ide.mcu.externaltools.gnu-tools-for-stm32.7-2018-q2-update.win32_1.0.0.201904181610/tools/bin/../lib/gcc/arm-none-eabi/7.3.1/../../../../arm-none-eabi/lib/thumb/v7e-m/fpv4-sp/hard\libstdc++_nano.a(del_ops.o)
                0x0000000008003b78                operator delete(void*, unsigned int)
 .text._Znwj    0x0000000008003b7c       0x22 c:/st/stm32cubeide_1.0.2/stm32cubeide/plugins/com.st.stm32cube.ide.mcu.externaltools.gnu-tools-for-stm32.7-2018-q2-update.win32_1.0.0.201904181610/tools/bin/../lib/gcc/arm-none-eabi/7.3.1/../../../../arm-none-eabi/lib/thumb/v7e-m/fpv4-sp/hard\libstdc++_nano.a(new_op.o)
                0x0000000008003b7c                operator new(unsigned int)
 *fill*         0x0000000008003b9e        0x2 
 .text._ZSt15get_new_handlerv
                0x0000000008003ba0       0x10 c:/st/stm32cubeide_1.0.2/stm32cubeide/plugins/com.st.stm32cube.ide.mcu.externaltools.gnu-tools-for-stm32.7-2018-q2-update.win32_1.0.0.201904181610/tools/bin/../lib/gcc/arm-none-eabi/7.3.1/../../../../arm-none-eabi/lib/thumb/v7e-m/fpv4-sp/hard\libstdc++_nano.a(new_handler.o)
                0x0000000008003ba0                std::get_new_handler()
 .text._ZdlPv   0x0000000008003bb0        0x4 c:/st/stm32cubeide_1.0.2/stm32cubeide/plugins/com.st.stm32cube.ide.mcu.externaltools.gnu-tools-for-stm32.7-2018-q2-update.win32_1.0.0.201904181610/tools/bin/../lib/gcc/arm-none-eabi/7.3.1/../../../../arm-none-eabi/lib/thumb/v7e-m/fpv4-sp/hard\libstdc++_nano.a(del_op.o)
                0x0000000008003bb0                operator delete(void*)
 .text._ZN10__cxxabiv111__terminateEPFvvE
                0x0000000008003bb4        0x8 c:/st/stm32cubeide_1.0.2/stm32cubeide/plugins/com.st.stm32cube.ide.mcu.externaltools.gnu-tools-for-stm32.7-2018-q2-update.win32_1.0.0.201904181610/tools/bin/../lib/gcc/arm-none-eabi/7.3.1/../../../../arm-none-eabi/lib/thumb/v7e-m/fpv4-sp/hard\libstdc++_nano.a(eh_terminate.o)
                0x0000000008003bb4                __cxxabiv1::__terminate(void (*)())
 .text._ZSt13get_terminatev
                0x0000000008003bbc       0x10 c:/st/stm32cubeide_1.0.2/stm32cubeide/plugins/com.st.stm32cube.ide.mcu.externaltools.gnu-tools-for-stm32.7-2018-q2-update.win32_1.0.0.201904181610/tools/bin/../lib/gcc/arm-none-eabi/7.3.1/../../../../arm-none-eabi/lib/thumb/v7e-m/fpv4-sp/hard\libstdc++_nano.a(eh_terminate.o)
                0x0000000008003bbc                std::get_terminate()
 .text._ZSt9terminatev
                0x0000000008003bcc        0xa c:/st/stm32cubeide_1.0.2/stm32cubeide/plugins/com.st.stm32cube.ide.mcu.externaltools.gnu-tools-for-stm32.7-2018-q2-update.win32_1.0.0.201904181610/tools/bin/../lib/gcc/arm-none-eabi/7.3.1/../../../../arm-none-eabi/lib/thumb/v7e-m/fpv4-sp/hard\libstdc++_nano.a(eh_terminate.o)
                0x0000000008003bcc                std::terminate()
 .text._ZSt17__throw_bad_allocv
                0x0000000008003bd6        0x6 c:/st/stm32cubeide_1.0.2/stm32cubeide/plugins/com.st.stm32cube.ide.mcu.externaltools.gnu-tools-for-stm32.7-2018-q2-update.win32_1.0.0.201904181610/tools/bin/../lib/gcc/arm-none-eabi/7.3.1/../../../../arm-none-eabi/lib/thumb/v7e-m/fpv4-sp/hard\libstdc++_nano.a(functexcept.o)
                0x0000000008003bd6                std::__throw_bad_alloc()
 .text.abort    0x0000000008003bdc        0xe c:/st/stm32cubeide_1.0.2/stm32cubeide/plugins/com.st.stm32cube.ide.mcu.externaltools.gnu-tools-for-stm32.7-2018-q2-update.win32_1.0.0.201904181610/tools/bin/../lib/gcc/arm-none-eabi/7.3.1/../../../../arm-none-eabi/lib/thumb/v7e-m/fpv4-sp/hard\libc_nano.a(lib_a-abort.o)
                0x0000000008003bdc                abort
 *fill*         0x0000000008003bea        0x2 
 .text.__errno  0x0000000008003bec        0xc c:/st/stm32cubeide_1.0.2/stm32cubeide/plugins/com.st.stm32cube.ide.mcu.externaltools.gnu-tools-for-stm32.7-2018-q2-update.win32_1.0.0.201904181610/tools/bin/../lib/gcc/arm-none-eabi/7.3.1/../../../../arm-none-eabi/lib/thumb/v7e-m/fpv4-sp/hard\libc_nano.a(lib_a-errno.o)
                0x0000000008003bec                __errno
 .text.__libc_init_array
                0x0000000008003bf8       0x48 c:/st/stm32cubeide_1.0.2/stm32cubeide/plugins/com.st.stm32cube.ide.mcu.externaltools.gnu-tools-for-stm32.7-2018-q2-update.win32_1.0.0.201904181610/tools/bin/../lib/gcc/arm-none-eabi/7.3.1/../../../../arm-none-eabi/lib/thumb/v7e-m/fpv4-sp/hard\libc_nano.a(lib_a-init.o)
                0x0000000008003bf8                __libc_init_array
 .text.malloc   0x0000000008003c40       0x10 c:/st/stm32cubeide_1.0.2/stm32cubeide/plugins/com.st.stm32cube.ide.mcu.externaltools.gnu-tools-for-stm32.7-2018-q2-update.win32_1.0.0.201904181610/tools/bin/../lib/gcc/arm-none-eabi/7.3.1/../../../../arm-none-eabi/lib/thumb/v7e-m/fpv4-sp/hard\libc_nano.a(lib_a-malloc.o)
                0x0000000008003c40                malloc
 .text.free     0x0000000008003c50       0x10 c:/st/stm32cubeide_1.0.2/stm32cubeide/plugins/com.st.stm32cube.ide.mcu.externaltools.gnu-tools-for-stm32.7-2018-q2-update.win32_1.0.0.201904181610/tools/bin/../lib/gcc/arm-none-eabi/7.3.1/../../../../arm-none-eabi/lib/thumb/v7e-m/fpv4-sp/hard\libc_nano.a(lib_a-malloc.o)
                0x0000000008003c50                free
 .text.memcpy   0x0000000008003c60       0x16 c:/st/stm32cubeide_1.0.2/stm32cubeide/plugins/com.st.stm32cube.ide.mcu.externaltools.gnu-tools-for-stm32.7-2018-q2-update.win32_1.0.0.201904181610/tools/bin/../lib/gcc/arm-none-eabi/7.3.1/../../../../arm-none-eabi/lib/thumb/v7e-m/fpv4-sp/hard\libc_nano.a(lib_a-memcpy-stub.o)
                0x0000000008003c60                memcpy
 .text.memmove  0x0000000008003c76       0x32 c:/st/stm32cubeide_1.0.2/stm32cubeide/plugins/com.st.stm32cube.ide.mcu.externaltools.gnu-tools-for-stm32.7-2018-q2-update.win32_1.0.0.201904181610/tools/bin/../lib/gcc/arm-none-eabi/7.3.1/../../../../arm-none-eabi/lib/thumb/v7e-m/fpv4-sp/hard\libc_nano.a(lib_a-memmove.o)
                0x0000000008003c76                memmove
 .text.memset   0x0000000008003ca8       0x10 c:/st/stm32cubeide_1.0.2/stm32cubeide/plugins/com.st.stm32cube.ide.mcu.externaltools.gnu-tools-for-stm32.7-2018-q2-update.win32_1.0.0.201904181610/tools/bin/../lib/gcc/arm-none-eabi/7.3.1/../../../../arm-none-eabi/lib/thumb/v7e-m/fpv4-sp/hard\libc_nano.a(lib_a-memset.o)
                0x0000000008003ca8                memset
 .text._free_r  0x0000000008003cb8       0x9c c:/st/stm32cubeide_1.0.2/stm32cubeide/plugins/com.st.stm32cube.ide.mcu.externaltools.gnu-tools-for-stm32.7-2018-q2-update.win32_1.0.0.201904181610/tools/bin/../lib/gcc/arm-none-eabi/7.3.1/../../../../arm-none-eabi/lib/thumb/v7e-m/fpv4-sp/hard\libc_nano.a(lib_a-nano-freer.o)
                0x0000000008003cb8                _free_r
 .text._malloc_r
                0x0000000008003d54       0xb4 c:/st/stm32cubeide_1.0.2/stm32cubeide/plugins/com.st.stm32cube.ide.mcu.externaltools.gnu-tools-for-stm32.7-2018-q2-update.win32_1.0.0.201904181610/tools/bin/../lib/gcc/arm-none-eabi/7.3.1/../../../../arm-none-eabi/lib/thumb/v7e-m/fpv4-sp/hard\libc_nano.a(lib_a-nano-mallocr.o)
                0x0000000008003d54                _malloc_r
 .text._sbrk_r  0x0000000008003e08       0x20 c:/st/stm32cubeide_1.0.2/stm32cubeide/plugins/com.st.stm32cube.ide.mcu.externaltools.gnu-tools-for-stm32.7-2018-q2-update.win32_1.0.0.201904181610/tools/bin/../lib/gcc/arm-none-eabi/7.3.1/../../../../arm-none-eabi/lib/thumb/v7e-m/fpv4-sp/hard\libc_nano.a(lib_a-sbrkr.o)
                0x0000000008003e08                _sbrk_r
 .text._raise_r
                0x0000000008003e28       0x50 c:/st/stm32cubeide_1.0.2/stm32cubeide/plugins/com.st.stm32cube.ide.mcu.externaltools.gnu-tools-for-stm32.7-2018-q2-update.win32_1.0.0.201904181610/tools/bin/../lib/gcc/arm-none-eabi/7.3.1/../../../../arm-none-eabi/lib/thumb/v7e-m/fpv4-sp/hard\libc_nano.a(lib_a-signal.o)
                0x0000000008003e28                _raise_r
 .text.raise    0x0000000008003e78       0x10 c:/st/stm32cubeide_1.0.2/stm32cubeide/plugins/com.st.stm32cube.ide.mcu.externaltools.gnu-tools-for-stm32.7-2018-q2-update.win32_1.0.0.201904181610/tools/bin/../lib/gcc/arm-none-eabi/7.3.1/../../../../arm-none-eabi/lib/thumb/v7e-m/fpv4-sp/hard\libc_nano.a(lib_a-signal.o)
                0x0000000008003e78                raise
 .text._kill_r  0x0000000008003e88       0x24 c:/st/stm32cubeide_1.0.2/stm32cubeide/plugins/com.st.stm32cube.ide.mcu.externaltools.gnu-tools-for-stm32.7-2018-q2-update.win32_1.0.0.201904181610/tools/bin/../lib/gcc/arm-none-eabi/7.3.1/../../../../arm-none-eabi/lib/thumb/v7e-m/fpv4-sp/hard\libc_nano.a(lib_a-signalr.o)
                0x0000000008003e88                _kill_r
 .text._getpid_r
                0x0000000008003eac        0x4 c:/st/stm32cubeide_1.0.2/stm32cubeide/plugins/com.st.stm32cube.ide.mcu.externaltools.gnu-tools-for-stm32.7-2018-q2-update.win32_1.0.0.201904181610/tools/bin/../lib/gcc/arm-none-eabi/7.3.1/../../../../arm-none-eabi/lib/thumb/v7e-m/fpv4-sp/hard\libc_nano.a(lib_a-signalr.o)
                0x0000000008003eac                _getpid_r
 .text.__malloc_lock
                0x0000000008003eb0        0x2 c:/st/stm32cubeide_1.0.2/stm32cubeide/plugins/com.st.stm32cube.ide.mcu.externaltools.gnu-tools-for-stm32.7-2018-q2-update.win32_1.0.0.201904181610/tools/bin/../lib/gcc/arm-none-eabi/7.3.1/../../../../arm-none-eabi/lib/thumb/v7e-m/fpv4-sp/hard\libc_nano.a(lib_a-mlock.o)
                0x0000000008003eb0                __malloc_lock
 .text.__malloc_unlock
                0x0000000008003eb2        0x2 c:/st/stm32cubeide_1.0.2/stm32cubeide/plugins/com.st.stm32cube.ide.mcu.externaltools.gnu-tools-for-stm32.7-2018-q2-update.win32_1.0.0.201904181610/tools/bin/../lib/gcc/arm-none-eabi/7.3.1/../../../../arm-none-eabi/lib/thumb/v7e-m/fpv4-sp/hard\libc_nano.a(lib_a-mlock.o)
                0x0000000008003eb2                __malloc_unlock
 *(.glue_7)
 .glue_7        0x0000000008003eb4        0x0 linker stubs
 *(.glue_7t)
 .glue_7t       0x0000000008003eb4        0x0 linker stubs
 *(.eh_frame)
 .eh_frame      0x0000000008003eb4        0x0 c:/st/stm32cubeide_1.0.2/stm32cubeide/plugins/com.st.stm32cube.ide.mcu.externaltools.gnu-tools-for-stm32.7-2018-q2-update.win32_1.0.0.201904181610/tools/bin/../lib/gcc/arm-none-eabi/7.3.1/thumb/v7e-m/fpv4-sp/hard/crtbegin.o
 *(.init)
 .init          0x0000000008003eb4        0x4 c:/st/stm32cubeide_1.0.2/stm32cubeide/plugins/com.st.stm32cube.ide.mcu.externaltools.gnu-tools-for-stm32.7-2018-q2-update.win32_1.0.0.201904181610/tools/bin/../lib/gcc/arm-none-eabi/7.3.1/thumb/v7e-m/fpv4-sp/hard/crti.o
                0x0000000008003eb4                _init
 .init          0x0000000008003eb8        0x8 c:/st/stm32cubeide_1.0.2/stm32cubeide/plugins/com.st.stm32cube.ide.mcu.externaltools.gnu-tools-for-stm32.7-2018-q2-update.win32_1.0.0.201904181610/tools/bin/../lib/gcc/arm-none-eabi/7.3.1/thumb/v7e-m/fpv4-sp/hard/crtn.o
 *(.fini)
 .fini          0x0000000008003ec0        0x4 c:/st/stm32cubeide_1.0.2/stm32cubeide/plugins/com.st.stm32cube.ide.mcu.externaltools.gnu-tools-for-stm32.7-2018-q2-update.win32_1.0.0.201904181610/tools/bin/../lib/gcc/arm-none-eabi/7.3.1/thumb/v7e-m/fpv4-sp/hard/crti.o
                0x0000000008003ec0                _fini
 .fini          0x0000000008003ec4        0x8 c:/st/stm32cubeide_1.0.2/stm32cubeide/plugins/com.st.stm32cube.ide.mcu.externaltools.gnu-tools-for-stm32.7-2018-q2-update.win32_1.0.0.201904181610/tools/bin/../lib/gcc/arm-none-eabi/7.3.1/thumb/v7e-m/fpv4-sp/hard/crtn.o
                0x0000000008003ecc                . = ALIGN (0x4)
                0x0000000008003ecc                _etext = .

.vfp11_veneer   0x0000000008003ecc        0x0
 .vfp11_veneer  0x0000000008003ecc        0x0 linker stubs

.v4_bx          0x0000000008003ecc        0x0
 .v4_bx         0x0000000008003ecc        0x0 linker stubs

.iplt           0x0000000008003ecc        0x0
 .iplt          0x0000000008003ecc        0x0 c:/st/stm32cubeide_1.0.2/stm32cubeide/plugins/com.st.stm32cube.ide.mcu.externaltools.gnu-tools-for-stm32.7-2018-q2-update.win32_1.0.0.201904181610/tools/bin/../lib/gcc/arm-none-eabi/7.3.1/thumb/v7e-m/fpv4-sp/hard/crtbegin.o

.rodata         0x0000000008003ecc       0x98
                0x0000000008003ecc                . = ALIGN (0x4)
 *(.rodata)
 .rodata        0x0000000008003ecc       0x18 Src/gameClasses.o
 *(.rodata*)
 .rodata._ZTV5Enemy
                0x0000000008003ee4       0x18 Src/gameClasses.o
                0x0000000008003ee4                vtable for Enemy
 .rodata._ZTV6Player
                0x0000000008003efc       0x18 Src/gameClasses.o
                0x0000000008003efc                vtable for Player
 .rodata._ZTV6Entity
                0x0000000008003f14       0x18 Src/gameClasses.o
                0x0000000008003f14                vtable for Entity
 .rodata.._134  0x0000000008003f2c        0x9 Src/gameClasses.o
 *fill*         0x0000000008003f35        0x3 
 .rodata.._135  0x0000000008003f38        0xb Src/gameClasses.o
 *fill*         0x0000000008003f43        0x1 
 .rodata.._136  0x0000000008003f44        0xf Src/gameClasses.o
 *fill*         0x0000000008003f53        0x1 
 .rodata.AHBPrescTable
                0x0000000008003f54       0x10 Src/system_stm32f4xx.o
                0x0000000008003f54                AHBPrescTable
                0x0000000008003f64                . = ALIGN (0x4)

.ARM.extab      0x0000000008003f64        0x0
                0x0000000008003f64                . = ALIGN (0x4)
 *(.ARM.extab* .gnu.linkonce.armextab.*)
                0x0000000008003f64                . = ALIGN (0x4)

.ARM            0x0000000008003f64        0x8
                0x0000000008003f64                . = ALIGN (0x4)
                0x0000000008003f64                __exidx_start = .
 *(.ARM.exidx*)
 .ARM.exidx     0x0000000008003f64        0x8 c:/st/stm32cubeide_1.0.2/stm32cubeide/plugins/com.st.stm32cube.ide.mcu.externaltools.gnu-tools-for-stm32.7-2018-q2-update.win32_1.0.0.201904181610/tools/bin/../lib/gcc/arm-none-eabi/7.3.1/thumb/v7e-m/fpv4-sp/hard\libgcc.a(_udivmoddi4.o)
                0x0000000008003f6c                __exidx_end = .
                0x0000000008003f6c                . = ALIGN (0x4)

.rel.dyn        0x0000000008003f6c        0x0
 .rel.iplt      0x0000000008003f6c        0x0 c:/st/stm32cubeide_1.0.2/stm32cubeide/plugins/com.st.stm32cube.ide.mcu.externaltools.gnu-tools-for-stm32.7-2018-q2-update.win32_1.0.0.201904181610/tools/bin/../lib/gcc/arm-none-eabi/7.3.1/thumb/v7e-m/fpv4-sp/hard/crtbegin.o

.preinit_array  0x0000000008003f6c        0x0
                0x0000000008003f6c                . = ALIGN (0x4)
                0x0000000008003f6c                PROVIDE (__preinit_array_start = .)
 *(.preinit_array*)
                0x0000000008003f6c                PROVIDE (__preinit_array_end = .)
                0x0000000008003f6c                . = ALIGN (0x4)

.init_array     0x0000000008003f6c        0x4
                0x0000000008003f6c                . = ALIGN (0x4)
                0x0000000008003f6c                PROVIDE (__init_array_start = .)
 *(SORT_BY_NAME(.init_array.*))
 *(.init_array*)
 .init_array    0x0000000008003f6c        0x4 c:/st/stm32cubeide_1.0.2/stm32cubeide/plugins/com.st.stm32cube.ide.mcu.externaltools.gnu-tools-for-stm32.7-2018-q2-update.win32_1.0.0.201904181610/tools/bin/../lib/gcc/arm-none-eabi/7.3.1/thumb/v7e-m/fpv4-sp/hard/crtbegin.o
                0x0000000008003f70                PROVIDE (__init_array_end = .)
                0x0000000008003f70                . = ALIGN (0x4)

.fini_array     0x0000000008003f70        0x4
                0x0000000008003f70                . = ALIGN (0x4)
                [!provide]                        PROVIDE (__fini_array_start = .)
 *(SORT_BY_NAME(.fini_array.*))
 *(.fini_array*)
 .fini_array    0x0000000008003f70        0x4 c:/st/stm32cubeide_1.0.2/stm32cubeide/plugins/com.st.stm32cube.ide.mcu.externaltools.gnu-tools-for-stm32.7-2018-q2-update.win32_1.0.0.201904181610/tools/bin/../lib/gcc/arm-none-eabi/7.3.1/thumb/v7e-m/fpv4-sp/hard/crtbegin.o
                [!provide]                        PROVIDE (__fini_array_end = .)
                0x0000000008003f74                . = ALIGN (0x4)
                0x0000000008003f74                _sidata = LOADADDR (.data)

.data           0x0000000020000000       0x74 load address 0x0000000008003f74
                0x0000000020000000                . = ALIGN (0x4)
                0x0000000020000000                _sdata = .
 *(.data)
 *(.data*)
 .data.uwTickPrio
                0x0000000020000000        0x4 Drivers/STM32F4xx_HAL_Driver/Src/stm32f4xx_hal.o
                0x0000000020000000                uwTickPrio
 .data.uwTickFreq
                0x0000000020000004        0x1 Drivers/STM32F4xx_HAL_Driver/Src/stm32f4xx_hal.o
                0x0000000020000004                uwTickFreq
 *fill*         0x0000000020000005        0x3 
 .data.SystemCoreClock
                0x0000000020000008        0x4 Src/system_stm32f4xx.o
                0x0000000020000008                SystemCoreClock
 .data._ZN10__cxxabiv119__terminate_handlerE
                0x000000002000000c        0x4 c:/st/stm32cubeide_1.0.2/stm32cubeide/plugins/com.st.stm32cube.ide.mcu.externaltools.gnu-tools-for-stm32.7-2018-q2-update.win32_1.0.0.201904181610/tools/bin/../lib/gcc/arm-none-eabi/7.3.1/../../../../arm-none-eabi/lib/thumb/v7e-m/fpv4-sp/hard\libstdc++_nano.a(eh_term_handler.o)
                0x000000002000000c                __cxxabiv1::__terminate_handler
 .data._impure_ptr
                0x0000000020000010        0x4 c:/st/stm32cubeide_1.0.2/stm32cubeide/plugins/com.st.stm32cube.ide.mcu.externaltools.gnu-tools-for-stm32.7-2018-q2-update.win32_1.0.0.201904181610/tools/bin/../lib/gcc/arm-none-eabi/7.3.1/../../../../arm-none-eabi/lib/thumb/v7e-m/fpv4-sp/hard\libc_nano.a(lib_a-impure.o)
                0x0000000020000010                _impure_ptr
 .data.impure_data
                0x0000000020000014       0x60 c:/st/stm32cubeide_1.0.2/stm32cubeide/plugins/com.st.stm32cube.ide.mcu.externaltools.gnu-tools-for-stm32.7-2018-q2-update.win32_1.0.0.201904181610/tools/bin/../lib/gcc/arm-none-eabi/7.3.1/../../../../arm-none-eabi/lib/thumb/v7e-m/fpv4-sp/hard\libc_nano.a(lib_a-impure.o)
                0x0000000020000074                . = ALIGN (0x4)
                0x0000000020000074                _edata = .

.igot.plt       0x0000000020000074        0x0 load address 0x0000000008003fe8
 .igot.plt      0x0000000020000074        0x0 c:/st/stm32cubeide_1.0.2/stm32cubeide/plugins/com.st.stm32cube.ide.mcu.externaltools.gnu-tools-for-stm32.7-2018-q2-update.win32_1.0.0.201904181610/tools/bin/../lib/gcc/arm-none-eabi/7.3.1/thumb/v7e-m/fpv4-sp/hard/crtbegin.o
                0x0000000020000074                . = ALIGN (0x4)

.bss            0x0000000020000074      0x11c load address 0x0000000008003fe8
                0x0000000020000074                _sbss = .
                0x0000000020000074                __bss_start__ = _sbss
 *(.bss)
 .bss           0x0000000020000074       0x1c c:/st/stm32cubeide_1.0.2/stm32cubeide/plugins/com.st.stm32cube.ide.mcu.externaltools.gnu-tools-for-stm32.7-2018-q2-update.win32_1.0.0.201904181610/tools/bin/../lib/gcc/arm-none-eabi/7.3.1/thumb/v7e-m/fpv4-sp/hard/crtbegin.o
 *(.bss*)
 .bss.heap_end.6424
                0x0000000020000090        0x4 Src/sysmem.o
 .bss._ZN12_GLOBAL__N_113__new_handlerE
                0x0000000020000094        0x4 c:/st/stm32cubeide_1.0.2/stm32cubeide/plugins/com.st.stm32cube.ide.mcu.externaltools.gnu-tools-for-stm32.7-2018-q2-update.win32_1.0.0.201904181610/tools/bin/../lib/gcc/arm-none-eabi/7.3.1/../../../../arm-none-eabi/lib/thumb/v7e-m/fpv4-sp/hard\libstdc++_nano.a(new_handler.o)
 .bss.__malloc_free_list
                0x0000000020000098        0x4 c:/st/stm32cubeide_1.0.2/stm32cubeide/plugins/com.st.stm32cube.ide.mcu.externaltools.gnu-tools-for-stm32.7-2018-q2-update.win32_1.0.0.201904181610/tools/bin/../lib/gcc/arm-none-eabi/7.3.1/../../../../arm-none-eabi/lib/thumb/v7e-m/fpv4-sp/hard\libc_nano.a(lib_a-nano-mallocr.o)
                0x0000000020000098                __malloc_free_list
 .bss.__malloc_sbrk_start
                0x000000002000009c        0x4 c:/st/stm32cubeide_1.0.2/stm32cubeide/plugins/com.st.stm32cube.ide.mcu.externaltools.gnu-tools-for-stm32.7-2018-q2-update.win32_1.0.0.201904181610/tools/bin/../lib/gcc/arm-none-eabi/7.3.1/../../../../arm-none-eabi/lib/thumb/v7e-m/fpv4-sp/hard\libc_nano.a(lib_a-nano-mallocr.o)
                0x000000002000009c                __malloc_sbrk_start
 *(COMMON)
 COMMON         0x00000000200000a0        0x4 Drivers/STM32F4xx_HAL_Driver/Src/stm32f4xx_hal.o
                0x00000000200000a0                uwTick
 COMMON         0x00000000200000a4       0x90 Src/adc.o
                0x00000000200000a4                hadc2
                0x00000000200000ec                hadc1
 COMMON         0x0000000020000134       0x58 Src/spi.o
                0x0000000020000134                hspi2
 COMMON         0x000000002000018c        0x4 c:/st/stm32cubeide_1.0.2/stm32cubeide/plugins/com.st.stm32cube.ide.mcu.externaltools.gnu-tools-for-stm32.7-2018-q2-update.win32_1.0.0.201904181610/tools/bin/../lib/gcc/arm-none-eabi/7.3.1/../../../../arm-none-eabi/lib/thumb/v7e-m/fpv4-sp/hard\libc_nano.a(lib_a-reent.o)
                0x000000002000018c                errno
                0x0000000020000190                . = ALIGN (0x4)
                0x0000000020000190                _ebss = .
                0x0000000020000190                __bss_end__ = _ebss

._user_heap_stack
                0x0000000020000190      0x600 load address 0x0000000008003fe8
                0x0000000020000190                . = ALIGN (0x8)
                0x0000000020000190                PROVIDE (end = .)
                [!provide]                        PROVIDE (_end = .)
                0x0000000020000390                . = (. + _Min_Heap_Size)
 *fill*         0x0000000020000190      0x200 
                0x0000000020000790                . = (. + _Min_Stack_Size)
 *fill*         0x0000000020000390      0x400 
                0x0000000020000790                . = ALIGN (0x8)

/DISCARD/
 libc.a(*)
 libm.a(*)
 libgcc.a(*)

.ARM.attributes
                0x0000000000000000       0x30
 *(.ARM.attributes)
 .ARM.attributes
                0x0000000000000000       0x22 c:/st/stm32cubeide_1.0.2/stm32cubeide/plugins/com.st.stm32cube.ide.mcu.externaltools.gnu-tools-for-stm32.7-2018-q2-update.win32_1.0.0.201904181610/tools/bin/../lib/gcc/arm-none-eabi/7.3.1/thumb/v7e-m/fpv4-sp/hard/crti.o
 .ARM.attributes
                0x0000000000000022       0x34 c:/st/stm32cubeide_1.0.2/stm32cubeide/plugins/com.st.stm32cube.ide.mcu.externaltools.gnu-tools-for-stm32.7-2018-q2-update.win32_1.0.0.201904181610/tools/bin/../lib/gcc/arm-none-eabi/7.3.1/thumb/v7e-m/fpv4-sp/hard/crtbegin.o
 .ARM.attributes
                0x0000000000000056       0x39 Drivers/STM32F4xx_HAL_Driver/Src/stm32f4xx_hal.o
 .ARM.attributes
                0x000000000000008f       0x39 Drivers/STM32F4xx_HAL_Driver/Src/stm32f4xx_hal_adc.o
 .ARM.attributes
                0x00000000000000c8       0x39 Drivers/STM32F4xx_HAL_Driver/Src/stm32f4xx_hal_cortex.o
 .ARM.attributes
                0x0000000000000101       0x39 Drivers/STM32F4xx_HAL_Driver/Src/stm32f4xx_hal_gpio.o
 .ARM.attributes
                0x000000000000013a       0x39 Drivers/STM32F4xx_HAL_Driver/Src/stm32f4xx_hal_rcc.o
 .ARM.attributes
                0x0000000000000173       0x39 Drivers/STM32F4xx_HAL_Driver/Src/stm32f4xx_hal_spi.o
 .ARM.attributes
                0x00000000000001ac       0x39 Src/adc.o
 .ARM.attributes
                0x00000000000001e5       0x39 Src/gameClasses.o
 .ARM.attributes
                0x000000000000021e       0x39 Src/gpio.o
 .ARM.attributes
                0x0000000000000257       0x39 Src/joystick.o
 .ARM.attributes
                0x0000000000000290       0x39 Src/main.o
 .ARM.attributes
                0x00000000000002c9       0x39 Src/screen.o
 .ARM.attributes
                0x0000000000000302       0x39 Src/spi.o
 .ARM.attributes
                0x000000000000033b       0x39 Src/stm32f4xx_hal_msp.o
 .ARM.attributes
                0x0000000000000374       0x39 Src/stm32f4xx_it.o
 .ARM.attributes
                0x00000000000003ad       0x39 Src/syscalls.o
 .ARM.attributes
                0x00000000000003e6       0x39 Src/sysmem.o
 .ARM.attributes
                0x000000000000041f       0x39 Src/system_stm32f4xx.o
 .ARM.attributes
                0x0000000000000458       0x21 Startup/startup_stm32f407vgtx.o
 .ARM.attributes
                0x0000000000000479       0x34 c:/st/stm32cubeide_1.0.2/stm32cubeide/plugins/com.st.stm32cube.ide.mcu.externaltools.gnu-tools-for-stm32.7-2018-q2-update.win32_1.0.0.201904181610/tools/bin/../lib/gcc/arm-none-eabi/7.3.1/../../../../arm-none-eabi/lib/thumb/v7e-m/fpv4-sp/hard\libstdc++_nano.a(pure.o)
 .ARM.attributes
                0x00000000000004ad       0x34 c:/st/stm32cubeide_1.0.2/stm32cubeide/plugins/com.st.stm32cube.ide.mcu.externaltools.gnu-tools-for-stm32.7-2018-q2-update.win32_1.0.0.201904181610/tools/bin/../lib/gcc/arm-none-eabi/7.3.1/../../../../arm-none-eabi/lib/thumb/v7e-m/fpv4-sp/hard\libstdc++_nano.a(del_ops.o)
 .ARM.attributes
                0x00000000000004e1       0x34 c:/st/stm32cubeide_1.0.2/stm32cubeide/plugins/com.st.stm32cube.ide.mcu.externaltools.gnu-tools-for-stm32.7-2018-q2-update.win32_1.0.0.201904181610/tools/bin/../lib/gcc/arm-none-eabi/7.3.1/../../../../arm-none-eabi/lib/thumb/v7e-m/fpv4-sp/hard\libstdc++_nano.a(new_op.o)
 .ARM.attributes
                0x0000000000000515       0x34 c:/st/stm32cubeide_1.0.2/stm32cubeide/plugins/com.st.stm32cube.ide.mcu.externaltools.gnu-tools-for-stm32.7-2018-q2-update.win32_1.0.0.201904181610/tools/bin/../lib/gcc/arm-none-eabi/7.3.1/../../../../arm-none-eabi/lib/thumb/v7e-m/fpv4-sp/hard\libstdc++_nano.a(new_handler.o)
 .ARM.attributes
                0x0000000000000549       0x34 c:/st/stm32cubeide_1.0.2/stm32cubeide/plugins/com.st.stm32cube.ide.mcu.externaltools.gnu-tools-for-stm32.7-2018-q2-update.win32_1.0.0.201904181610/tools/bin/../lib/gcc/arm-none-eabi/7.3.1/../../../../arm-none-eabi/lib/thumb/v7e-m/fpv4-sp/hard\libstdc++_nano.a(del_op.o)
 .ARM.attributes
                0x000000000000057d       0x34 c:/st/stm32cubeide_1.0.2/stm32cubeide/plugins/com.st.stm32cube.ide.mcu.externaltools.gnu-tools-for-stm32.7-2018-q2-update.win32_1.0.0.201904181610/tools/bin/../lib/gcc/arm-none-eabi/7.3.1/../../../../arm-none-eabi/lib/thumb/v7e-m/fpv4-sp/hard\libstdc++_nano.a(eh_terminate.o)
 .ARM.attributes
                0x00000000000005b1       0x34 c:/st/stm32cubeide_1.0.2/stm32cubeide/plugins/com.st.stm32cube.ide.mcu.externaltools.gnu-tools-for-stm32.7-2018-q2-update.win32_1.0.0.201904181610/tools/bin/../lib/gcc/arm-none-eabi/7.3.1/../../../../arm-none-eabi/lib/thumb/v7e-m/fpv4-sp/hard\libstdc++_nano.a(functexcept.o)
 .ARM.attributes
                0x00000000000005e5       0x34 c:/st/stm32cubeide_1.0.2/stm32cubeide/plugins/com.st.stm32cube.ide.mcu.externaltools.gnu-tools-for-stm32.7-2018-q2-update.win32_1.0.0.201904181610/tools/bin/../lib/gcc/arm-none-eabi/7.3.1/../../../../arm-none-eabi/lib/thumb/v7e-m/fpv4-sp/hard\libstdc++_nano.a(eh_term_handler.o)
 .ARM.attributes
                0x0000000000000619       0x34 c:/st/stm32cubeide_1.0.2/stm32cubeide/plugins/com.st.stm32cube.ide.mcu.externaltools.gnu-tools-for-stm32.7-2018-q2-update.win32_1.0.0.201904181610/tools/bin/../lib/gcc/arm-none-eabi/7.3.1/../../../../arm-none-eabi/lib/thumb/v7e-m/fpv4-sp/hard\libc_nano.a(lib_a-abort.o)
 .ARM.attributes
                0x000000000000064d       0x34 c:/st/stm32cubeide_1.0.2/stm32cubeide/plugins/com.st.stm32cube.ide.mcu.externaltools.gnu-tools-for-stm32.7-2018-q2-update.win32_1.0.0.201904181610/tools/bin/../lib/gcc/arm-none-eabi/7.3.1/../../../../arm-none-eabi/lib/thumb/v7e-m/fpv4-sp/hard\libc_nano.a(lib_a-errno.o)
 .ARM.attributes
                0x0000000000000681       0x34 c:/st/stm32cubeide_1.0.2/stm32cubeide/plugins/com.st.stm32cube.ide.mcu.externaltools.gnu-tools-for-stm32.7-2018-q2-update.win32_1.0.0.201904181610/tools/bin/../lib/gcc/arm-none-eabi/7.3.1/../../../../arm-none-eabi/lib/thumb/v7e-m/fpv4-sp/hard\libc_nano.a(lib_a-impure.o)
 .ARM.attributes
                0x00000000000006b5       0x34 c:/st/stm32cubeide_1.0.2/stm32cubeide/plugins/com.st.stm32cube.ide.mcu.externaltools.gnu-tools-for-stm32.7-2018-q2-update.win32_1.0.0.201904181610/tools/bin/../lib/gcc/arm-none-eabi/7.3.1/../../../../arm-none-eabi/lib/thumb/v7e-m/fpv4-sp/hard\libc_nano.a(lib_a-init.o)
 .ARM.attributes
                0x00000000000006e9       0x34 c:/st/stm32cubeide_1.0.2/stm32cubeide/plugins/com.st.stm32cube.ide.mcu.externaltools.gnu-tools-for-stm32.7-2018-q2-update.win32_1.0.0.201904181610/tools/bin/../lib/gcc/arm-none-eabi/7.3.1/../../../../arm-none-eabi/lib/thumb/v7e-m/fpv4-sp/hard\libc_nano.a(lib_a-malloc.o)
 .ARM.attributes
                0x000000000000071d       0x34 c:/st/stm32cubeide_1.0.2/stm32cubeide/plugins/com.st.stm32cube.ide.mcu.externaltools.gnu-tools-for-stm32.7-2018-q2-update.win32_1.0.0.201904181610/tools/bin/../lib/gcc/arm-none-eabi/7.3.1/../../../../arm-none-eabi/lib/thumb/v7e-m/fpv4-sp/hard\libc_nano.a(lib_a-memcpy-stub.o)
 .ARM.attributes
                0x0000000000000751       0x34 c:/st/stm32cubeide_1.0.2/stm32cubeide/plugins/com.st.stm32cube.ide.mcu.externaltools.gnu-tools-for-stm32.7-2018-q2-update.win32_1.0.0.201904181610/tools/bin/../lib/gcc/arm-none-eabi/7.3.1/../../../../arm-none-eabi/lib/thumb/v7e-m/fpv4-sp/hard\libc_nano.a(lib_a-memmove.o)
 .ARM.attributes
                0x0000000000000785       0x34 c:/st/stm32cubeide_1.0.2/stm32cubeide/plugins/com.st.stm32cube.ide.mcu.externaltools.gnu-tools-for-stm32.7-2018-q2-update.win32_1.0.0.201904181610/tools/bin/../lib/gcc/arm-none-eabi/7.3.1/../../../../arm-none-eabi/lib/thumb/v7e-m/fpv4-sp/hard\libc_nano.a(lib_a-memset.o)
 .ARM.attributes
                0x00000000000007b9       0x34 c:/st/stm32cubeide_1.0.2/stm32cubeide/plugins/com.st.stm32cube.ide.mcu.externaltools.gnu-tools-for-stm32.7-2018-q2-update.win32_1.0.0.201904181610/tools/bin/../lib/gcc/arm-none-eabi/7.3.1/../../../../arm-none-eabi/lib/thumb/v7e-m/fpv4-sp/hard\libc_nano.a(lib_a-nano-freer.o)
 .ARM.attributes
                0x00000000000007ed       0x34 c:/st/stm32cubeide_1.0.2/stm32cubeide/plugins/com.st.stm32cube.ide.mcu.externaltools.gnu-tools-for-stm32.7-2018-q2-update.win32_1.0.0.201904181610/tools/bin/../lib/gcc/arm-none-eabi/7.3.1/../../../../arm-none-eabi/lib/thumb/v7e-m/fpv4-sp/hard\libc_nano.a(lib_a-nano-mallocr.o)
 .ARM.attributes
                0x0000000000000821       0x34 c:/st/stm32cubeide_1.0.2/stm32cubeide/plugins/com.st.stm32cube.ide.mcu.externaltools.gnu-tools-for-stm32.7-2018-q2-update.win32_1.0.0.201904181610/tools/bin/../lib/gcc/arm-none-eabi/7.3.1/../../../../arm-none-eabi/lib/thumb/v7e-m/fpv4-sp/hard\libc_nano.a(lib_a-sbrkr.o)
 .ARM.attributes
                0x0000000000000855       0x34 c:/st/stm32cubeide_1.0.2/stm32cubeide/plugins/com.st.stm32cube.ide.mcu.externaltools.gnu-tools-for-stm32.7-2018-q2-update.win32_1.0.0.201904181610/tools/bin/../lib/gcc/arm-none-eabi/7.3.1/../../../../arm-none-eabi/lib/thumb/v7e-m/fpv4-sp/hard\libc_nano.a(lib_a-signal.o)
 .ARM.attributes
                0x0000000000000889       0x34 c:/st/stm32cubeide_1.0.2/stm32cubeide/plugins/com.st.stm32cube.ide.mcu.externaltools.gnu-tools-for-stm32.7-2018-q2-update.win32_1.0.0.201904181610/tools/bin/../lib/gcc/arm-none-eabi/7.3.1/../../../../arm-none-eabi/lib/thumb/v7e-m/fpv4-sp/hard\libc_nano.a(lib_a-signalr.o)
 .ARM.attributes
                0x00000000000008bd       0x34 c:/st/stm32cubeide_1.0.2/stm32cubeide/plugins/com.st.stm32cube.ide.mcu.externaltools.gnu-tools-for-stm32.7-2018-q2-update.win32_1.0.0.201904181610/tools/bin/../lib/gcc/arm-none-eabi/7.3.1/../../../../arm-none-eabi/lib/thumb/v7e-m/fpv4-sp/hard\libc_nano.a(lib_a-mlock.o)
 .ARM.attributes
                0x00000000000008f1       0x34 c:/st/stm32cubeide_1.0.2/stm32cubeide/plugins/com.st.stm32cube.ide.mcu.externaltools.gnu-tools-for-stm32.7-2018-q2-update.win32_1.0.0.201904181610/tools/bin/../lib/gcc/arm-none-eabi/7.3.1/../../../../arm-none-eabi/lib/thumb/v7e-m/fpv4-sp/hard\libc_nano.a(lib_a-reent.o)
 .ARM.attributes
                0x0000000000000925       0x22 c:/st/stm32cubeide_1.0.2/stm32cubeide/plugins/com.st.stm32cube.ide.mcu.externaltools.gnu-tools-for-stm32.7-2018-q2-update.win32_1.0.0.201904181610/tools/bin/../lib/gcc/arm-none-eabi/7.3.1/thumb/v7e-m/fpv4-sp/hard\libgcc.a(_aeabi_uldivmod.o)
 .ARM.attributes
                0x0000000000000947       0x34 c:/st/stm32cubeide_1.0.2/stm32cubeide/plugins/com.st.stm32cube.ide.mcu.externaltools.gnu-tools-for-stm32.7-2018-q2-update.win32_1.0.0.201904181610/tools/bin/../lib/gcc/arm-none-eabi/7.3.1/thumb/v7e-m/fpv4-sp/hard\libgcc.a(_udivmoddi4.o)
 .ARM.attributes
                0x000000000000097b       0x22 c:/st/stm32cubeide_1.0.2/stm32cubeide/plugins/com.st.stm32cube.ide.mcu.externaltools.gnu-tools-for-stm32.7-2018-q2-update.win32_1.0.0.201904181610/tools/bin/../lib/gcc/arm-none-eabi/7.3.1/thumb/v7e-m/fpv4-sp/hard\libgcc.a(_dvmd_tls.o)
 .ARM.attributes
                0x000000000000099d       0x22 c:/st/stm32cubeide_1.0.2/stm32cubeide/plugins/com.st.stm32cube.ide.mcu.externaltools.gnu-tools-for-stm32.7-2018-q2-update.win32_1.0.0.201904181610/tools/bin/../lib/gcc/arm-none-eabi/7.3.1/thumb/v7e-m/fpv4-sp/hard/crtn.o
OUTPUT(PTM_Projekt.elf elf32-littlearm)

.debug_info     0x0000000000000000    0x145db
 .debug_info    0x0000000000000000      0x945 Drivers/STM32F4xx_HAL_Driver/Src/stm32f4xx_hal.o
 .debug_info    0x0000000000000945      0xcee Drivers/STM32F4xx_HAL_Driver/Src/stm32f4xx_hal_adc.o
 .debug_info    0x0000000000001633      0xe28 Drivers/STM32F4xx_HAL_Driver/Src/stm32f4xx_hal_cortex.o
 .debug_info    0x000000000000245b      0x7b5 Drivers/STM32F4xx_HAL_Driver/Src/stm32f4xx_hal_gpio.o
 .debug_info    0x0000000000002c10      0x904 Drivers/STM32F4xx_HAL_Driver/Src/stm32f4xx_hal_rcc.o
 .debug_info    0x0000000000003514     0x163a Drivers/STM32F4xx_HAL_Driver/Src/stm32f4xx_hal_spi.o
 .debug_info    0x0000000000004b4e      0xa45 Src/adc.o
 .debug_info    0x0000000000005593     0x4be1 Src/gameClasses.o
 .debug_info    0x000000000000a174      0x4e4 Src/gpio.o
 .debug_info    0x000000000000a658      0xecd Src/joystick.o
 .debug_info    0x000000000000b525     0x3ef5 Src/main.o
 .debug_info    0x000000000000f41a     0x2533 Src/screen.o
 .debug_info    0x000000000001194d      0x9d3 Src/spi.o
 .debug_info    0x0000000000012320      0x362 Src/stm32f4xx_hal_msp.o
 .debug_info    0x0000000000012682      0x20a Src/stm32f4xx_it.o
 .debug_info    0x000000000001288c      0xebd Src/syscalls.o
 .debug_info    0x0000000000013749      0x91c Src/sysmem.o
 .debug_info    0x0000000000014065      0x554 Src/system_stm32f4xx.o
 .debug_info    0x00000000000145b9       0x22 Startup/startup_stm32f407vgtx.o

.debug_abbrev   0x0000000000000000     0x3088
 .debug_abbrev  0x0000000000000000      0x1c7 Drivers/STM32F4xx_HAL_Driver/Src/stm32f4xx_hal.o
 .debug_abbrev  0x00000000000001c7      0x205 Drivers/STM32F4xx_HAL_Driver/Src/stm32f4xx_hal_adc.o
 .debug_abbrev  0x00000000000003cc      0x2fa Drivers/STM32F4xx_HAL_Driver/Src/stm32f4xx_hal_cortex.o
 .debug_abbrev  0x00000000000006c6      0x1c9 Drivers/STM32F4xx_HAL_Driver/Src/stm32f4xx_hal_gpio.o
 .debug_abbrev  0x000000000000088f      0x245 Drivers/STM32F4xx_HAL_Driver/Src/stm32f4xx_hal_rcc.o
 .debug_abbrev  0x0000000000000ad4      0x240 Drivers/STM32F4xx_HAL_Driver/Src/stm32f4xx_hal_spi.o
 .debug_abbrev  0x0000000000000d14      0x199 Src/adc.o
 .debug_abbrev  0x0000000000000ead      0x748 Src/gameClasses.o
 .debug_abbrev  0x00000000000015f5      0x134 Src/gpio.o
 .debug_abbrev  0x0000000000001729      0x382 Src/joystick.o
 .debug_abbrev  0x0000000000001aab      0x7ec Src/main.o
 .debug_abbrev  0x0000000000002297      0x530 Src/screen.o
 .debug_abbrev  0x00000000000027c7      0x199 Src/spi.o
 .debug_abbrev  0x0000000000002960      0x109 Src/stm32f4xx_hal_msp.o
 .debug_abbrev  0x0000000000002a69       0xc6 Src/stm32f4xx_it.o
 .debug_abbrev  0x0000000000002b2f      0x261 Src/syscalls.o
 .debug_abbrev  0x0000000000002d90      0x1bb Src/sysmem.o
 .debug_abbrev  0x0000000000002f4b      0x12b Src/system_stm32f4xx.o
 .debug_abbrev  0x0000000000003076       0x12 Startup/startup_stm32f407vgtx.o

.debug_aranges  0x0000000000000000      0xd68
 .debug_aranges
                0x0000000000000000       0xf0 Drivers/STM32F4xx_HAL_Driver/Src/stm32f4xx_hal.o
 .debug_aranges
                0x00000000000000f0       0xe8 Drivers/STM32F4xx_HAL_Driver/Src/stm32f4xx_hal_adc.o
 .debug_aranges
                0x00000000000001d8      0x118 Drivers/STM32F4xx_HAL_Driver/Src/stm32f4xx_hal_cortex.o
 .debug_aranges
                0x00000000000002f0       0x58 Drivers/STM32F4xx_HAL_Driver/Src/stm32f4xx_hal_gpio.o
 .debug_aranges
                0x0000000000000348       0x88 Drivers/STM32F4xx_HAL_Driver/Src/stm32f4xx_hal_rcc.o
 .debug_aranges
                0x00000000000003d0      0x1d0 Drivers/STM32F4xx_HAL_Driver/Src/stm32f4xx_hal_spi.o
 .debug_aranges
                0x00000000000005a0       0x38 Src/adc.o
 .debug_aranges
                0x00000000000005d8      0x340 Src/gameClasses.o
 .debug_aranges
                0x0000000000000918       0x20 Src/gpio.o
 .debug_aranges
                0x0000000000000938       0x20 Src/joystick.o
 .debug_aranges
                0x0000000000000958      0x208 Src/main.o
 .debug_aranges
                0x0000000000000b60       0x40 Src/screen.o
 .debug_aranges
                0x0000000000000ba0       0x30 Src/spi.o
 .debug_aranges
                0x0000000000000bd0       0x20 Src/stm32f4xx_hal_msp.o
 .debug_aranges
                0x0000000000000bf0       0x60 Src/stm32f4xx_it.o
 .debug_aranges
                0x0000000000000c50       0xa8 Src/syscalls.o
 .debug_aranges
                0x0000000000000cf8       0x20 Src/sysmem.o
 .debug_aranges
                0x0000000000000d18       0x28 Src/system_stm32f4xx.o
 .debug_aranges
                0x0000000000000d40       0x28 Startup/startup_stm32f407vgtx.o

.debug_ranges   0x0000000000000000      0xc40
 .debug_ranges  0x0000000000000000       0xe0 Drivers/STM32F4xx_HAL_Driver/Src/stm32f4xx_hal.o
 .debug_ranges  0x00000000000000e0       0xd8 Drivers/STM32F4xx_HAL_Driver/Src/stm32f4xx_hal_adc.o
 .debug_ranges  0x00000000000001b8      0x108 Drivers/STM32F4xx_HAL_Driver/Src/stm32f4xx_hal_cortex.o
 .debug_ranges  0x00000000000002c0       0x48 Drivers/STM32F4xx_HAL_Driver/Src/stm32f4xx_hal_gpio.o
 .debug_ranges  0x0000000000000308       0x78 Drivers/STM32F4xx_HAL_Driver/Src/stm32f4xx_hal_rcc.o
 .debug_ranges  0x0000000000000380      0x1c0 Drivers/STM32F4xx_HAL_Driver/Src/stm32f4xx_hal_spi.o
 .debug_ranges  0x0000000000000540       0x28 Src/adc.o
 .debug_ranges  0x0000000000000568      0x330 Src/gameClasses.o
 .debug_ranges  0x0000000000000898       0x10 Src/gpio.o
 .debug_ranges  0x00000000000008a8       0x10 Src/joystick.o
 .debug_ranges  0x00000000000008b8      0x1f8 Src/main.o
 .debug_ranges  0x0000000000000ab0       0x30 Src/screen.o
 .debug_ranges  0x0000000000000ae0       0x20 Src/spi.o
 .debug_ranges  0x0000000000000b00       0x10 Src/stm32f4xx_hal_msp.o
 .debug_ranges  0x0000000000000b10       0x50 Src/stm32f4xx_it.o
 .debug_ranges  0x0000000000000b60       0x98 Src/syscalls.o
 .debug_ranges  0x0000000000000bf8       0x10 Src/sysmem.o
 .debug_ranges  0x0000000000000c08       0x18 Src/system_stm32f4xx.o
 .debug_ranges  0x0000000000000c20       0x20 Startup/startup_stm32f407vgtx.o

.debug_macro    0x0000000000000000    0x248b6
 .debug_macro   0x0000000000000000      0x233 Drivers/STM32F4xx_HAL_Driver/Src/stm32f4xx_hal.o
 .debug_macro   0x0000000000000233      0xa5a Drivers/STM32F4xx_HAL_Driver/Src/stm32f4xx_hal.o
 .debug_macro   0x0000000000000c8d      0x18a Drivers/STM32F4xx_HAL_Driver/Src/stm32f4xx_hal.o
 .debug_macro   0x0000000000000e17       0x32 Drivers/STM32F4xx_HAL_Driver/Src/stm32f4xx_hal.o
 .debug_macro   0x0000000000000e49       0x2f Drivers/STM32F4xx_HAL_Driver/Src/stm32f4xx_hal.o
 .debug_macro   0x0000000000000e78       0x22 Drivers/STM32F4xx_HAL_Driver/Src/stm32f4xx_hal.o
 .debug_macro   0x0000000000000e9a       0x8e Drivers/STM32F4xx_HAL_Driver/Src/stm32f4xx_hal.o
 .debug_macro   0x0000000000000f28       0x51 Drivers/STM32F4xx_HAL_Driver/Src/stm32f4xx_hal.o
 .debug_macro   0x0000000000000f79       0xef Drivers/STM32F4xx_HAL_Driver/Src/stm32f4xx_hal.o
 .debug_macro   0x0000000000001068       0x6a Drivers/STM32F4xx_HAL_Driver/Src/stm32f4xx_hal.o
 .debug_macro   0x00000000000010d2      0x1df Drivers/STM32F4xx_HAL_Driver/Src/stm32f4xx_hal.o
 .debug_macro   0x00000000000012b1       0x1c Drivers/STM32F4xx_HAL_Driver/Src/stm32f4xx_hal.o
 .debug_macro   0x00000000000012cd       0x22 Drivers/STM32F4xx_HAL_Driver/Src/stm32f4xx_hal.o
 .debug_macro   0x00000000000012ef       0xdf Drivers/STM32F4xx_HAL_Driver/Src/stm32f4xx_hal.o
 .debug_macro   0x00000000000013ce     0x102d Drivers/STM32F4xx_HAL_Driver/Src/stm32f4xx_hal.o
 .debug_macro   0x00000000000023fb      0x11f Drivers/STM32F4xx_HAL_Driver/Src/stm32f4xx_hal.o
 .debug_macro   0x000000000000251a    0x15e3c Drivers/STM32F4xx_HAL_Driver/Src/stm32f4xx_hal.o
 .debug_macro   0x0000000000018356       0x43 Drivers/STM32F4xx_HAL_Driver/Src/stm32f4xx_hal.o
 .debug_macro   0x0000000000018399     0x3652 Drivers/STM32F4xx_HAL_Driver/Src/stm32f4xx_hal.o
 .debug_macro   0x000000000001b9eb      0x174 Drivers/STM32F4xx_HAL_Driver/Src/stm32f4xx_hal.o
 .debug_macro   0x000000000001bb5f       0x5a Drivers/STM32F4xx_HAL_Driver/Src/stm32f4xx_hal.o
 .debug_macro   0x000000000001bbb9      0x96b Drivers/STM32F4xx_HAL_Driver/Src/stm32f4xx_hal.o
 .debug_macro   0x000000000001c524      0x9fe Drivers/STM32F4xx_HAL_Driver/Src/stm32f4xx_hal.o
 .debug_macro   0x000000000001cf22      0x174 Drivers/STM32F4xx_HAL_Driver/Src/stm32f4xx_hal.o
 .debug_macro   0x000000000001d096      0x117 Drivers/STM32F4xx_HAL_Driver/Src/stm32f4xx_hal.o
 .debug_macro   0x000000000001d1ad      0x13e Drivers/STM32F4xx_HAL_Driver/Src/stm32f4xx_hal.o
 .debug_macro   0x000000000001d2eb       0x27 Drivers/STM32F4xx_HAL_Driver/Src/stm32f4xx_hal.o
 .debug_macro   0x000000000001d312      0x287 Drivers/STM32F4xx_HAL_Driver/Src/stm32f4xx_hal.o
 .debug_macro   0x000000000001d599       0x5f Drivers/STM32F4xx_HAL_Driver/Src/stm32f4xx_hal.o
 .debug_macro   0x000000000001d5f8      0x236 Drivers/STM32F4xx_HAL_Driver/Src/stm32f4xx_hal.o
 .debug_macro   0x000000000001d82e      0x391 Drivers/STM32F4xx_HAL_Driver/Src/stm32f4xx_hal.o
 .debug_macro   0x000000000001dbbf      0x176 Drivers/STM32F4xx_HAL_Driver/Src/stm32f4xx_hal.o
 .debug_macro   0x000000000001dd35       0xf9 Drivers/STM32F4xx_HAL_Driver/Src/stm32f4xx_hal.o
 .debug_macro   0x000000000001de2e      0x12c Drivers/STM32F4xx_HAL_Driver/Src/stm32f4xx_hal.o
 .debug_macro   0x000000000001df5a      0x21e Drivers/STM32F4xx_HAL_Driver/Src/stm32f4xx_hal.o
 .debug_macro   0x000000000001e178       0x2e Drivers/STM32F4xx_HAL_Driver/Src/stm32f4xx_hal.o
 .debug_macro   0x000000000001e1a6      0x11a Drivers/STM32F4xx_HAL_Driver/Src/stm32f4xx_hal.o