gthr-default.h:229:1:int __gthread_key_delete(__gthread_key_t)	16	static
display.c:3:6:void display_setup(display_config*)	24	static
display.c:48:6:void display_set_dxy(display_config*, display_direction, uint8_t, uint8_t)	16	static
display.c:62:6:void display_write_cmd(display_config*, uint8_t)	16	static
display.c:74:6:void display_write_data(display_config*, uint8_t)	16	static
display.c:87:6:void display_write_char(display_config*, char)	24	static
display.c:94:6:void display_rewrite_buffer(display_config*)	24	static
display.c:103:6:void display_clear_buffer(display_config*)	24	static
main.cpp:116:6:void setXY(Joystick, Player*)	24	static
main.cpp:130:6:void setSPI(int, int)	16	static
Level.hpp:11:7:Level::~Level()	16	static
Entity.hpp:5:7:constexpr Entity& Entity::operator=(const Entity&)	16	static
Player.hpp:5:7:constexpr Player& Player::operator=(const Player&)	16	static
main.cpp:164:5:int main()	384	static
main.cpp:359:6:void SystemClock_Config()	88	static
main.cpp:405:6:void Error_Handler()	4	static
stl_vector.h:433:7:std::vector<_Tp, _Alloc>::~vector() [with _Tp = Enemy; _Alloc = std::allocator<Enemy>]	24	static
stl_vector.h:433:7:std::vector<_Tp, _Alloc>::~vector() [with _Tp = Construction; _Alloc = std::allocator<Construction>]	24	static
stl_vector.h:670:7:std::vector<_Tp, _Alloc>::size_type std::vector<_Tp, _Alloc>::size() const [with _Tp = Enemy; _Alloc = std::allocator<Enemy>]	16	static
stl_vector.h:81:14:std::_Vector_base<Enemy, std::allocator<Enemy> >::_Vector_impl::~_Vector_impl()	16	static
stl_vector.h:161:7:std::_Vector_base<_Tp, _Alloc>::~_Vector_base() [with _Tp = Enemy; _Alloc = std::allocator<Enemy>]	16	static
stl_vector.h:115:7:std::_Vector_base<_Tp, _Alloc>::_Tp_alloc_type& std::_Vector_base<_Tp, _Alloc>::_M_get_Tp_allocator() [with _Tp = Enemy; _Alloc = std::allocator<Enemy>]	16	static
stl_construct.h:203:5:void std::_Destroy(_ForwardIterator, _ForwardIterator, std::allocator<_T2>&) [with _ForwardIterator = Enemy*; _Tp = Enemy]	24	static
stl_vector.h:81:14:std::_Vector_base<Construction, std::allocator<Construction> >::_Vector_impl::~_Vector_impl()	16	static
stl_vector.h:161:7:std::_Vector_base<_Tp, _Alloc>::~_Vector_base() [with _Tp = Construction; _Alloc = std::allocator<Construction>]	16	static
stl_vector.h:115:7:std::_Vector_base<_Tp, _Alloc>::_Tp_alloc_type& std::_Vector_base<_Tp, _Alloc>::_M_get_Tp_allocator() [with _Tp = Construction; _Alloc = std::allocator<Construction>]	16	static
stl_construct.h:203:5:void std::_Destroy(_ForwardIterator, _ForwardIterator, std::allocator<_T2>&) [with _ForwardIterator = Construction*; _Tp = Construction]	24	static
allocator.h:139:7:std::allocator< <template-parameter-1-1> >::~allocator() [with _Tp = Enemy]	16	static
stl_vector.h:176:7:void std::_Vector_base<_Tp, _Alloc>::_M_deallocate(std::_Vector_base<_Tp, _Alloc>::pointer, std::size_t) [with _Tp = Enemy; _Alloc = std::allocator<Enemy>]	24	static
stl_construct.h:127:5:void std::_Destroy(_ForwardIterator, _ForwardIterator) [with _ForwardIterator = Enemy*]	16	static
allocator.h:139:7:std::allocator< <template-parameter-1-1> >::~allocator() [with _Tp = Construction]	16	static
stl_vector.h:176:7:void std::_Vector_base<_Tp, _Alloc>::_M_deallocate(std::_Vector_base<_Tp, _Alloc>::pointer, std::size_t) [with _Tp = Construction; _Alloc = std::allocator<Construction>]	24	static
stl_construct.h:127:5:void std::_Destroy(_ForwardIterator, _ForwardIterator) [with _ForwardIterator = Construction*]	16	static
new_allocator.h:86:7:__gnu_cxx::new_allocator<_Tp>::~new_allocator() [with _Tp = Enemy]	16	static
alloc_traits.h:461:7:static void std::allocator_traits<std::allocator<_Tp1> >::deallocate(std::allocator_traits<std::allocator<_Tp1> >::allocator_type&, std::allocator_traits<std::allocator<_Tp1> >::pointer, std::allocator_traits<std::allocator<_Tp1> >::size_type) [with _Tp = Enemy]	24	static
move.h:47:5:constexpr _Tp* std::__addressof(_Tp&) [with _Tp = Enemy]	16	static
stl_construct.h:105:9:static void std::_Destroy_aux<<anonymous> >::__destroy(_ForwardIterator, _ForwardIterator) [with _ForwardIterator = Enemy*; bool <anonymous> = false]	16	static
new_allocator.h:86:7:__gnu_cxx::new_allocator<_Tp>::~new_allocator() [with _Tp = Construction]	16	static
alloc_traits.h:461:7:static void std::allocator_traits<std::allocator<_Tp1> >::deallocate(std::allocator_traits<std::allocator<_Tp1> >::allocator_type&, std::allocator_traits<std::allocator<_Tp1> >::pointer, std::allocator_traits<std::allocator<_Tp1> >::size_type) [with _Tp = Construction]	24	static
move.h:47:5:constexpr _Tp* std::__addressof(_Tp&) [with _Tp = Construction]	16	static
stl_construct.h:105:9:static void std::_Destroy_aux<<anonymous> >::__destroy(_ForwardIterator, _ForwardIterator) [with _ForwardIterator = Construction*; bool <anonymous> = false]	16	static
new_allocator.h:116:7:void __gnu_cxx::new_allocator<_Tp>::deallocate(__gnu_cxx::new_allocator<_Tp>::pointer, __gnu_cxx::new_allocator<_Tp>::size_type) [with _Tp = Enemy]	24	static
Enemy.hpp:6:7:Enemy::~Enemy()	16	static
stl_construct.h:97:5:void std::_Destroy(_Tp*) [with _Tp = Enemy]	16	static
new_allocator.h:116:7:void __gnu_cxx::new_allocator<_Tp>::deallocate(__gnu_cxx::new_allocator<_Tp>::pointer, __gnu_cxx::new_allocator<_Tp>::size_type) [with _Tp = Construction]	24	static
stl_construct.h:97:5:void std::_Destroy(_Tp*) [with _Tp = Construction]	16	static
stl_vector.h:433:7:std::vector<_Tp, _Alloc>::~vector() [with _Tp = std::pair<unsigned char, unsigned char>; _Alloc = std::allocator<std::pair<unsigned char, unsigned char> >]	24	static
stl_vector.h:81:14:std::_Vector_base<std::pair<unsigned char, unsigned char>, std::allocator<std::pair<unsigned char, unsigned char> > >::_Vector_impl::~_Vector_impl()	16	static
stl_vector.h:161:7:std::_Vector_base<_Tp, _Alloc>::~_Vector_base() [with _Tp = std::pair<unsigned char, unsigned char>; _Alloc = std::allocator<std::pair<unsigned char, unsigned char> >]	16	static
stl_vector.h:115:7:std::_Vector_base<_Tp, _Alloc>::_Tp_alloc_type& std::_Vector_base<_Tp, _Alloc>::_M_get_Tp_allocator() [with _Tp = std::pair<unsigned char, unsigned char>; _Alloc = std::allocator<std::pair<unsigned char, unsigned char> >]	16	static
stl_construct.h:203:5:void std::_Destroy(_ForwardIterator, _ForwardIterator, std::allocator<_T2>&) [with _ForwardIterator = std::pair<unsigned char, unsigned char>*; _Tp = std::pair<unsigned char, unsigned char>]	24	static
allocator.h:139:7:std::allocator< <template-parameter-1-1> >::~allocator() [with _Tp = std::pair<unsigned char, unsigned char>]	16	static
stl_vector.h:176:7:void std::_Vector_base<_Tp, _Alloc>::_M_deallocate(std::_Vector_base<_Tp, _Alloc>::pointer, std::size_t) [with _Tp = std::pair<unsigned char, unsigned char>; _Alloc = std::allocator<std::pair<unsigned char, unsigned char> >]	24	static
stl_construct.h:127:5:void std::_Destroy(_ForwardIterator, _ForwardIterator) [with _ForwardIterator = std::pair<unsigned char, unsigned char>*]	16	static
new_allocator.h:86:7:__gnu_cxx::new_allocator<_Tp>::~new_allocator() [with _Tp = std::pair<unsigned char, unsigned char>]	16	static
alloc_traits.h:461:7:static void std::allocator_traits<std::allocator<_Tp1> >::deallocate(std::allocator_traits<std::allocator<_Tp1> >::allocator_type&, std::allocator_traits<std::allocator<_Tp1> >::pointer, std::allocator_traits<std::allocator<_Tp1> >::size_type) [with _Tp = std::pair<unsigned char, unsigned char>]	24	static
stl_construct.h:117:9:static void std::_Destroy_aux<true>::__destroy(_ForwardIterator, _ForwardIterator) [with _ForwardIterator = std::pair<unsigned char, unsigned char>*]	16	static
new_allocator.h:116:7:void __gnu_cxx::new_allocator<_Tp>::deallocate(__gnu_cxx::new_allocator<_Tp>::pointer, __gnu_cxx::new_allocator<_Tp>::size_type) [with _Tp = std::pair<unsigned char, unsigned char>]	24	static
main.cpp:411:1:void __static_initialization_and_destruction_0(int, int)	16	static
main.cpp:411:1:cpp)	8	static
main.cpp:411:1:cpp)	8	static
